###############################################################################
#                                                                             #
# IAR ELF Linker V6.30.1.53127/W32 for ARM              11/Sep/2018  16:58:58 #
# Copyright 2007-2011 IAR Systems AB.                                         #
#                                                                             #
#    Output file  =  F:\工作\MTFS30\MTFS30_20180910_01 -                      #
#                    副本\MTFS30_20180820\SOFTWARE\Debug\Exe\Project.out      #
#    Map file     =  F:\工作\MTFS30\MTFS30_20180910_01 -                      #
#                    副本\MTFS30_20180820\SOFTWARE\Debug\List\Project.map     #
#    Command line =  "F:\工作\MTFS30\MTFS30_20180910_01 -                     #
#                    副本\MTFS30_20180820\SOFTWARE\Debug\Obj\ATT7053.o"       #
#                    "F:\工作\MTFS30\MTFS30_20180910_01 -                     #
#                    副本\MTFS30_20180820\SOFTWARE\Debug\Obj\Extent INT.o"    #
#                    "F:\工作\MTFS30\MTFS30_20180910_01 -                     #
#                    副本\MTFS30_20180820\SOFTWARE\Debug\Obj\I2C_DRV.o"       #
#                    "F:\工作\MTFS30\MTFS30_20180910_01 -                     #
#                    副本\MTFS30_20180820\SOFTWARE\Debug\Obj\PCF8563.o"       #
#                    "F:\工作\MTFS30\MTFS30_20180910_01 -                     #
#                    副本\MTFS30_20180820\SOFTWARE\Debug\Obj\Shell_main.o"    #
#                    "F:\工作\MTFS30\MTFS30_20180910_01 -                     #
#                    副本\MTFS30_20180820\SOFTWARE\Debug\Obj\W25X32.o"        #
#                    "F:\工作\MTFS30\MTFS30_20180910_01 -                     #
#                    副本\MTFS30_20180820\SOFTWARE\Debug\Obj\api_lib.o"       #
#                    "F:\工作\MTFS30\MTFS30_20180910_01 -                     #
#                    副本\MTFS30_20180820\SOFTWARE\Debug\Obj\api_msg.o"       #
#                    "F:\工作\MTFS30\MTFS30_20180910_01 -                     #
#                    副本\MTFS30_20180820\SOFTWARE\Debug\Obj\app_vect.o"      #
#                    "F:\工作\MTFS30\MTFS30_20180910_01 -                     #
#                    副本\MTFS30_20180820\SOFTWARE\Debug\Obj\autoip.o"        #
#                    "F:\工作\MTFS30\MTFS30_20180910_01 -                     #
#                    副本\MTFS30_20180820\SOFTWARE\Debug\Obj\bsp.o"           #
#                    "F:\工作\MTFS30\MTFS30_20180910_01 -                     #
#                    副本\MTFS30_20180820\SOFTWARE\Debug\Obj\bsp_eth.o"       #
#                    "F:\工作\MTFS30\MTFS30_20180910_01 -                     #
#                    副本\MTFS30_20180820\SOFTWARE\Debug\Obj\bsp_int.o"       #
#                    "F:\工作\MTFS30\MTFS30_20180910_01 -                     #
#                    副本\MTFS30_20180820\SOFTWARE\Debug\Obj\bsp_lib.o"       #
#                    "F:\工作\MTFS30\MTFS30_20180910_01 -                     #
#                    副本\MTFS30_20180820\SOFTWARE\Debug\Obj\bsp_periph.o"    #
#                    "F:\工作\MTFS30\MTFS30_20180910_01 -                     #
#                    副本\MTFS30_20180820\SOFTWARE\Debug\Obj\config.o"        #
#                    "F:\工作\MTFS30\MTFS30_20180910_01 -                     #
#                    副本\MTFS30_20180820\SOFTWARE\Debug\Obj\control.o"       #
#                    "F:\工作\MTFS30\MTFS30_20180910_01 -                     #
#                    副本\MTFS30_20180820\SOFTWARE\Debug\Obj\control_main.o"  #
#                    "F:\工作\MTFS30\MTFS30_20180910_01 -                     #
#                    副本\MTFS30_20180820\SOFTWARE\Debug\Obj\cpu_a.o"         #
#                    "F:\工作\MTFS30\MTFS30_20180910_01 -                     #
#                    副本\MTFS30_20180820\SOFTWARE\Debug\Obj\cpu_c.o"         #
#                    "F:\工作\MTFS30\MTFS30_20180910_01 -                     #
#                    副本\MTFS30_20180820\SOFTWARE\Debug\Obj\cpu_core.o"      #
#                    "F:\工作\MTFS30\MTFS30_20180910_01 -                     #
#                    副本\MTFS30_20180820\SOFTWARE\Debug\Obj\def.o"           #
#                    "F:\工作\MTFS30\MTFS30_20180910_01 -                     #
#                    副本\MTFS30_20180820\SOFTWARE\Debug\Obj\dev_usart.o"     #
#                    "F:\工作\MTFS30\MTFS30_20180910_01 -                     #
#                    副本\MTFS30_20180820\SOFTWARE\Debug\Obj\dhcp.o"          #
#                    "F:\工作\MTFS30\MTFS30_20180910_01 -                     #
#                    副本\MTFS30_20180820\SOFTWARE\Debug\Obj\dht11.o"         #
#                    "F:\工作\MTFS30\MTFS30_20180910_01 -                     #
#                    副本\MTFS30_20180820\SOFTWARE\Debug\Obj\dns.o"           #
#                    "F:\工作\MTFS30\MTFS30_20180910_01 -                     #
#                    副本\MTFS30_20180820\SOFTWARE\Debug\Obj\err.o"           #
#                    "F:\工作\MTFS30\MTFS30_20180910_01 -                     #
#                    副本\MTFS30_20180820\SOFTWARE\Debug\Obj\etharp.o"        #
#                    "F:\工作\MTFS30\MTFS30_20180910_01 -                     #
#                    副本\MTFS30_20180820\SOFTWARE\Debug\Obj\ethernetif.o"    #
#                    "F:\工作\MTFS30\MTFS30_20180910_01 -                     #
#                    副本\MTFS30_20180820\SOFTWARE\Debug\Obj\fs.o"            #
#                    "F:\工作\MTFS30\MTFS30_20180910_01 -                     #
#                    副本\MTFS30_20180820\SOFTWARE\Debug\Obj\gnss_handler.o"  #
#                    "F:\工作\MTFS30\MTFS30_20180910_01 -                     #
#                    副本\MTFS30_20180820\SOFTWARE\Debug\Obj\gnss_main.o"     #
#                    "F:\工作\MTFS30\MTFS30_20180910_01 -                     #
#                    副本\MTFS30_20180820\SOFTWARE\Debug\Obj\gnss_receiver.o" #
#                     "F:\工作\MTFS30\MTFS30_20180910_01 -                    #
#                    副本\MTFS30_20180820\SOFTWARE\Debug\Obj\httpd.o"         #
#                    "F:\工作\MTFS30\MTFS30_20180910_01 -                     #
#                    副本\MTFS30_20180820\SOFTWARE\Debug\Obj\icmp.o"          #
#                    "F:\工作\MTFS30\MTFS30_20180910_01 -                     #
#                    副本\MTFS30_20180820\SOFTWARE\Debug\Obj\igmp.o"          #
#                    "F:\工作\MTFS30\MTFS30_20180910_01 -                     #
#                    副本\MTFS30_20180820\SOFTWARE\Debug\Obj\inet.o"          #
#                    "F:\工作\MTFS30\MTFS30_20180910_01 -                     #
#                    副本\MTFS30_20180820\SOFTWARE\Debug\Obj\inet_chksum.o"   #
#                    "F:\工作\MTFS30\MTFS30_20180910_01 -                     #
#                    副本\MTFS30_20180820\SOFTWARE\Debug\Obj\init.o"          #
#                    "F:\工作\MTFS30\MTFS30_20180910_01 -                     #
#                    副本\MTFS30_20180820\SOFTWARE\Debug\Obj\ip.o"            #
#                    "F:\工作\MTFS30\MTFS30_20180910_01 -                     #
#                    副本\MTFS30_20180820\SOFTWARE\Debug\Obj\ip_addr.o"       #
#                    "F:\工作\MTFS30\MTFS30_20180910_01 -                     #
#                    副本\MTFS30_20180820\SOFTWARE\Debug\Obj\ip_frag.o"       #
#                    "F:\工作\MTFS30\MTFS30_20180910_01 -                     #
#                    副本\MTFS30_20180820\SOFTWARE\Debug\Obj\lib_ascii.o"     #
#                    "F:\工作\MTFS30\MTFS30_20180910_01 -                     #
#                    副本\MTFS30_20180820\SOFTWARE\Debug\Obj\lib_math.o"      #
#                    "F:\工作\MTFS30\MTFS30_20180910_01 -                     #
#                    副本\MTFS30_20180820\SOFTWARE\Debug\Obj\lib_mem.o"       #
#                    "F:\工作\MTFS30\MTFS30_20180910_01 -                     #
#                    副本\MTFS30_20180820\SOFTWARE\Debug\Obj\lib_str.o"       #
#                    "F:\工作\MTFS30\MTFS30_20180910_01 -                     #
#                    副本\MTFS30_20180820\SOFTWARE\Debug\Obj\loopif.o"        #
#                    "F:\工作\MTFS30\MTFS30_20180910_01 -                     #
#                    副本\MTFS30_20180820\SOFTWARE\Debug\Obj\lwip.o"          #
#                    "F:\工作\MTFS30\MTFS30_20180910_01 -                     #
#                    副本\MTFS30_20180820\SOFTWARE\Debug\Obj\memp.o"          #
#                    "F:\工作\MTFS30\MTFS30_20180910_01 -                     #
#                    副本\MTFS30_20180820\SOFTWARE\Debug\Obj\misc.o"          #
#                    "F:\工作\MTFS30\MTFS30_20180910_01 -                     #
#                    副本\MTFS30_20180820\SOFTWARE\Debug\Obj\mtfs30.o"        #
#                    "F:\工作\MTFS30\MTFS30_20180910_01 -                     #
#                    副本\MTFS30_20180820\SOFTWARE\Debug\Obj\mtfs30_debug.o"  #
#                    "F:\工作\MTFS30\MTFS30_20180910_01 -                     #
#                    副本\MTFS30_20180820\SOFTWARE\Debug\Obj\mtfs30_net_debug #
#                    .o" "F:\工作\MTFS30\MTFS30_20180910_01 -                 #
#                    副本\MTFS30_20180820\SOFTWARE\Debug\Obj\netbuf.o"        #
#                    "F:\工作\MTFS30\MTFS30_20180910_01 -                     #
#                    副本\MTFS30_20180820\SOFTWARE\Debug\Obj\netdb.o"         #
#                    "F:\工作\MTFS30\MTFS30_20180910_01 -                     #
#                    副本\MTFS30_20180820\SOFTWARE\Debug\Obj\netif.o"         #
#                    "F:\工作\MTFS30\MTFS30_20180910_01 -                     #
#                    副本\MTFS30_20180820\SOFTWARE\Debug\Obj\netifapi.o"      #
#                    "F:\工作\MTFS30\MTFS30_20180910_01 -                     #
#                    副本\MTFS30_20180820\SOFTWARE\Debug\Obj\os_app_hooks.o"  #
#                    "F:\工作\MTFS30\MTFS30_20180910_01 -                     #
#                    副本\MTFS30_20180820\SOFTWARE\Debug\Obj\os_cfg_app.o"    #
#                    "F:\工作\MTFS30\MTFS30_20180910_01 -                     #
#                    副本\MTFS30_20180820\SOFTWARE\Debug\Obj\os_core.o"       #
#                    "F:\工作\MTFS30\MTFS30_20180910_01 -                     #
#                    副本\MTFS30_20180820\SOFTWARE\Debug\Obj\os_cpu_a.o"      #
#                    "F:\工作\MTFS30\MTFS30_20180910_01 -                     #
#                    副本\MTFS30_20180820\SOFTWARE\Debug\Obj\os_cpu_c.o"      #
#                    "F:\工作\MTFS30\MTFS30_20180910_01 -                     #
#                    副本\MTFS30_20180820\SOFTWARE\Debug\Obj\os_dbg.o"        #
#                    "F:\工作\MTFS30\MTFS30_20180910_01 -                     #
#                    副本\MTFS30_20180820\SOFTWARE\Debug\Obj\os_flag.o"       #
#                    "F:\工作\MTFS30\MTFS30_20180910_01 -                     #
#                    副本\MTFS30_20180820\SOFTWARE\Debug\Obj\os_int.o"        #
#                    "F:\工作\MTFS30\MTFS30_20180910_01 -                     #
#                    副本\MTFS30_20180820\SOFTWARE\Debug\Obj\os_mem.o"        #
#                    "F:\工作\MTFS30\MTFS30_20180910_01 -                     #
#                    副本\MTFS30_20180820\SOFTWARE\Debug\Obj\os_msg.o"        #
#                    "F:\工作\MTFS30\MTFS30_20180910_01 -                     #
#                    副本\MTFS30_20180820\SOFTWARE\Debug\Obj\os_mutex.o"      #
#                    "F:\工作\MTFS30\MTFS30_20180910_01 -                     #
#                    副本\MTFS30_20180820\SOFTWARE\Debug\Obj\os_pend_multi.o" #
#                     "F:\工作\MTFS30\MTFS30_20180910_01 -                    #
#                    副本\MTFS30_20180820\SOFTWARE\Debug\Obj\os_prio.o"       #
#                    "F:\工作\MTFS30\MTFS30_20180910_01 -                     #
#                    副本\MTFS30_20180820\SOFTWARE\Debug\Obj\os_q.o"          #
#                    "F:\工作\MTFS30\MTFS30_20180910_01 -                     #
#                    副本\MTFS30_20180820\SOFTWARE\Debug\Obj\os_sem.o"        #
#                    "F:\工作\MTFS30\MTFS30_20180910_01 -                     #
#                    副本\MTFS30_20180820\SOFTWARE\Debug\Obj\os_stat.o"       #
#                    "F:\工作\MTFS30\MTFS30_20180910_01 -                     #
#                    副本\MTFS30_20180820\SOFTWARE\Debug\Obj\os_task.o"       #
#                    "F:\工作\MTFS30\MTFS30_20180910_01 -                     #
#                    副本\MTFS30_20180820\SOFTWARE\Debug\Obj\os_tick.o"       #
#                    "F:\工作\MTFS30\MTFS30_20180910_01 -                     #
#                    副本\MTFS30_20180820\SOFTWARE\Debug\Obj\os_time.o"       #
#                    "F:\工作\MTFS30\MTFS30_20180910_01 -                     #
#                    副本\MTFS30_20180820\SOFTWARE\Debug\Obj\os_tmr.o"        #
#                    "F:\工作\MTFS30\MTFS30_20180910_01 -                     #
#                    副本\MTFS30_20180820\SOFTWARE\Debug\Obj\os_var.o"        #
#                    "F:\工作\MTFS30\MTFS30_20180910_01 -                     #
#                    副本\MTFS30_20180820\SOFTWARE\Debug\Obj\pbuf.o"          #
#                    "F:\工作\MTFS30\MTFS30_20180910_01 -                     #
#                    副本\MTFS30_20180820\SOFTWARE\Debug\Obj\raw.o"           #
#                    "F:\工作\MTFS30\MTFS30_20180910_01 -                     #
#                    副本\MTFS30_20180820\SOFTWARE\Debug\Obj\sensor_main.o"   #
#                    "F:\工作\MTFS30\MTFS30_20180910_01 -                     #
#                    副本\MTFS30_20180820\SOFTWARE\Debug\Obj\serial.o"        #
#                    "F:\工作\MTFS30\MTFS30_20180910_01 -                     #
#                    副本\MTFS30_20180820\SOFTWARE\Debug\Obj\slipif.o"        #
#                    "F:\工作\MTFS30\MTFS30_20180910_01 -                     #
#                    副本\MTFS30_20180820\SOFTWARE\Debug\Obj\snmp_SNMP.o"     #
#                    "F:\工作\MTFS30\MTFS30_20180910_01 -                     #
#                    副本\MTFS30_20180820\SOFTWARE\Debug\Obj\snmp_flash.o"    #
#                    "F:\工作\MTFS30\MTFS30_20180910_01 -                     #
#                    副本\MTFS30_20180820\SOFTWARE\Debug\Obj\snmp_main.o"     #
#                    "F:\工作\MTFS30\MTFS30_20180910_01 -                     #
#                    副本\MTFS30_20180820\SOFTWARE\Debug\Obj\snmp_mib.o"      #
#                    "F:\工作\MTFS30\MTFS30_20180910_01 -                     #
#                    副本\MTFS30_20180820\SOFTWARE\Debug\Obj\snmp_snmpAgent.o #
#                    " "F:\工作\MTFS30\MTFS30_20180910_01 -                   #
#                    副本\MTFS30_20180820\SOFTWARE\Debug\Obj\snmp_snmpInit.o" #
#                     "F:\工作\MTFS30\MTFS30_20180910_01 -                    #
#                    副本\MTFS30_20180820\SOFTWARE\Debug\Obj\snmp_snmpRefresh #
#                    .o" "F:\工作\MTFS30\MTFS30_20180910_01 -                 #
#                    副本\MTFS30_20180820\SOFTWARE\Debug\Obj\sntp.o"          #
#                    "F:\工作\MTFS30\MTFS30_20180910_01 -                     #
#                    副本\MTFS30_20180820\SOFTWARE\Debug\Obj\sntp_main.o"     #
#                    "F:\工作\MTFS30\MTFS30_20180910_01 -                     #
#                    副本\MTFS30_20180820\SOFTWARE\Debug\Obj\sockets.o"       #
#                    "F:\工作\MTFS30\MTFS30_20180910_01 -                     #
#                    副本\MTFS30_20180820\SOFTWARE\Debug\Obj\stats.o"         #
#                    "F:\工作\MTFS30\MTFS30_20180910_01 -                     #
#                    副本\MTFS30_20180820\SOFTWARE\Debug\Obj\stm32f4x7_eth.o" #
#                     "F:\工作\MTFS30\MTFS30_20180910_01 -                    #
#                    副本\MTFS30_20180820\SOFTWARE\Debug\Obj\stm32f4xx_adc.o" #
#                     "F:\工作\MTFS30\MTFS30_20180910_01 -                    #
#                    副本\MTFS30_20180820\SOFTWARE\Debug\Obj\stm32f4xx_can.o" #
#                     "F:\工作\MTFS30\MTFS30_20180910_01 -                    #
#                    副本\MTFS30_20180820\SOFTWARE\Debug\Obj\stm32f4xx_crc.o" #
#                     "F:\工作\MTFS30\MTFS30_20180910_01 -                    #
#                    副本\MTFS30_20180820\SOFTWARE\Debug\Obj\stm32f4xx_cryp.o #
#                    " "F:\工作\MTFS30\MTFS30_20180910_01 -                   #
#                    副本\MTFS30_20180820\SOFTWARE\Debug\Obj\stm32f4xx_cryp_a #
#                    es.o" "F:\工作\MTFS30\MTFS30_20180910_01 -               #
#                    副本\MTFS30_20180820\SOFTWARE\Debug\Obj\stm32f4xx_cryp_d #
#                    es.o" "F:\工作\MTFS30\MTFS30_20180910_01 -               #
#                    副本\MTFS30_20180820\SOFTWARE\Debug\Obj\stm32f4xx_cryp_t #
#                    des.o" "F:\工作\MTFS30\MTFS30_20180910_01 -              #
#                    副本\MTFS30_20180820\SOFTWARE\Debug\Obj\stm32f4xx_dac.o" #
#                     "F:\工作\MTFS30\MTFS30_20180910_01 -                    #
#                    副本\MTFS30_20180820\SOFTWARE\Debug\Obj\stm32f4xx_dbgmcu #
#                    .o" "F:\工作\MTFS30\MTFS30_20180910_01 -                 #
#                    副本\MTFS30_20180820\SOFTWARE\Debug\Obj\stm32f4xx_dcmi.o #
#                    " "F:\工作\MTFS30\MTFS30_20180910_01 -                   #
#                    副本\MTFS30_20180820\SOFTWARE\Debug\Obj\stm32f4xx_dma.o" #
#                     "F:\工作\MTFS30\MTFS30_20180910_01 -                    #
#                    副本\MTFS30_20180820\SOFTWARE\Debug\Obj\stm32f4xx_exti.o #
#                    " "F:\工作\MTFS30\MTFS30_20180910_01 -                   #
#                    副本\MTFS30_20180820\SOFTWARE\Debug\Obj\stm32f4xx_flash. #
#                    o" "F:\工作\MTFS30\MTFS30_20180910_01 -                  #
#                    副本\MTFS30_20180820\SOFTWARE\Debug\Obj\stm32f4xx_fsmc.o #
#                    " "F:\工作\MTFS30\MTFS30_20180910_01 -                   #
#                    副本\MTFS30_20180820\SOFTWARE\Debug\Obj\stm32f4xx_gpio.o #
#                    " "F:\工作\MTFS30\MTFS30_20180910_01 -                   #
#                    副本\MTFS30_20180820\SOFTWARE\Debug\Obj\stm32f4xx_hash.o #
#                    " "F:\工作\MTFS30\MTFS30_20180910_01 -                   #
#                    副本\MTFS30_20180820\SOFTWARE\Debug\Obj\stm32f4xx_hash_m #
#                    d5.o" "F:\工作\MTFS30\MTFS30_20180910_01 -               #
#                    副本\MTFS30_20180820\SOFTWARE\Debug\Obj\stm32f4xx_hash_s #
#                    ha1.o" "F:\工作\MTFS30\MTFS30_20180910_01 -              #
#                    副本\MTFS30_20180820\SOFTWARE\Debug\Obj\stm32f4xx_i2c.o" #
#                     "F:\工作\MTFS30\MTFS30_20180910_01 -                    #
#                    副本\MTFS30_20180820\SOFTWARE\Debug\Obj\stm32f4xx_iwdg.o #
#                    " "F:\工作\MTFS30\MTFS30_20180910_01 -                   #
#                    副本\MTFS30_20180820\SOFTWARE\Debug\Obj\stm32f4xx_pwr.o" #
#                     "F:\工作\MTFS30\MTFS30_20180910_01 -                    #
#                    副本\MTFS30_20180820\SOFTWARE\Debug\Obj\stm32f4xx_rcc.o" #
#                     "F:\工作\MTFS30\MTFS30_20180910_01 -                    #
#                    副本\MTFS30_20180820\SOFTWARE\Debug\Obj\stm32f4xx_rng.o" #
#                     "F:\工作\MTFS30\MTFS30_20180910_01 -                    #
#                    副本\MTFS30_20180820\SOFTWARE\Debug\Obj\stm32f4xx_rtc.o" #
#                     "F:\工作\MTFS30\MTFS30_20180910_01 -                    #
#                    副本\MTFS30_20180820\SOFTWARE\Debug\Obj\stm32f4xx_sdio.o #
#                    " "F:\工作\MTFS30\MTFS30_20180910_01 -                   #
#                    副本\MTFS30_20180820\SOFTWARE\Debug\Obj\stm32f4xx_spi.o" #
#                     "F:\工作\MTFS30\MTFS30_20180910_01 -                    #
#                    副本\MTFS30_20180820\SOFTWARE\Debug\Obj\stm32f4xx_syscfg #
#                    .o" "F:\工作\MTFS30\MTFS30_20180910_01 -                 #
#                    副本\MTFS30_20180820\SOFTWARE\Debug\Obj\stm32f4xx_tim.o" #
#                     "F:\工作\MTFS30\MTFS30_20180910_01 -                    #
#                    副本\MTFS30_20180820\SOFTWARE\Debug\Obj\stm32f4xx_usart. #
#                    o" "F:\工作\MTFS30\MTFS30_20180910_01 -                  #
#                    副本\MTFS30_20180820\SOFTWARE\Debug\Obj\stm32f4xx_wwdg.o #
#                    " "F:\工作\MTFS30\MTFS30_20180910_01 -                   #
#                    副本\MTFS30_20180820\SOFTWARE\Debug\Obj\sys_arch.o"      #
#                    "F:\工作\MTFS30\MTFS30_20180910_01 -                     #
#                    副本\MTFS30_20180820\SOFTWARE\Debug\Obj\system_stm32f4xx #
#                    .o" "F:\工作\MTFS30\MTFS30_20180910_01 -                 #
#                    副本\MTFS30_20180820\SOFTWARE\Debug\Obj\tcp.o"           #
#                    "F:\工作\MTFS30\MTFS30_20180910_01 -                     #
#                    副本\MTFS30_20180820\SOFTWARE\Debug\Obj\tcp_in.o"        #
#                    "F:\工作\MTFS30\MTFS30_20180910_01 -                     #
#                    副本\MTFS30_20180820\SOFTWARE\Debug\Obj\tcp_out.o"       #
#                    "F:\工作\MTFS30\MTFS30_20180910_01 -                     #
#                    副本\MTFS30_20180820\SOFTWARE\Debug\Obj\tcpip.o"         #
#                    "F:\工作\MTFS30\MTFS30_20180910_01 -                     #
#                    副本\MTFS30_20180820\SOFTWARE\Debug\Obj\timers.o"        #
#                    "F:\工作\MTFS30\MTFS30_20180910_01 -                     #
#                    副本\MTFS30_20180820\SOFTWARE\Debug\Obj\udp.o"           #
#                    "F:\工作\MTFS30\MTFS30_20180910_01 -                     #
#                    副本\MTFS30_20180820\SOFTWARE\Debug\Obj\ustdlib.o"       #
#                    "F:\工作\MTFS30\MTFS30_20180910_01 -                     #
#                    副本\MTFS30_20180820\SOFTWARE\Debug\Obj\ut4b0_receiver.o #
#                    " "F:\工作\MTFS30\MTFS30_20180910_01 -                   #
#                    副本\MTFS30_20180820\SOFTWARE\Debug\Obj\util_check.o"    #
#                    "F:\工作\MTFS30\MTFS30_20180910_01 -                     #
#                    副本\MTFS30_20180820\SOFTWARE\Debug\Obj\util_ringbuffer. #
#                    o" "F:\工作\MTFS30\MTFS30_20180910_01 -                  #
#                    副本\MTFS30_20180820\SOFTWARE\Debug\Obj\util_string.o"   #
#                    "F:\工作\MTFS30\MTFS30_20180910_01 -                     #
#                    副本\MTFS30_20180820\SOFTWARE\Debug\Obj\web_main.o" -o   #
#                    "F:\工作\MTFS30\MTFS30_20180910_01 -                     #
#                    副本\MTFS30_20180820\SOFTWARE\Debug\Exe\Project.out"     #
#                    --map "F:\工作\MTFS30\MTFS30_20180910_01 -               #
#                    副本\MTFS30_20180820\SOFTWARE\Debug\List\Project.map"    #
#                    --config "F:\工作\MTFS30\MTFS30_20180910_01 -            #
#                    副本\MTFS30_20180820\SOFTWARE\BSP\stm32f407xE.icf"       #
#                    --semihosting --entry __iar_program_start --vfe          #
#                                                                             #
#                                                                             #
###############################################################################

*******************************************************************************
*** RUNTIME MODEL ATTRIBUTES
***

CppFlavor       = *
__Heap_Handler  = Basic
__SystemLibrary = DLib


*******************************************************************************
*** PLACEMENT SUMMARY
***

"A1":  place at 0x08000000 { ro section .intvec };
"P1":  place in [from 0x08000000 to 0x0807ffff] { ro };
"P3":  place in [from 0x10000000 to 0x1000ffff] { block CSTACK, section .ccram };
"P4":  place in [from 0x20000000 to 0x2001bfff] |
                [from 0x2001c000 to 0x2001ffff] { rw, block HEAP };

  Section             Kind        Address     Size  Object
  -------             ----        -------     ----  ------
"A1":                                        0x184
  .intvec             const    0x08000000    0x184  app_vect.o [1]
                             - 0x08000184    0x184

"P1":                                      0x17d90
  .text               ro code  0x08000184   0x154c  tcp_in.o [1]
  .text               ro code  0x080016d0     0x36  def.o [1]
  .text               ro code  0x08001706     0x22  zero_init3.o [5]
  .text               ro code  0x08001728    0x7f8  pbuf.o [1]
  .text               ro code  0x08001f20    0x1d4  ip_addr.o [1]
  .text               ro code  0x080020f4     0x24  printf.o [3]
  .text               ro code  0x08002118    0xcf8  tcp.o [1]
  .text               ro code  0x08002e10    0x124  memp.o [1]
  .text               ro code  0x08002f34    0xfbc  tcp_out.o [1]
  .text               ro code  0x08003ef0    0x284  timers.o [1]
  .text               ro code  0x08004174    0x24c  bsp_lib.o [1]
  .text               ro code  0x080043c0    0x462  sys_arch.o [1]
  .text               ro code  0x08004822      0xe  util_ringbuffer.o [1]
  .text               ro code  0x08004830    0xd1e  xprintffull_nomb.o [3]
  .text               ro code  0x0800554e     0x1a  xsnprout.o [3]
  .text               ro code  0x08005568    0x43c  ip.o [1]
  .text               ro code  0x080059a4     0x14  ut4b0_receiver.o [1]
  .text               ro code  0x080059b8    0xae4  etharp.o [1]
  .text               ro code  0x0800649c   0x13dc  dhcp.o [1]
  .text               ro code  0x08007878    0x36c  igmp.o [1]
  .text               ro code  0x08007be4    0x694  dns.o [1]
  CODE                ro code  0x08008278     0x2a  cpu_a.o [1]
  .text               ro code  0x080082a2      0xa  xsprout.o [3]
  .text               ro code  0x080082ac    0x1a4  cpu_core.o [1]
  .text               ro code  0x08008450     0xbc  xxmemxmalloc.o [3]
  .text               ro code  0x0800850c     0x88  xxmemxfree.o [3]
  .text               ro code  0x08008594    0x178  realloc.o [3]
  .text               ro code  0x0800870c    0x818  os_q.o [1]
  .text               ro code  0x08008f24    0x2b4  os_time.o [1]
  .text               ro code  0x080091d8     0x42  strcmp.o [5]
  .rodata             const    0x0800921a      0x2  os_cfg_app.o [1]
  .text               ro code  0x0800921c    0x604  os_sem.o [1]
  .text               ro code  0x08009820    0x1b4  os_mem.o [1]
  .text               ro code  0x080099d4    0xcfc  os_task.o [1]
  .text               ro code  0x0800a6d0     0x76  ABImemcpy.o [5]
  .rodata             const    0x0800a746      0x2  os_cfg_app.o [1]
  .text               ro code  0x0800a748     0x16  strchr.o [5]
  .rodata             const    0x0800a75e      0x2  os_cfg_app.o [1]
  .text               ro code  0x0800a760     0x36  strlen.o [5]
  .rodata             const    0x0800a796      0x2  os_cfg_app.o [1]
  .text               ro code  0x0800a798     0x58  memchr.o [5]
  .text               ro code  0x0800a7f0     0xee  I64DivMod.o [5]
  .text               ro code  0x0800a8de     0x44  xdnorm.o [4]
  .rodata             const    0x0800a922      0x2  os_cfg_app.o [1]
  .text               ro code  0x0800a924     0x2e  DblCmpLe.o [4]
  .rodata             const    0x0800a952      0x2  os_cfg_app.o [1]
  .text               ro code  0x0800a954     0x2e  DblCmpGe.o [4]
  .rodata             const    0x0800a982      0x2  os_cfg_app.o [1]
  .text               ro code  0x0800a984    0x11a  xdscale.o [4]
  .rodata             const    0x0800aa9e      0x2  os_cfg_app.o [1]
  .text               ro code  0x0800aaa0     0x58  DblToI32.o [4]
  .text               ro code  0x0800aaf8     0x30  I32ToDbl.o [4]
  .text               ro code  0x0800ab28    0x180  DblSub.o [4]
  .text               ro code  0x0800aca8    0x1a2  DblMul.o [4]
  .rodata             const    0x0800ae4a      0x2  os_cfg_app.o [1]
  .text               ro code  0x0800ae4c    0x246  DblDiv.o [4]
  .text               ro code  0x0800b092      0xe  div.o [3]
  .text               ro code  0x0800b0a0    0x11c  raw.o [1]
  .text               ro code  0x0800b1bc    0x54c  udp.o [1]
  .text               ro code  0x0800b708    0x260  icmp.o [1]
  .text               ro code  0x0800b968     0x66  ABImemset.o [5]
  .rodata             const    0x0800b9ce      0x2  os_cfg_app.o [1]
  .text               ro code  0x0800b9d0    0x23c  netif.o [1]
  .text               ro code  0x0800bc0c     0xc8  inet_chksum.o [1]
  .text               ro code  0x0800bcd4     0xc4  rand.o [3]
  .text               ro code  0x0800bd98     0x6a  lib_mem.o [1]
  .rodata             const    0x0800be02      0x2  os_cfg_app.o [1]
  .text               ro code  0x0800be04     0x54  bsp.o [1]
  .text               ro code  0x0800be58     0x94  xsyslock.o [3]
  .text               ro code  0x0800beec     0x28  xgetmemchunk.o [3]
  .text               ro code  0x0800bf14     0x78  ABImemmove.o [5]
  .text               ro code  0x0800bf8c    0xb98  os_core.o [1]
  .text               ro code  0x0800cb24    0x1f4  os_msg.o [1]
  .text               ro code  0x0800cd18    0x3c0  os_int.o [1]
  .text               ro code  0x0800d0d8    0x3d4  os_tick.o [1]
  .text               ro code  0x0800d4ac    0x22c  os_cpu_c.o [1]
  .text               ro code  0x0800d6d8     0x8c  os_prio.o [1]
  .text               ro code  0x0800d764      0x2  I64DivZer.o [5]
  .rodata             const    0x0800d766      0x2  os_dbg.o [1]
  .text               ro code  0x0800d768     0xd4  DblAdd.o [4]
  .text               ro code  0x0800d83c      0x2  xtls.o [3]
  .rodata             const    0x0800d83e      0x2  os_dbg.o [1]
  .text               ro code  0x0800d840     0xec  stm32f4xx_exti.o [1]
  .text               ro code  0x0800d92c    0x1e8  stm32f4xx_rcc.o [1]
  .text               ro code  0x0800db14      0x8  xmtx.o [3]
  .text               ro code  0x0800db1c    0x3e0  os_stat.o [1]
  .text               ro code  0x0800defc    0x27c  os_flag.o [1]
  .text               ro code  0x0800e178     0x34  os_mutex.o [1]
  .text               ro code  0x0800e1ac    0x304  os_tmr.o [1]
  .text               ro code  0x0800e4b0    0x208  os_dbg.o [1]
  .text               ro code  0x0800e6b8    0x1b8  os_cfg_app.o [1]
  CODE                ro code  0x0800e870     0x88  os_cpu_a.o [1]
  .text               ro code  0x0800e8f8   0x106c  ut4b0_receiver.o [1]
  .text               ro code  0x0800f964     0x44  strcpy.o [5]
  .text               ro code  0x0800f9a8      0x6  ABImemclr4.o [5]
  .rodata             const    0x0800f9ae      0x2  os_dbg.o [1]
  .text               ro code  0x0800f9b0    0x2a0  dev_usart.o [1]
  .text               ro code  0x0800fc50     0x34  mtfs30_debug.o [1]
  .text               ro code  0x0800fc84     0x4c  strtok.o [3]
  .text               ro code  0x0800fcd0     0x2a  strncmp.o [3]
  .rodata             const    0x0800fcfa      0x2  os_dbg.o [1]
  .text               ro code  0x0800fcfc     0x84  util_check.o [1]
  .text               ro code  0x0800fd80     0x72  util_string.o [1]
  .rodata             const    0x0800fdf2      0x2  os_dbg.o [1]
  .text               ro code  0x0800fdf4     0x34  sprintf.o [3]
  .text               ro code  0x0800fe28     0x32  ABImemset48.o [5]
  .rodata             const    0x0800fe5a      0x2  os_dbg.o [1]
  .text               ro code  0x0800fe5c     0xf8  stm32f4xx_gpio.o [1]
  .text               ro code  0x0800ff54     0x78  misc.o [1]
  .text               ro code  0x0800ffcc    0x1de  stm32f4xx_usart.o [1]
  .rodata             const    0x080101aa      0x2  os_dbg.o [1]
  .text               ro code  0x080101ac    0x3a8  bsp_int.o [1]
  .text               ro code  0x08010554    0x254  stm32f4xx_dma.o [1]
  .text               ro code  0x080107a8    0x166  util_ringbuffer.o [1]
  .rodata             const    0x0801090e      0x2  os_dbg.o [1]
  .text               ro code  0x08010910    0x1d4  mtfs30_net_debug.o [1]
  .text               ro code  0x08010ae4     0x3c  vsnprint.o [3]
  .text               ro code  0x08010b20     0x22  strspn.o [3]
  .text               ro code  0x08010b42     0x22  strcspn.o [3]
  .text               ro code  0x08010b64    0x13c  cpu_c.o [1]
  .text               ro code  0x08010ca0    0x1e8  api_lib.o [1]
  .text               ro code  0x08010e88    0xf88  api_msg.o [1]
  .text               ro code  0x08011e10    0x1b0  tcpip.o [1]
  .text               ro code  0x08011fc0     0x24  netbuf.o [1]
  .text               ro code  0x08011fe4     0x24  init.o [1]
  .text               ro code  0x08012008      0x2  sockets.o [1]
  .rodata             const    0x0801200a      0x2  os_dbg.o [1]
  .text               ro code  0x0801200c    0xa84  stm32f4x7_eth.o [1]
  .text               ro code  0x08012a90     0x48  ATT7053.o [1]
  .text               ro code  0x08012ad8    0x432  bsp_eth.o [1]
  .rodata             const    0x08012f0a      0x2  os_dbg.o [1]
  .text               ro code  0x08012f0c     0x28  bsp_periph.o [1]
  .text               ro code  0x08012f34     0x60  stm32f4xx_syscfg.o [1]
  .text               ro code  0x08012f94    0x1b8  config.o [1]
  .text               ro code  0x0801314c     0xc4  W25X32.o [1]
  .text               ro code  0x08013210    0x2f8  sntp.o [1]
  .text               ro code  0x08013508    0x1cc  lwip.o [1]
  .text               ro code  0x080136d4      0x4  localtim_i.o [3]
  .text               ro code  0x080136d8    0x248  PCF8563.o [1]
  .text               ro code  0x08013920    0x132  ethernetif.o [1]
  .rodata             const    0x08013a52      0x2  os_dbg.o [1]
  .text               ro code  0x08013a54     0xb2  localtim.o [3]
  .rodata             const    0x08013b06      0x2  os_dbg.o [1]
  .text               ro code  0x08013b08    0x182  I2C_DRV.o [1]
  .rodata             const    0x08013c8a      0x2  os_dbg.o [1]
  .text               ro code  0x08013c8c     0x29  setlocale.o [3]
  .rodata             const    0x08013cb6      0x2  os_dbg.o [1]
  .text               ro code  0x08013cb8      0xa  getzone.o [3]
  .text               ro code  0x08013cc2     0x42  xgettime.o [3]
  .text               ro code  0x08013d04     0x84  xstol.o [3]
  .text               ro code  0x08013d88    0x14c  xttotm.o [3]
  .text               ro code  0x08013ed4    0x174  xstoul.o [3]
  .text               ro code  0x08014048      0xc  errno.o [3]
  .text               ro code  0x08014054    0x138  xisdst.o [3]
  .text               ro code  0x0801418c    0x120  xgetdst.o [3]
  .rodata             const    0x080142ac    0x400  util_check.o [1]
  .rodata             const    0x080146ac    0x23c  config.o [1]
  .text               ro code  0x080148e8    0x144  system_stm32f4xx.o [1]
  .text               ro code  0x08014a2c     0xd0  gnss_main.o [1]
  .text               ro code  0x08014afc     0x44  gnss_receiver.o [1]
  .text               ro code  0x08014b40     0x6c  strncpy.o [5]
  .text               ro code  0x08014bac     0xcc  mtfs30.o [1]
  .text               ro code  0x08014c78     0xa0  packbits_init3.o [5]
  .rodata             const    0x08014d18     0x94  ut4b0_receiver.o [1]
  .rodata             const    0x08014dac     0x6c  sys_arch.o [1]
  .rodata             const    0x08014e18     0x6c  ut4b0_receiver.o [1]
  .text               ro code  0x08014e84     0x6c  iarttio.o [6]
  .text               ro code  0x08014ef0      0x8  XShttio.o [3]
  .rodata             const    0x08014ef8     0x68  ut4b0_receiver.o [1]
  .rodata             const    0x08014f60     0x68  ut4b0_receiver.o [1]
  .rodata             const    0x08014fc8     0x68  ut4b0_receiver.o [1]
  .rodata             const    0x08015030     0x68  ut4b0_receiver.o [1]
  .rodata             const    0x08015098     0x64  ut4b0_receiver.o [1]
  .rodata             const    0x080150fc     0x60  ip_addr.o [1]
  .rodata             const    0x0801515c     0x5c  api_lib.o [1]
  .rodata             const    0x080151b8     0x5c  api_msg.o [1]
  .rodata             const    0x08015214     0x5c  etharp.o [1]
  .rodata             const    0x08015270     0x5c  icmp.o [1]
  .rodata             const    0x080152cc     0x5c  igmp.o [1]
  .rodata             const    0x08015328     0x5c  ip.o [1]
  .rodata             const    0x08015384     0x5c  tcp_in.o [1]
  .rodata             const    0x080153e0     0x5c  tcp_out.o [1]
  .rodata             const    0x0801543c     0x58  dhcp.o [1]
  .rodata             const    0x08015494     0x58  dns.o [1]
  .rodata             const    0x080154ec     0x58  memp.o [1]
  .rodata             const    0x08015544     0x58  netif.o [1]
  .rodata             const    0x0801559c     0x58  pbuf.o [1]
  .rodata             const    0x080155f4     0x58  tcp.o [1]
  .rodata             const    0x0801564c     0x58  tcp_out.o [1]
  .rodata             const    0x080156a4     0x58  tcpip.o [1]
  .rodata             const    0x080156fc     0x58  udp.o [1]
  .rodata             const    0x08015754     0x54  bsp_lib.o [1]
  .rodata             const    0x080157a8     0x54  sntp.o [1]
  .rodata             const    0x080157fc     0x48  dhcp.o [1]
  .rodata             const    0x08015844     0x44  dhcp.o [1]
  .rodata             const    0x08015888     0x44  etharp.o [1]
  .rodata             const    0x080158cc     0x40  api_msg.o [1]
  .rodata             const    0x0801590c     0x40  dhcp.o [1]
  .rodata             const    0x0801594c     0x40  dhcp.o [1]
  .rodata             const    0x0801598c     0x40  dhcp.o [1]
  .rodata             const    0x080159cc     0x40  etharp.o [1]
  .rodata             const    0x08015a0c     0x40  gnss_main.o [1]
  .rodata             const    0x08015a4c     0x40  tcp_out.o [1]
  .rodata             const    0x08015a8c     0x40  ut4b0_receiver.o [1]
  .rodata             const    0x08015acc     0x3c  api_msg.o [1]
  .rodata             const    0x08015b08     0x3c  api_msg.o [1]
  .rodata             const    0x08015b44     0x3c  dhcp.o [1]
  .rodata             const    0x08015b80     0x3c  igmp.o [1]
  .rodata             const    0x08015bbc     0x3c  tcp_out.o [1]
  .rodata             const    0x08015bf8     0x3c  tcp_out.o [1]
  .rodata             const    0x08015c34     0x38  icmp.o [1]
  .rodata             const    0x08015c6c     0x38  pbuf.o [1]
  .rodata             const    0x08015ca4     0x38  tcp_in.o [1]
  .rodata             const    0x08015cdc     0x38  tcp_out.o [1]
  .rodata             const    0x08015d14     0x34  api_msg.o [1]
  .rodata             const    0x08015d48     0x34  bsp_lib.o [1]
  .rodata             const    0x08015d7c     0x34  bsp_lib.o [1]
  .rodata             const    0x08015db0     0x34  etharp.o [1]
  .rodata             const    0x08015de4     0x34  icmp.o [1]
  .rodata             const    0x08015e18     0x34  icmp.o [1]
  .rodata             const    0x08015e4c     0x34  pbuf.o [1]
  .rodata             const    0x08015e80     0x34  pbuf.o [1]
  .rodata             const    0x08015eb4     0x34  tcp.o [1]
  .rodata             const    0x08015ee8     0x34  tcp_out.o [1]
  .rodata             const    0x08015f1c     0x34  tcp_out.o [1]
  .rodata             const    0x08015f50     0x30  api_msg.o [1]
  .rodata             const    0x08015f80     0x30  api_msg.o [1]
  .rodata             const    0x08015fb0     0x30  bsp_lib.o [1]
  .rodata             const    0x08015fe0     0x30  ip.o [1]
  .rodata             const    0x08016010     0x30  pbuf.o [1]
  .rodata             const    0x08016040     0x30  pbuf.o [1]
  .rodata             const    0x08016070     0x30  pbuf.o [1]
  .rodata             const    0x080160a0     0x30  pbuf.o [1]
  .rodata             const    0x080160d0     0x30  sys_arch.o [1]
  .rodata             const    0x08016100     0x30  tcp.o [1]
  .rodata             const    0x08016130     0x30  tcp.o [1]
  .rodata             const    0x08016160     0x30  tcp.o [1]
  .rodata             const    0x08016190     0x30  tcp_in.o [1]
  .rodata             const    0x080161c0     0x30  tcp_out.o [1]
  .rodata             const    0x080161f0     0x30  tcp_out.o [1]
  .rodata             const    0x08016220     0x30  udp.o [1]
  .rodata             const    0x08016250     0x2c  dhcp.o [1]
  .rodata             const    0x0801627c     0x2c  etharp.o [1]
  .rodata             const    0x080162a8     0x2c  icmp.o [1]
  .rodata             const    0x080162d4     0x2c  pbuf.o [1]
  .rodata             const    0x08016300     0x2c  pbuf.o [1]
  .rodata             const    0x0801632c     0x2c  sntp.o [1]
  .rodata             const    0x08016358     0x2c  sys_arch.o [1]
  .rodata             const    0x08016384     0x2c  sys_arch.o [1]
  .rodata             const    0x080163b0     0x2c  tcp.o [1]
  .rodata             const    0x080163dc     0x2c  tcp.o [1]
  .rodata             const    0x08016408     0x2c  tcp.o [1]
  .rodata             const    0x08016434     0x2c  tcp.o [1]
  .rodata             const    0x08016460     0x2c  tcp_in.o [1]
  .rodata             const    0x0801648c     0x2c  tcp_in.o [1]
  .rodata             const    0x080164b8     0x2c  tcp_in.o [1]
  .rodata             const    0x080164e4     0x2c  tcp_out.o [1]
  .text               ro code  0x08016510     0x2c  data_init3.o [5]
  .rodata             const    0x0801653c     0x28  api_lib.o [1]
  .rodata             const    0x08016564     0x28  api_msg.o [1]
  .rodata             const    0x0801658c     0x28  bsp_lib.o [1]
  .rodata             const    0x080165b4     0x28  dev_usart.o [1]
  .rodata             const    0x080165dc     0x28  dhcp.o [1]
  .rodata             const    0x08016604     0x28  dhcp.o [1]
  .rodata             const    0x0801662c     0x28  dhcp.o [1]
  .rodata             const    0x08016654     0x28  dhcp.o [1]
  .rodata             const    0x0801667c     0x28  dhcp.o [1]
  .rodata             const    0x080166a4     0x28  dns.o [1]
  .rodata             const    0x080166cc     0x28  etharp.o [1]
  .rodata             const    0x080166f4     0x28  etharp.o [1]
  .rodata             const    0x0801671c     0x28  etharp.o [1]
  .rodata             const    0x08016744     0x28  icmp.o [1]
  .rodata             const    0x0801676c     0x28  icmp.o [1]
  .rodata             const    0x08016794     0x28  igmp.o [1]
  .rodata             const    0x080167bc     0x28  ip.o [1]
  .rodata             const    0x080167e4     0x28  ip_addr.o [1]
  .rodata             const    0x0801680c     0x28  memp.o [1]
  .rodata             const    0x08016834     0x28  netif.o [1]
  .rodata             const    0x0801685c     0x28  pbuf.o [1]
  .rodata             const    0x08016884     0x28  sntp.o [1]
  .rodata             const    0x080168ac     0x28  sys_arch.o [1]
  .rodata             const    0x080168d4     0x28  tcp.o [1]
  .rodata             const    0x080168fc     0x28  tcp.o [1]
  .rodata             const    0x08016924     0x28  tcp.o [1]
  .rodata             const    0x0801694c     0x28  tcp_in.o [1]
  .rodata             const    0x08016974     0x28  tcp_in.o [1]
  .rodata             const    0x0801699c     0x28  tcp_in.o [1]
  .rodata             const    0x080169c4     0x28  tcp_in.o [1]
  .rodata             const    0x080169ec     0x28  tcp_out.o [1]
  .rodata             const    0x08016a14     0x28  tcp_out.o [1]
  .rodata             const    0x08016a3c     0x28  tcpip.o [1]
  .rodata             const    0x08016a64     0x28  udp.o [1]
  .rodata             const    0x08016a8c     0x28  ut4b0_receiver.o [1]
  .rodata             const    0x08016ab4     0x28  util_ringbuffer.o [1]
  .text               ro code  0x08016adc     0x28  putchar.o [3]
  .text               ro code  0x08016b04     0x10  write.o [6]
  .text               ro code  0x08016b14     0x1e  dwrite.o [6]
  .text               ro code  0x08016b32     0x20  iarwstd.o [6]
  .text               ro code  0x08016b52     0x22  iarwrite.o [6]
  .rodata             const    0x08016b74     0x24  api_lib.o [1]
  .rodata             const    0x08016b98     0x24  api_lib.o [1]
  .rodata             const    0x08016bbc     0x24  api_lib.o [1]
  .rodata             const    0x08016be0     0x24  api_msg.o [1]
  .rodata             const    0x08016c04     0x24  api_msg.o [1]
  .rodata             const    0x08016c28     0x24  api_msg.o [1]
  .rodata             const    0x08016c4c     0x24  api_msg.o [1]
  .rodata             const    0x08016c70     0x24  dhcp.o [1]
  .rodata             const    0x08016c94     0x24  dns.o [1]
  .rodata             const    0x08016cb8     0x24  etharp.o [1]
  .rodata             const    0x08016cdc     0x24  icmp.o [1]
  .rodata             const    0x08016d00     0x24  memp.o [1]
  .rodata             const    0x08016d24     0x24  pbuf.o [1]
  .rodata             const    0x08016d48     0x24  sys_arch.o [1]
  .rodata             const    0x08016d6c     0x24  tcp.o [1]
  .rodata             const    0x08016d90     0x24  tcpip.o [1]
  .iar.init_table     const    0x08016db4     0x44  - Linker created -
  .rodata             const    0x08016df8     0x20  api_lib.o [1]
  .rodata             const    0x08016e18     0x20  api_msg.o [1]
  .rodata             const    0x08016e38     0x20  api_msg.o [1]
  .rodata             const    0x08016e58     0x20  api_msg.o [1]
  .rodata             const    0x08016e78     0x20  api_msg.o [1]
  .rodata             const    0x08016e98     0x20  api_msg.o [1]
  .rodata             const    0x08016eb8     0x20  api_msg.o [1]
  .rodata             const    0x08016ed8     0x20  api_msg.o [1]
  .rodata             const    0x08016ef8     0x20  api_msg.o [1]
  .rodata             const    0x08016f18     0x20  api_msg.o [1]
  .rodata             const    0x08016f38     0x20  api_msg.o [1]
  .rodata             const    0x08016f58     0x20  api_msg.o [1]
  .rodata             const    0x08016f78     0x20  bsp_lib.o [1]
  .rodata             const    0x08016f98     0x20  dhcp.o [1]
  .rodata             const    0x08016fb8     0x20  dhcp.o [1]
  .rodata             const    0x08016fd8     0x20  dhcp.o [1]
  .rodata             const    0x08016ff8     0x20  dns.o [1]
  .rodata             const    0x08017018     0x20  memp.o [1]
  .rodata             const    0x08017038     0x20  memp.o [1]
  .rodata             const    0x08017058     0x20  memp.o [1]
  .rodata             const    0x08017078     0x20  memp.o [1]
  .rodata             const    0x08017098     0x20  pbuf.o [1]
  .rodata             const    0x080170b8     0x20  pbuf.o [1]
  .rodata             const    0x080170d8     0x20  tcp_in.o [1]
  .rodata             const    0x080170f8     0x20  tcp_in.o [1]
  .rodata             const    0x08017118     0x20  tcp_in.o [1]
  .rodata             const    0x08017138     0x20  tcp_out.o [1]
  .rodata             const    0x08017158     0x20  tcp_out.o [1]
  .rodata             const    0x08017178     0x20  tcp_out.o [1]
  .rodata             const    0x08017198     0x20  tcpip.o [1]
  .rodata             const    0x080171b8     0x20  ut4b0_receiver.o [1]
  .rodata             const    0x080171d8     0x20  ut4b0_receiver.o [1]
  .rodata             const    0x080171f8     0x20  ut4b0_receiver.o [1]
  .rodata             const    0x08017218     0x1c  api_lib.o [1]
  .rodata             const    0x08017234     0x1c  api_lib.o [1]
  .rodata             const    0x08017250     0x1c  api_msg.o [1]
  .rodata             const    0x0801726c     0x1c  api_msg.o [1]
  .rodata             const    0x08017288     0x1c  api_msg.o [1]
  .rodata             const    0x080172a4     0x1c  bsp_lib.o [1]
  .rodata             const    0x080172c0     0x1c  dhcp.o [1]
  .rodata             const    0x080172dc     0x1c  dhcp.o [1]
  .rodata             const    0x080172f8     0x1c  dns.o [1]
  .rodata             const    0x08017314     0x1c  dns.o [1]
  .rodata             const    0x08017330     0x1c  etharp.o [1]
  .rodata             const    0x0801734c     0x1c  os_int.o [1]
  .rodata             const    0x08017368     0x1c  pbuf.o [1]
  .rodata             const    0x08017384     0x1c  pbuf.o [1]
  .rodata             const    0x080173a0     0x1c  pbuf.o [1]
  .rodata             const    0x080173bc     0x1c  pbuf.o [1]
  .rodata             const    0x080173d8     0x1c  pbuf.o [1]
  .rodata             const    0x080173f4     0x1c  tcp.o [1]
  .rodata             const    0x08017410     0x1c  tcp.o [1]
  .rodata             const    0x0801742c     0x1c  tcp.o [1]
  .rodata             const    0x08017448     0x1c  tcp_in.o [1]
  .rodata             const    0x08017464     0x1c  ut4b0_receiver.o [1]
  .rodata             const    0x08017480     0x1c  ut4b0_receiver.o [1]
  .rodata             const    0x0801749c     0x18  api_lib.o [1]
  .rodata             const    0x080174b4     0x18  api_msg.o [1]
  .rodata             const    0x080174cc     0x18  api_msg.o [1]
  .rodata             const    0x080174e4     0x18  dhcp.o [1]
  .rodata             const    0x080174fc     0x18  dhcp.o [1]
  .rodata             const    0x08017514     0x18  dhcp.o [1]
  .rodata             const    0x0801752c     0x18  dns.o [1]
  .rodata             const    0x08017544     0x18  etharp.o [1]
  .rodata             const    0x0801755c     0x18  netif.o [1]
  .rodata             const    0x08017574     0x18  os_tmr.o [1]
  .rodata             const    0x0801758c     0x18  pbuf.o [1]
  .rodata             const    0x080175a4     0x18  pbuf.o [1]
  .rodata             const    0x080175bc     0x18  pbuf.o [1]
  .rodata             const    0x080175d4     0x18  pbuf.o [1]
  .rodata             const    0x080175ec     0x18  pbuf.o [1]
  .rodata             const    0x08017604     0x18  sys_arch.o [1]
  .rodata             const    0x0801761c     0x18  tcp.o [1]
  .rodata             const    0x08017634     0x18  tcp_in.o [1]
  .rodata             const    0x0801764c     0x18  tcp_out.o [1]
  .rodata             const    0x08017664     0x18  tcp_out.o [1]
  .rodata             const    0x0801767c     0x18  ut4b0_receiver.o [1]
  .rodata             const    0x08017694     0x18  ut4b0_receiver.o [1]
  .rodata             const    0x080176ac     0x18  ut4b0_receiver.o [1]
  .rodata             const    0x080176c4     0x18  util_ringbuffer.o [1]
  .text               ro code  0x080176dc     0x16  cmain.o [5]
  .text               ro code  0x080176f2      0x4  low_level_init.o [3]
  .text               ro code  0x080176f6      0x4  exit.o [3]
  .rodata             const    0x080176fa      0x2  os_dbg.o [1]
  .text               ro code  0x080176fc      0xe  cexit.o [5]
  .rodata             const    0x0801770a      0x2  os_dbg.o [1]
  .text               ro code  0x0801770c     0x14  exit.o [6]
  .text               ro code  0x08017720     0x16  xprout.o [3]
  .rodata             const    0x08017736      0x2  os_dbg.o [1]
  .rodata             const    0x08017738     0x14  api_msg.o [1]
  .rodata             const    0x0801774c     0x14  api_msg.o [1]
  .rodata             const    0x08017760     0x14  dev_usart.o [1]
  .rodata             const    0x08017774     0x14  dhcp.o [1]
  .rodata             const    0x08017788     0x14  dhcp.o [1]
  .rodata             const    0x0801779c     0x14  dhcp.o [1]
  .rodata             const    0x080177b0     0x14  dhcp.o [1]
  .rodata             const    0x080177c4     0x14  dhcp.o [1]
  .rodata             const    0x080177d8     0x14  etharp.o [1]
  .rodata             const    0x080177ec     0x14  os_core.o [1]
  .rodata             const    0x08017800     0x14  os_stat.o [1]
  .rodata             const    0x08017814     0x14  os_tick.o [1]
  .rodata             const    0x08017828     0x14  pbuf.o [1]
  .rodata             const    0x0801783c     0x14  pbuf.o [1]
  .rodata             const    0x08017850     0x14  tcp_in.o [1]
  .rodata             const    0x08017864     0x14  tcp_in.o [1]
  .rodata             const    0x08017878     0x14  tcp_out.o [1]
  .rodata             const    0x0801788c     0x14  tcp_out.o [1]
  .rodata             const    0x080178a0     0x14  udp.o [1]
  .rodata             const    0x080178b4     0x14  udp.o [1]
  .rodata             const    0x080178c8     0x14  ut4b0_receiver.o [1]
  .rodata             const    0x080178dc     0x14  ut4b0_receiver.o [1]
  .rodata             const    0x080178f0     0x14  ut4b0_receiver.o [1]
  .rodata             const    0x08017904     0x14  ut4b0_receiver.o [1]
  .rodata             const    0x08017918     0x14  ut4b0_receiver.o [1]
  .rodata             const    0x0801792c     0x10  api_msg.o [1]
  .rodata             const    0x0801793c     0x10  api_msg.o [1]
  .rodata             const    0x0801794c     0x10  dhcp.o [1]
  .rodata             const    0x0801795c     0x10  dhcp.o [1]
  .rodata             const    0x0801796c     0x10  dns.o [1]
  .rodata             const    0x0801797c     0x10  etharp.o [1]
  .rodata             const    0x0801798c     0x10  etharp.o [1]
  .rodata             const    0x0801799c     0x10  etharp.o [1]
  .rodata             const    0x080179ac     0x10  lwip.o [1]
  .rodata             const    0x080179bc     0x10  mtfs30.o [1]
  .rodata             const    0x080179cc     0x10  mtfs30_net_debug.o [1]
  .rodata             const    0x080179dc     0x10  mtfs30_net_debug.o [1]
  .rodata             const    0x080179ec     0x10  mtfs30_net_debug.o [1]
  .rodata             const    0x080179fc     0x10  mtfs30_net_debug.o [1]
  .rodata             const    0x08017a0c     0x10  pbuf.o [1]
  .rodata             const    0x08017a1c     0x10  pbuf.o [1]
  .rodata             const    0x08017a2c     0x10  pbuf.o [1]
  .rodata             const    0x08017a3c     0x10  sys_arch.o [1]
  .rodata             const    0x08017a4c     0x10  sys_arch.o [1]
  .rodata             const    0x08017a5c     0x10  sys_arch.o [1]
  .rodata             const    0x08017a6c     0x10  tcp.o [1]
  .rodata             const    0x08017a7c     0x10  tcp.o [1]
  .rodata             const    0x08017a8c     0x10  tcp_in.o [1]
  .rodata             const    0x08017a9c     0x10  tcp_in.o [1]
  .rodata             const    0x08017aac     0x10  tcp_in.o [1]
  .rodata             const    0x08017abc     0x10  tcp_out.o [1]
  .rodata             const    0x08017acc     0x10  tcpip.o [1]
  .rodata             const    0x08017adc      0xc  dhcp.o [1]
  .rodata             const    0x08017ae8      0xc  dhcp.o [1]
  .rodata             const    0x08017af4      0xc  etharp.o [1]
  .rodata             const    0x08017b00      0xc  gnss_main.o [1]
  .rodata             const    0x08017b0c      0xc  gnss_main.o [1]
  .rodata             const    0x08017b18      0xc  ip.o [1]
  .rodata             const    0x08017b24      0xc  ip_addr.o [1]
  .rodata             const    0x08017b30      0xc  lwip.o [1]
  .rodata             const    0x08017b3c      0xc  pbuf.o [1]
  .rodata             const    0x08017b48      0xc  sys_arch.o [1]
  .rodata             const    0x08017b54      0xc  sys_arch.o [1]
  .rodata             const    0x08017b60      0xc  sys_arch.o [1]
  .rodata             const    0x08017b6c      0xc  sys_arch.o [1]
  .rodata             const    0x08017b78      0xc  sys_arch.o [1]
  .rodata             const    0x08017b84      0xc  udp.o [1]
  .rodata             const    0x08017b90      0xc  ut4b0_receiver.o [1]
  .rodata             const    0x08017b9c      0xc  ut4b0_receiver.o [1]
  .rodata             const    0x08017ba8      0xc  ut4b0_receiver.o [1]
  .rodata             const    0x08017bb4      0xc  ut4b0_receiver.o [1]
  .rodata             const    0x08017bc0      0xc  ut4b0_receiver.o [1]
  .rodata             const    0x08017bcc      0xc  ut4b0_receiver.o [1]
  .rodata             const    0x08017bd8      0xc  ut4b0_receiver.o [1]
  .rodata             const    0x08017be4      0xc  ut4b0_receiver.o [1]
  .rodata             const    0x08017bf0      0xc  ut4b0_receiver.o [1]
  .rodata             const    0x08017bfc      0xc  ut4b0_receiver.o [1]
  .rodata             const    0x08017c08      0xc  ut4b0_receiver.o [1]
  .rodata             const    0x08017c14      0xc  ut4b0_receiver.o [1]
  .rodata             const    0x08017c20      0xc  ut4b0_receiver.o [1]
  .rodata             const    0x08017c2c      0xc  ut4b0_receiver.o [1]
  .rodata             const    0x08017c38      0xc  ut4b0_receiver.o [1]
  .rodata             const    0x08017c44      0xc  ut4b0_receiver.o [1]
  .rodata             const    0x08017c50      0xc  ut4b0_receiver.o [1]
  .rodata             const    0x08017c5c      0xc  ut4b0_receiver.o [1]
  .text               ro code  0x08017c68      0xc  app_vect.o [1]
  .text               ro code  0x08017c74      0xc  cstartup_M.o [5]
  .rodata             const    0x08017c80      0x8  dev_usart.o [1]
  .rodata             const    0x08017c88      0x8  etharp.o [1]
  .rodata             const    0x08017c90      0x8  etharp.o [1]
  .rodata             const    0x08017c98      0x8  gnss_receiver.o [1]
  .rodata             const    0x08017ca0      0x8  lwip.o [1]
  .rodata             const    0x08017ca8      0x8  os_sem.o [1]
  .rodata             const    0x08017cb0      0x8  os_task.o [1]
  .rodata             const    0x08017cb8      0x8  sys_arch.o [1]
  .rodata             const    0x08017cc0      0x8  sys_arch.o [1]
  .rodata             const    0x08017cc8      0x8  tcp.o [1]
  .rodata             const    0x08017cd0      0x8  ut4b0_receiver.o [1]
  .rodata             const    0x08017cd8      0x8  ut4b0_receiver.o [1]
  .rodata             const    0x08017ce0      0x8  ut4b0_receiver.o [1]
  .rodata             const    0x08017ce8      0x8  ut4b0_receiver.o [1]
  .rodata             const    0x08017cf0      0x8  ut4b0_receiver.o [1]
  .rodata             const    0x08017cf8      0x8  ut4b0_receiver.o [1]
  .rodata             const    0x08017d00      0x8  ut4b0_receiver.o [1]
  .rodata             const    0x08017d08      0x8  ut4b0_receiver.o [1]
  .rodata             const    0x08017d10      0x8  ut4b0_receiver.o [1]
  .rodata             const    0x08017d18      0x8  ut4b0_receiver.o [1]
  .rodata             const    0x08017d20      0x8  ut4b0_receiver.o [1]
  .rodata             const    0x08017d28      0x8  ut4b0_receiver.o [1]
  .rodata             const    0x08017d30      0x8  ut4b0_receiver.o [1]
  .rodata             const    0x08017d38      0x8  ut4b0_receiver.o [1]
  .rodata             const    0x08017d40      0x8  ut4b0_receiver.o [1]
  .rodata             const    0x08017d48      0x8  ut4b0_receiver.o [1]
  .rodata             const    0x08017d50      0x8  ut4b0_receiver.o [1]
  .rodata             const    0x08017d58      0x8  ut4b0_receiver.o [1]
  .rodata             const    0x08017d60      0x8  ut4b0_receiver.o [1]
  .rodata             const    0x08017d68      0x4  config.o [1]
  .rodata             const    0x08017d6c      0x4  ip_addr.o [1]
  .rodata             const    0x08017d70      0x4  ip_addr.o [1]
  .rodata             const    0x08017d74      0x4  os_cfg_app.o [1]
  .rodata             const    0x08017d78      0x4  os_cfg_app.o [1]
  .rodata             const    0x08017d7c      0x4  os_cfg_app.o [1]
  .rodata             const    0x08017d80      0x4  os_cfg_app.o [1]
  .rodata             const    0x08017d84      0x4  os_cfg_app.o [1]
  .rodata             const    0x08017d88      0x4  os_cfg_app.o [1]
  .rodata             const    0x08017d8c      0x4  os_cfg_app.o [1]
  .rodata             const    0x08017d90      0x4  os_cfg_app.o [1]
  .rodata             const    0x08017d94      0x4  os_cfg_app.o [1]
  .rodata             const    0x08017d98      0x4  os_cfg_app.o [1]
  .rodata             const    0x08017d9c      0x4  os_cfg_app.o [1]
  .rodata             const    0x08017da0      0x4  os_cfg_app.o [1]
  .rodata             const    0x08017da4      0x4  os_cfg_app.o [1]
  .rodata             const    0x08017da8      0x4  os_cfg_app.o [1]
  .rodata             const    0x08017dac      0x4  os_cfg_app.o [1]
  .rodata             const    0x08017db0      0x4  os_cfg_app.o [1]
  .rodata             const    0x08017db4      0x4  os_cfg_app.o [1]
  .rodata             const    0x08017db8      0x4  os_cfg_app.o [1]
  .rodata             const    0x08017dbc      0x4  os_cfg_app.o [1]
  .rodata             const    0x08017dc0      0x4  os_cfg_app.o [1]
  .rodata             const    0x08017dc4      0x4  os_cfg_app.o [1]
  .rodata             const    0x08017dc8      0x4  os_cfg_app.o [1]
  .rodata             const    0x08017dcc      0x4  os_cfg_app.o [1]
  .rodata             const    0x08017dd0      0x4  os_cfg_app.o [1]
  .rodata             const    0x08017dd4      0x4  os_cfg_app.o [1]
  .rodata             const    0x08017dd8      0x4  os_cfg_app.o [1]
  .rodata             const    0x08017ddc      0x4  os_cfg_app.o [1]
  .rodata             const    0x08017de0      0x4  os_cfg_app.o [1]
  .rodata             const    0x08017de4      0x4  os_cfg_app.o [1]
  .rodata             const    0x08017de8      0x4  os_cfg_app.o [1]
  .rodata             const    0x08017dec      0x4  os_cfg_app.o [1]
  .rodata             const    0x08017df0      0x4  os_cfg_app.o [1]
  .rodata             const    0x08017df4      0x4  os_cfg_app.o [1]
  .rodata             const    0x08017df8      0x4  os_cfg_app.o [1]
  .rodata             const    0x08017dfc      0x4  os_cfg_app.o [1]
  .rodata             const    0x08017e00      0x4  os_cfg_app.o [1]
  .rodata             const    0x08017e04      0x4  os_cfg_app.o [1]
  .rodata             const    0x08017e08      0x4  os_cfg_app.o [1]
  .rodata             const    0x08017e0c      0x4  os_cfg_app.o [1]
  .rodata             const    0x08017e10      0x4  os_cfg_app.o [1]
  .rodata             const    0x08017e14      0x4  os_cfg_app.o [1]
  .rodata             const    0x08017e18      0x4  os_dbg.o [1]
  .rodata             const    0x08017e1c      0x4  os_dbg.o [1]
  .rodata             const    0x08017e20      0x4  os_dbg.o [1]
  .rodata             const    0x08017e24      0x4  sys_arch.o [1]
  .rodata             const    0x08017e28      0x2  os_dbg.o [1]
  .rodata             const    0x08017e2a      0x2  os_dbg.o [1]
  .rodata             const    0x08017e2c      0x2  os_dbg.o [1]
  .rodata             const    0x08017e2e      0x2  os_dbg.o [1]
  .rodata             const    0x08017e30      0x2  os_dbg.o [1]
  .rodata             const    0x08017e32      0x2  os_dbg.o [1]
  .rodata             const    0x08017e34      0x2  os_dbg.o [1]
  .rodata             const    0x08017e36      0x1  os_cfg_app.o [1]
  .rodata             const    0x08017e37      0x1  os_cfg_app.o [1]
  .rodata             const    0x08017e38      0x1  os_cfg_app.o [1]
  .rodata             const    0x08017e39      0x1  os_dbg.o [1]
  .rodata             const    0x08017e3a      0x1  os_dbg.o [1]
  .rodata             const    0x08017e3b      0x1  os_dbg.o [1]
  .rodata             const    0x08017e3c      0x1  os_dbg.o [1]
  .rodata             const    0x08017e3d      0x1  os_dbg.o [1]
  .rodata             const    0x08017e3e      0x1  os_dbg.o [1]
  .rodata             const    0x08017e3f      0x1  os_dbg.o [1]
  .rodata             const    0x08017e40      0x1  os_dbg.o [1]
  .rodata             const    0x08017e41      0x1  os_dbg.o [1]
  .rodata             const    0x08017e42      0x1  os_dbg.o [1]
  .rodata             const    0x08017e43      0x1  os_dbg.o [1]
  .rodata             const    0x08017e44      0x1  os_dbg.o [1]
  .rodata             const    0x08017e45      0x1  os_dbg.o [1]
  .rodata             const    0x08017e46      0x1  os_dbg.o [1]
  .rodata             const    0x08017e47      0x1  os_dbg.o [1]
  .rodata             const    0x08017e48      0x1  os_dbg.o [1]
  .rodata             const    0x08017e49      0x1  os_dbg.o [1]
  .rodata             const    0x08017e4a      0x1  os_dbg.o [1]
  .rodata             const    0x08017e4b      0x1  os_dbg.o [1]
  .rodata             const    0x08017e4c      0x1  os_dbg.o [1]
  .rodata             const    0x08017e4d      0x1  os_dbg.o [1]
  .rodata             const    0x08017e4e      0x1  os_dbg.o [1]
  .rodata             const    0x08017e4f      0x1  os_dbg.o [1]
  .rodata             const    0x08017e50      0x1  os_dbg.o [1]
  .rodata             const    0x08017e51      0x1  os_dbg.o [1]
  .rodata             const    0x08017e52      0x1  os_dbg.o [1]
  .rodata             const    0x08017e53      0x1  os_dbg.o [1]
  .rodata             const    0x08017e54      0x1  os_dbg.o [1]
  .rodata             const    0x08017e55      0x1  os_dbg.o [1]
  .rodata             const    0x08017e56      0x1  os_dbg.o [1]
  .rodata             const    0x08017e57      0x1  os_dbg.o [1]
  .rodata             const    0x08017e58      0x1  os_dbg.o [1]
  .rodata             const    0x08017e59      0x1  os_dbg.o [1]
  .rodata             const    0x08017e5a      0x1  os_dbg.o [1]
  .rodata             const    0x08017e5b      0x1  os_dbg.o [1]
  .rodata             const    0x08017e5c      0x1  os_dbg.o [1]
  .rodata             const    0x08017e5d      0x1  os_dbg.o [1]
  .rodata             const    0x08017e5e      0x1  os_dbg.o [1]
  .text               ro code  0x08017e60      0x0  cstart_clearlocks.o [5]
  .rodata             const    0x08017e60      0x0  bwt_init3c.o [5]
  Initializer bytes   ro data  0x08017e60     0xb3  <for P4 s0>
                             - 0x08017f13  0x17d8f

"P3":                                       0x2000
  CSTACK                       0x10000000   0x2000  <Block>
    CSTACK            uninit   0x10000000   0x2000  <Block tail>
                             - 0x10002000   0x2000

"P4", part 1 of 6:                          0x6000
  HEAP                         0x20000000   0x6000  <Block>
    HEAP              uninit   0x20000000   0x6000  <Block tail>
                             - 0x20006000   0x6000

"P4", part 2 of 6:                          0x93a0
  .bss                zero     0x20006000   0x93a0  memp.o [1]
                             - 0x2000f3a0   0x93a0

"P4", part 3 of 6:                          0x5000
  .bss                zero     0x2000f3a0   0x5000  sys_arch.o [1]
                             - 0x200143a0   0x5000

"P4", part 4 of 6:                          0x7a9c
  .bss                zero     0x200143a0   0x2000  gnss_main.o [1]
  .bss                zero     0x200163a0   0x1dc4  stm32f4x7_eth.o [1]
  .bss                zero     0x20018164   0x1dc4  stm32f4x7_eth.o [1]
  .bss                zero     0x20019f28    0x200  os_cfg_app.o [1]
  .bss                zero     0x2001a128    0x200  os_cfg_app.o [1]
  .bss                zero     0x2001a328    0x200  os_cfg_app.o [1]
  .bss                zero     0x2001a528    0x200  os_cfg_app.o [1]
  .bss                zero     0x2001a728    0x200  os_cfg_app.o [1]
  .bss                zero     0x2001a928    0x1e0  gnss_receiver.o [1]
  .bss                zero     0x2001ab08    0x144  bsp_int.o [1]
  .bss                zero     0x2001ac4c    0x140  os_cfg_app.o [1]
  .bss                zero     0x2001ad8c     0x3c  memp.o [1]
  .bss                zero     0x2001adc8     0xc8  gnss_main.o [1]
  .bss                zero     0x2001ae90     0xc8  mtfs30.o [1]
  .bss                zero     0x2001af58     0xc8  mtfs30_net_debug.o [1]
  .bss                zero     0x2001b020     0xc8  os_var.o [1]
  .bss                zero     0x2001b0e8     0xc8  os_var.o [1]
  .bss                zero     0x2001b1b0     0xc8  os_var.o [1]
  .bss                zero     0x2001b278     0xc8  os_var.o [1]
  .bss                zero     0x2001b340     0xc8  os_var.o [1]
  .bss                zero     0x2001b408     0xc0  etharp.o [1]
  .bss                zero     0x2001b4c8     0xa0  stm32f4x7_eth.o [1]
  .bss                zero     0x2001b568     0xa0  stm32f4x7_eth.o [1]
  .bss                zero     0x2001b608     0x78  os_cfg_app.o [1]
  .bss                zero     0x2001b680     0x78  os_cfg_app.o [1]
  .bss                zero     0x2001b6f8     0x78  os_cfg_app.o [1]
  .bss                zero     0x2001b770     0x78  os_cfg_app.o [1]
  .bss                zero     0x2001b7e8     0x78  os_cfg_app.o [1]
  .bss                zero     0x2001b860     0x78  os_cfg_app.o [1]
  .bss                zero     0x2001b8d8     0x78  os_cfg_app.o [1]
  .bss                zero     0x2001b950     0x68  os_cfg_app.o [1]
  .bss                zero     0x2001b9b8     0x68  os_cfg_app.o [1]
  .bss                zero     0x2001ba20     0x40  lwip.o [1]
  .bss                zero     0x2001ba60     0x2c  sntp.o [1]
  __DLIB_PERTHREAD    zero     0x2001ba8c     0x2c  xttotm.o [3]
  .bss                zero     0x2001bab8     0x28  dhcp.o [1]
  .bss                zero     0x2001bae0     0x28  mtfs30_net_debug.o [1]
  .bss                zero     0x2001bb08     0x28  tcpip.o [1]
  .bss                zero     0x2001bb30     0x20  config.o [1]
  .bss                zero     0x2001bb50     0x20  config.o [1]
  .bss                zero     0x2001bb70     0x20  lwip.o [1]
  .bss                zero     0x2001bb90     0x20  mtfs30_net_debug.o [1]
  .bss                zero     0x2001bbb0     0x18  gnss_receiver.o [1]
  .bss                zero     0x2001bbc8     0x18  xsyslock.o [3]
  .bss                zero     0x2001bbe0     0x14  gnss_receiver.o [1]
  .bss                zero     0x2001bbf4     0x14  mtfs30_net_debug.o [1]
  .bss                zero     0x2001bc08     0x14  sys_arch.o [1]
  .bss                zero     0x2001bc1c     0x10  cpu_core.o [1]
  .bss                zero     0x2001bc2c     0x10  tcp_in.o [1]
  .bss                zero     0x2001bc3c      0xc  control_main.o [1]
  .bss                zero     0x2001bc48      0xc  dev_usart.o [1]
  .bss                zero     0x2001bc54      0xc  dhcp.o [1]
  .bss                zero     0x2001bc60      0xc  gnss_receiver.o [1]
  .bss                zero     0x2001bc6c      0xc  stm32f4x7_eth.o [1]
  .bss                zero     0x2001bc78      0x8  config.o [1]
  .bss                zero     0x2001bc80      0x8  dns.o [1]
  .bss                zero     0x2001bc88      0x8  os_prio.o [1]
  .bss                zero     0x2001bc90      0x8  os_var.o [1]
  .bss                zero     0x2001bc98      0x8  sys_arch.o [1]
  .bss                zero     0x2001bca0      0x8  xxmemxmalloc.o [3]
  __DLIB_PERTHREAD    zero     0x2001bca8      0x8  localtim.o [3]
  __DLIB_PERTHREAD    zero     0x2001bcb0      0x8  setlocale.o [3]
  .bss                zero     0x2001bcb8      0x4  bsp_eth.o [1]
  .bss                zero     0x2001bcbc      0x4  bsp_lib.o [1]
  .bss                zero     0x2001bcc0      0x4  bsp_lib.o [1]
  .bss                zero     0x2001bcc4      0x4  bsp_lib.o [1]
  .bss                zero     0x2001bcc8      0x4  config.o [1]
  .bss                zero     0x2001bccc      0x4  config.o [1]
  .bss                zero     0x2001bcd0      0x4  config.o [1]
  .bss                zero     0x2001bcd4      0x4  cpu_core.o [1]
  .bss                zero     0x2001bcd8      0x4  cpu_core.o [1]
  .bss                zero     0x2001bcdc      0x4  cpu_core.o [1]
  .bss                zero     0x2001bce0      0x4  cpu_core.o [1]
  .bss                zero     0x2001bce4      0x4  cpu_core.o [1]
  .bss                zero     0x2001bce8      0x4  dns.o [1]
  .bss                zero     0x2001bcec      0x4  dns.o [1]
  .bss                zero     0x2001bcf0      0x4  igmp.o [1]
  .bss                zero     0x2001bcf4      0x4  igmp.o [1]
  .bss                zero     0x2001bcf8      0x4  igmp.o [1]
  .bss                zero     0x2001bcfc      0x4  ip.o [1]
  .bss                zero     0x2001bd00      0x4  ip.o [1]
  .bss                zero     0x2001bd04      0x4  ip.o [1]
  .bss                zero     0x2001bd08      0x4  ip.o [1]
  .bss                zero     0x2001bd0c      0x4  lwip.o [1]
  .bss                zero     0x2001bd10      0x4  mtfs30_net_debug.o [1]
  .bss                zero     0x2001bd14      0x4  netif.o [1]
  .bss                zero     0x2001bd18      0x4  netif.o [1]
  .bss                zero     0x2001bd1c      0x4  os_var.o [1]
  .bss                zero     0x2001bd20      0x4  os_var.o [1]
  .bss                zero     0x2001bd24      0x4  os_var.o [1]
  .bss                zero     0x2001bd28      0x4  os_var.o [1]
  .bss                zero     0x2001bd2c      0x4  os_var.o [1]
  .bss                zero     0x2001bd30      0x4  os_var.o [1]
  .bss                zero     0x2001bd34      0x4  os_var.o [1]
  .bss                zero     0x2001bd38      0x4  os_var.o [1]
  .bss                zero     0x2001bd3c      0x4  os_var.o [1]
  .bss                zero     0x2001bd40      0x4  os_var.o [1]
  .bss                zero     0x2001bd44      0x4  os_var.o [1]
  .bss                zero     0x2001bd48      0x4  os_var.o [1]
  .bss                zero     0x2001bd4c      0x4  os_var.o [1]
  .bss                zero     0x2001bd50      0x4  os_var.o [1]
  .bss                zero     0x2001bd54      0x4  os_var.o [1]
  .bss                zero     0x2001bd58      0x4  os_var.o [1]
  .bss                zero     0x2001bd5c      0x4  os_var.o [1]
  .bss                zero     0x2001bd60      0x4  os_var.o [1]
  .bss                zero     0x2001bd64      0x4  os_var.o [1]
  .bss                zero     0x2001bd68      0x4  os_var.o [1]
  .bss                zero     0x2001bd6c      0x4  os_var.o [1]
  .bss                zero     0x2001bd70      0x4  os_var.o [1]
  .bss                zero     0x2001bd74      0x4  os_var.o [1]
  .bss                zero     0x2001bd78      0x4  os_var.o [1]
  .bss                zero     0x2001bd7c      0x4  os_var.o [1]
  .bss                zero     0x2001bd80      0x4  os_var.o [1]
  .bss                zero     0x2001bd84      0x4  os_var.o [1]
  .bss                zero     0x2001bd88      0x4  os_var.o [1]
  .bss                zero     0x2001bd8c      0x4  os_var.o [1]
  .bss                zero     0x2001bd90      0x4  os_var.o [1]
  .bss                zero     0x2001bd94      0x4  os_var.o [1]
  .bss                zero     0x2001bd98      0x4  os_var.o [1]
  .bss                zero     0x2001bd9c      0x4  raw.o [1]
  .bss                zero     0x2001bda0      0x4  snmp_snmpInit.o [1]
  .bss                zero     0x2001bda4      0x4  sntp.o [1]
  .bss                zero     0x2001bda8      0x4  sntp.o [1]
  .bss                zero     0x2001bdac      0x4  stm32f4x7_eth.o [1]
  .bss                zero     0x2001bdb0      0x4  stm32f4x7_eth.o [1]
  .bss                zero     0x2001bdb4      0x4  stm32f4x7_eth.o [1]
  .bss                zero     0x2001bdb8      0x4  tcp.o [1]
  .bss                zero     0x2001bdbc      0x4  tcp.o [1]
  .bss                zero     0x2001bdc0      0x4  tcp.o [1]
  .bss                zero     0x2001bdc4      0x4  tcp.o [1]
  .bss                zero     0x2001bdc8      0x4  tcp.o [1]
  .bss                zero     0x2001bdcc      0x4  tcp.o [1]
  .bss                zero     0x2001bdd0      0x4  tcp_in.o [1]
  .bss                zero     0x2001bdd4      0x4  tcp_in.o [1]
  .bss                zero     0x2001bdd8      0x4  tcp_in.o [1]
  .bss                zero     0x2001bddc      0x4  tcp_in.o [1]
  .bss                zero     0x2001bde0      0x4  tcp_in.o [1]
  .bss                zero     0x2001bde4      0x4  tcp_in.o [1]
  .bss                zero     0x2001bde8      0x4  tcpip.o [1]
  .bss                zero     0x2001bdec      0x4  tcpip.o [1]
  .bss                zero     0x2001bdf0      0x4  timers.o [1]
  .bss                zero     0x2001bdf4      0x4  timers.o [1]
  .bss                zero     0x2001bdf8      0x4  udp.o [1]
  .bss                zero     0x2001bdfc      0x4  xgetmemchunk.o [3]
  __DLIB_PERTHREAD    zero     0x2001be00      0x4  strtok.o [3]
  __DLIB_PERTHREAD    zero     0x2001be04      0x4  errno.o [3]
  __DLIB_PERTHREAD    zero     0x2001be08      0x4  xisdst.o [3]
  __DLIB_PERTHREAD    zero     0x2001be0c      0x4  xisdstData.o [3]
  .bss                zero     0x2001be10      0x2  ip.o [1]
  .bss                zero     0x2001be12      0x2  mtfs30_net_debug.o [1]
  .bss                zero     0x2001be14      0x2  os_var.o [1]
  .bss                zero     0x2001be16      0x2  os_var.o [1]
  .bss                zero     0x2001be18      0x2  os_var.o [1]
  .bss                zero     0x2001be1a      0x2  os_var.o [1]
  .bss                zero     0x2001be1c      0x2  os_var.o [1]
  .bss                zero     0x2001be1e      0x2  os_var.o [1]
  .bss                zero     0x2001be20      0x2  os_var.o [1]
  .bss                zero     0x2001be22      0x2  os_var.o [1]
  .bss                zero     0x2001be24      0x2  tcp_in.o [1]
  .bss                zero     0x2001be26      0x1  bsp_eth.o [1]
  .bss                zero     0x2001be27      0x1  dns.o [1]
  .bss                zero     0x2001be28      0x1  etharp.o [1]
  .bss                zero     0x2001be29      0x1  netif.o [1]
  .bss                zero     0x2001be2a      0x1  os_var.o [1]
  .bss                zero     0x2001be2b      0x1  os_var.o [1]
  .bss                zero     0x2001be2c      0x1  os_var.o [1]
  .bss                zero     0x2001be2d      0x1  os_var.o [1]
  .bss                zero     0x2001be2e      0x1  os_var.o [1]
  .bss                zero     0x2001be2f      0x1  os_var.o [1]
  .bss                zero     0x2001be30      0x1  os_var.o [1]
  .bss                zero     0x2001be31      0x1  os_var.o [1]
  .bss                zero     0x2001be32      0x1  os_var.o [1]
  .bss                zero     0x2001be33      0x1  tcp.o [1]
  .bss                zero     0x2001be34      0x1  tcp_in.o [1]
  .bss                zero     0x2001be35      0x1  tcp_in.o [1]
  .bss                zero     0x2001be36      0x1  ut4b0_receiver.o [1]
  .bss                zero     0x2001be37      0x1  ut4b0_receiver.o [1]
  .bss                zero     0x2001be38      0x1  ut4b0_receiver.o [1]
  .bss                zero     0x2001be39      0x1  ut4b0_receiver.o [1]
                             - 0x2001be3a   0x7a9a

"P4", part 5 of 6:                           0x14a
  P4 s0                        0x2001be3c    0x14a  <Init block>
    __DLIB_PERTHREAD  inited   0x2001be3c     0x8c  rand.o [3]
    .data             inited   0x2001bec8     0x70  ut4b0_receiver.o [1]
    .data             inited   0x2001bf38     0x20  config.o [1]
    .data             inited   0x2001bf58     0x10  stm32f4xx_rcc.o [1]
    .data             inited   0x2001bf68      0xc  PCF8563.o [1]
    .data             inited   0x2001bf74      0x8  XShttio.o [3]
    .data             inited   0x2001bf7c      0x4  dhcp.o [1]
    .data             inited   0x2001bf80      0x4  tcp.o [1]
    .data             inited   0x2001bf84      0x2  tcp.o [1]
                             - 0x2001bf86    0x14a

"P4", part 6 of 6:                          0x3250
  .bss                zero     0x2001c000   0x1000  mtfs30_net_debug.o [1]
  .bss                zero     0x2001d000    0x640  os_cfg_app.o [1]
  .bss                zero     0x2001d640    0x460  dns.o [1]
  .bss                zero     0x2001daa0    0x400  dev_usart.o [1]
  .bss                zero     0x2001dea0    0x3e8  sys_arch.o [1]
  .bss                zero     0x2001e288    0x300  os_var.o [1]
  .bss                zero     0x2001e588    0x23c  config.o [1]
  .bss                zero     0x2001e7c4    0x23c  config.o [1]
  .bss                zero     0x2001ea00    0x23c  config.o [1]
  .bss                zero     0x2001ec3c    0x204  dns.o [1]
  .bss                zero     0x2001ee40    0x200  mtfs30.o [1]
  .bss                zero     0x2001f040    0x200  os_cfg_app.o [1]
  .bss                zero     0x2001f240      0x4  bsp_eth.o [1]
  .bss                zero     0x2001f244      0x2  cpu_core.o [1]
  .bss                zero     0x2001f248      0x4  os_var.o [1]
  .bss                zero     0x2001f24c      0x2  cpu_core.o [1]
                             - 0x2001f24e   0x324e
[...]
gsatellite_info         0x2001a928   0x1e0  Data  Gb  gnss_receiver.o [1]
gtask_gnss_stk          0x200143a0  0x2000  Data  Lc  gnss_main.o [1]
gtask_gnss_tcb          0x2001adc8    0xc8  Data  Lc  gnss_main.o [1]
gtask_net_debug_stk     0x2001c000  0x1000  Data  Lc  mtfs30_net_debug.o [1]
gtask_net_debug_tcb     0x2001af58    0xc8  Data  Lc  mtfs30_net_debug.o [1]
gtime                   0x2001bc60     0xc  Data  Gb  gnss_receiver.o [1]
gusart1_rx_buf          0x2001daa0   0x400  Data  Gb  dev_usart.o [1]
icmp_dest_unreach       0x0800b8b3     0xe  Code  Gb  icmp.o [1]
icmp_input              0x0800b709   0x1aa  Code  Gb  icmp.o [1]
icmp_send_response      0x0800b8c1    0x7e  Code  Lc  icmp.o [1]
igmp_delaying_member    0x08007ac5    0x30  Code  Lc  igmp.o [1]
igmp_group_list         0x2001bcf0     0x4  Data  Lc  igmp.o [1]
igmp_init               0x08007879    0x16  Code  Gb  igmp.o [1]
igmp_input              0x0800796b    0xfe  Code  Gb  igmp.o [1]
igmp_ip_output_if       0x08007af5    0x2e  Code  Lc  igmp.o [1]
igmp_lookfor_group      0x080078e9    0x28  Code  Gb  igmp.o [1]
igmp_lookup_group       0x08007911    0x5a  Code  Lc  igmp.o [1]
igmp_report_groups      0x080078c7    0x22  Code  Gb  igmp.o [1]
igmp_send               0x08007b23    0x9c  Code  Lc  igmp.o [1]
igmp_start              0x0800788f    0x38  Code  Gb  igmp.o [1]
igmp_start_timer        0x08007aa1    0x24  Code  Lc  igmp.o [1]
igmp_timeout            0x08007a91    0x10  Code  Lc  igmp.o [1]
igmp_timer              0x08003f83    0x12  Code  Lc  timers.o [1]
igmp_tmr                0x08007a69    0x28  Code  Gb  igmp.o [1]
inet_chksum             0x0800bc71     0xe  Code  Gb  inet_chksum.o [1]
inet_chksum_pbuf        0x0800bc7f    0x56  Code  Gb  inet_chksum.o [1]
inseg                   0x2001bc2c    0x10  Data  Lc  tcp_in.o [1]
ip4_addr_isbroadcast    0x08001f21    0x4c  Code  Gb  ip_addr.o [1]
ip_addr_any             0x08017d6c     0x4  Data  Gb  ip_addr.o [1]
ip_addr_broadcast       0x08017d70     0x4  Data  Gb  ip_addr.o [1]
ip_id                   0x2001be10     0x2  Data  Lc  ip.o [1]
ip_input                0x080055bb   0x210  Code  Gb  ip.o [1]
ip_output               0x08005927    0x50  Code  Gb  ip.o [1]
ip_output_if            0x080057cb    0x26  Code  Gb  ip.o [1]
ip_output_if_opt        0x080057f1   0x136  Code  Gb  ip.o [1]
ip_route                0x08005569    0x52  Code  Gb  ip.o [1]
ipaddr_addr             0x08001f6d    0x16  Code  Gb  ip_addr.o [1]
ipaddr_aton             0x08001f83   0x164  Code  Gb  ip_addr.o [1]
iphdr                   0x2001bdd4     0x4  Data  Lc  tcp_in.o [1]
lmos                    0x08013ea4    0x18  Data  Lc  xttotm.o [3]
localtime               0x080136d5     0x4  Code  Gb  localtim_i.o [3]
low_level_input         0x08013961    0x4e  Code  Gb  ethernetif.o [1]
low_level_output        0x08013921    0x40  Code  Gb  ethernetif.o [1]
lwIPInit                0x0801353b    0xe0  Code  Gb  lwip.o [1]
lwIPLocalIPAddrGet      0x08013695     0x6  Code  Gb  lwip.o [1]
lwIPNetworkConfigChange
                        0x0801361b    0x7a  Code  Gb  lwip.o [1]
lwip_htonl              0x080016e7    0x18  Code  Gb  def.o [1]
lwip_htons              0x080016d1     0xc  Code  Gb  def.o [1]
lwip_init               0x08011fe5    0x24  Code  Gb  init.o [1]
lwip_ntohl              0x080016ff     0x8  Code  Gb  def.o [1]
lwip_ntohs              0x080016dd     0xa  Code  Gb  def.o [1]
lwip_sem                0x2001bb70    0x20  Data  Gb  lwip.o [1]
lwip_socket_init        0x08012009     0x2  Code  Gb  sockets.o [1]
lwip_standard_chksum    0x0800bc0d    0x64  Code  Lc  inet_chksum.o [1]
main                    0x08014bad    0x50  Code  Gb  mtfs30.o [1]
main_net                0x2001ba20    0x40  Data  Gb  lwip.o [1]
malloc                  0x08008451    0xb6  Code  Gb  xxmemxmalloc.o [3]
mbox                    0x2001bb08    0x28  Data  Lc  tcpip.o [1]
mem_init                0x08004635     0x2  Code  Gb  sys_arch.o [1]
memchr                  0x0800a799          Code  Gb  memchr.o [5]
memcpy                  0x08004823     0xe  Code  Gb  util_ringbuffer.o [1]
memp_free               0x08002ecb    0x44  Code  Gb  memp.o [1]
memp_init               0x08002e11    0x5a  Code  Gb  memp.o [1]
memp_malloc             0x08002e6b    0x60  Code  Gb  memp.o [1]
memp_memory             0x20006000  0x93a0  Data  Lc  memp.o [1]
memp_num                0x08017078    0x20  Data  Lc  memp.o [1]
memp_sizes              0x08017058    0x20  Data  Lc  memp.o [1]
memp_tab                0x2001ad8c    0x3c  Data  Lc  memp.o [1]
memset                  0x080059a5    0x14  Code  Gb  ut4b0_receiver.o [1]
mos                     0x08013ebc    0x18  Data  Lc  xttotm.o [3]
mtfs30_format_debug     0x0800fc59    0x2c  Code  Gb  mtfs30_debug.o [1]
mtfs30_init             0x08014c69    0x10  Code  Lc  mtfs30.o [1]
mtfs30_net_debug        0x08010985    0x70  Code  Gb  mtfs30_net_debug.o [1]
mtx                     0x2001bbcc    0x14  Data  Lc  xsyslock.o [3]
ndigs                   0x08014020    0x28  Data  Lc  xstoul.o [3]
net_debug_init          0x08010911    0x74  Code  Gb  mtfs30_net_debug.o [1]
net_debug_task          0x080109f5    0xba  Code  Lc  mtfs30_net_debug.o [1]
netbuf_delete           0x08011fc1    0x24  Code  Gb  netbuf.o [1]
netconn_alloc           0x080113e5    0x90  Code  Gb  api_msg.o [1]
netconn_connect         0x08010d87    0x58  Code  Gb  api_lib.o [1]
netconn_delete          0x08010d5f    0x28  Code  Gb  api_lib.o [1]
netconn_drain           0x080114ed    0xd0  Code  Lc  api_msg.o [1]
netconn_free            0x08011475    0x78  Code  Gb  api_msg.o [1]
netconn_new_with_proto_and_callback
                        0x08010ca1    0xbe  Code  Gb  api_lib.o [1]
netconn_write           0x08010ddf    0x76  Code  Gb  api_lib.o [1]
netif_add               0x0800b9d3    0x98  Code  Gb  netif.o [1]
netif_default           0x2001bd18     0x4  Data  Gb  netif.o [1]
netif_init              0x0800b9d1     0x2  Code  Gb  netif.o [1]
netif_list              0x2001bd14     0x4  Data  Gb  netif.o [1]
netif_set_addr          0x0800ba6b    0x20  Code  Gb  netif.o [1]
netif_set_default       0x0800bb0b     0x6  Code  Gb  netif.o [1]
netif_set_down          0x0800bb75    0x16  Code  Gb  netif.o [1]
netif_set_gw            0x0800baef     0xe  Code  Gb  netif.o [1]
netif_set_ipaddr        0x0800ba8b    0x64  Code  Gb  netif.o [1]
netif_set_link_callback
                        0x0800bc05     0x8  Code  Gb  netif.o [1]
netif_set_link_down     0x0800bbe3    0x22  Code  Gb  netif.o [1]
netif_set_link_up       0x0800bb8b    0x58  Code  Gb  netif.o [1]
netif_set_netmask       0x0800bafd     0xe  Code  Gb  netif.o [1]
netif_set_up            0x0800bb35    0x40  Code  Gb  netif.o [1]
next_timeout            0x2001bdf0     0x4  Data  Lc  timers.o [1]
pbuf_alloc              0x08001729   0x26e  Code  Gb  pbuf.o [1]
pbuf_cat                0x08001c51    0x78  Code  Gb  pbuf.o [1]
pbuf_chain              0x08001cc9    0x12  Code  Gb  pbuf.o [1]
pbuf_clen               0x08001c25    0x12  Code  Gb  pbuf.o [1]
pbuf_copy               0x08001cdb   0x118  Code  Gb  pbuf.o [1]
pbuf_copy_partial       0x08001df3    0xb4  Code  Gb  pbuf.o [1]
pbuf_free               0x08001b5b    0xca  Code  Gb  pbuf.o [1]
pbuf_header             0x08001a87    0xd4  Code  Gb  pbuf.o [1]
pbuf_realloc            0x08001997    0xf0  Code  Gb  pbuf.o [1]
pbuf_ref                0x08001c37    0x1a  Code  Gb  pbuf.o [1]
pcb_new                 0x08011305    0xc0  Code  Lc  api_msg.o [1]
pcf8563_ByteToPbcd      0x080136d9    0x1e  Code  Gb  PCF8563.o [1]
pcf8563_SetDateTime     0x08013871    0xb0  Code  Gb  PCF8563.o [1]
pgusart1_rb             0x2001bc48     0xc  Data  Gb  dev_usart.o [1]
poll_tcp                0x080110b3    0x80  Code  Lc  api_msg.o [1]
printf                  0x080020f5    0x24  Code  Gb  printf.o [3]
putchar                 0x08016add    0x28  Code  Gb  putchar.o [3]
pvNullPointer           0x08017e24     0x4  Data  Gb  sys_arch.o [1]
rand                    0x0800bcd5    0xc4  Code  Gb  rand.o [3]
raw_connect             0x0800b12f    0x10  Code  Gb  raw.o [1]
raw_input               0x0800b0a1    0x8e  Code  Gb  raw.o [1]
raw_new                 0x0800b181    0x2e  Code  Gb  raw.o [1]
raw_pcbs                0x2001bd9c     0x4  Data  Lc  raw.o [1]
raw_recv                0x0800b13f     0x6  Code  Gb  raw.o [1]
raw_remove              0x0800b145    0x3c  Code  Gb  raw.o [1]
reConnect_config        0x08012d09     0xc  Code  Gb  bsp_eth.o [1]
realloc                 0x08008669    0xa4  Code  Gb  realloc.o [3]
recv_data               0x2001bde0     0x4  Data  Lc  tcp_in.o [1]
recv_flags              0x2001be35     0x1  Data  Lc  tcp_in.o [1]
recv_raw                0x08010e89    0x9a  Code  Lc  api_msg.o [1]
recv_tcp                0x08010fe9    0xca  Code  Lc  api_msg.o [1]
recv_udp                0x08010f23    0xc6  Code  Lc  api_msg.o [1]
sent_tcp                0x08011133    0x80  Code  Lc  api_msg.o [1]
seqno                   0x2001bdd8     0x4  Data  Lc  tcp_in.o [1]
setup_tcp               0x080112cd    0x38  Code  Lc  api_msg.o [1]
sntp_dns_found          0x08013363    0x16  Code  Lc  sntp.o [1]
sntp_init               0x080133e3    0x4c  Code  Gb  sntp.o [1]
sntp_initialize_request
                        0x08013223    0x14  Code  Lc  sntp.o [1]
sntp_pcb                0x2001bda4     0x4  Data  Lc  sntp.o [1]
sntp_process            0x08013211    0x12  Code  Lc  sntp.o [1]
sntp_recv               0x08013263    0xa4  Code  Lc  sntp.o [1]
sntp_request            0x08013379    0x6a  Code  Lc  sntp.o [1]
sntp_retry              0x08013237    0x2c  Code  Lc  sntp.o [1]
sntp_retry_timeout      0x2001bda8     0x4  Data  Lc  sntp.o [1]
sntp_send_request       0x08013307    0x5c  Code  Lc  sntp.o [1]
sntp_stop               0x0801342f    0x2a  Code  Gb  sntp.o [1]
sprintf                 0x0800fdf5    0x34  Code  Gb  sprintf.o [3]
str16_to_int32u         0x0800fdb1    0x42  Code  Gb  util_string.o [1]
str_to_int32u           0x0800fd81    0x30  Code  Gb  util_string.o [1]
strchr                  0x0800a749          Code  Gb  strchr.o [5]
strcmp                  0x080091d9          Code  Gb  strcmp.o [5]
strcpy                  0x0800f965          Code  Gb  strcpy.o [5]
strcspn                 0x08010b43    0x22  Code  Gb  strcspn.o [3]
strlen                  0x0800a761          Code  Gb  strlen.o [5]
strncmp                 0x0800fcd1    0x2a  Code  Gb  strncmp.o [3]
strncpy                 0x08014b41          Code  Gb  strncpy.o [5]
strspn                  0x08010b21    0x22  Code  Gb  strspn.o [3]
strtok                  0x0800fc85    0x4c  Code  Gb  strtok.o [3]
sys_arch_mbox_fetch     0x080044c5    0x4a  Code  Gb  sys_arch.o [1]
sys_arch_protect        0x08004801    0x12  Code  Gb  sys_arch.o [1]
sys_arch_sem_wait       0x08004579    0x44  Code  Gb  sys_arch.o [1]
sys_arch_unprotect      0x08004813    0x10  Code  Gb  sys_arch.o [1]
sys_init                0x08004637    0x3a  Code  Gb  sys_arch.o [1]
sys_mbox_free           0x080043fd    0x4a  Code  Gb  sys_arch.o [1]
sys_mbox_new            0x080043c1    0x3c  Code  Gb  sys_arch.o [1]
sys_mbox_post           0x08004447    0x54  Code  Gb  sys_arch.o [1]
sys_mbox_set_invalid    0x0800452f    0x16  Code  Gb  sys_arch.o [1]
sys_mbox_trypost        0x0800449b    0x2a  Code  Gb  sys_arch.o [1]
sys_mbox_valid          0x0800450f    0x20  Code  Gb  sys_arch.o [1]
sys_sem_free            0x080045df    0x20  Code  Gb  sys_arch.o [1]
sys_sem_new             0x08004545    0x34  Code  Gb  sys_arch.o [1]
sys_sem_set_invalid     0x0800461f    0x16  Code  Gb  sys_arch.o [1]
sys_sem_signal          0x080045bd    0x22  Code  Gb  sys_arch.o [1]
sys_sem_valid           0x080045ff    0x20  Code  Gb  sys_arch.o [1]
sys_thread_new          0x08004671   0x134  Code  Gb  sys_arch.o [1]
sys_timeout             0x08003fe7    0x8c  Code  Gb  timers.o [1]
sys_timeouts_init       0x08003fa9    0x3e  Code  Gb  timers.o [1]
sys_timeouts_mbox_fetch
                        0x080040cb    0x82  Code  Gb  timers.o [1]
sys_untimeout           0x08004073    0x58  Code  Gb  timers.o [1]
syslock_o               0x2001bbc8     0x4  Data  Lc  xsyslock.o [3]
tcp_abandon             0x0800237d    0xb8  Code  Gb  tcp.o [1]
tcp_abort               0x08002435     0xa  Code  Gb  tcp.o [1]
tcp_accept              0x08002c79     0x4  Code  Gb  tcp.o [1]
tcp_active_pcbs         0x2001bdc4     0x4  Data  Gb  tcp.o [1]
tcp_alloc               0x08002b81    0xc4  Code  Gb  tcp.o [1]
tcp_arg                 0x08002c63     0x4  Code  Gb  tcp.o [1]
tcp_backoff             0x08017a6c    0x10  Data  Gb  tcp.o [1]
tcp_bound_pcbs          0x2001bdbc     0x4  Data  Gb  tcp.o [1]
tcp_close               0x08002311    0x1c  Code  Gb  tcp.o [1]
tcp_close_shutdown      0x08002137   0x1da  Code  Lc  tcp.o [1]
tcp_connect             0x0800255b   0x144  Code  Gb  tcp.o [1]
tcp_create_segment      0x0800301d    0xca  Code  Lc  tcp_out.o [1]
tcp_eff_send_mss        0x08002d83    0x28  Code  Gb  tcp.o [1]
tcp_enqueue_flags       0x08003701   0x1aa  Code  Gb  tcp_out.o [1]
tcp_err                 0x08002c73     0x6  Code  Gb  tcp.o [1]
tcp_fasttmr             0x08002a1d    0x80  Code  Gb  tcp.o [1]
tcp_input               0x08000185   0x576  Code  Gb  tcp_in.o [1]
tcp_input_pcb           0x2001bde4     0x4  Data  Gb  tcp_in.o [1]
tcp_keepalive           0x08003dff    0x3c  Code  Gb  tcp_out.o [1]
tcp_kill_prio           0x08002af3    0x48  Code  Lc  tcp.o [1]
tcp_kill_timewait       0x08002b3b    0x32  Code  Lc  tcp.o [1]
tcp_listen_input        0x080006fb   0x116  Code  Lc  tcp_in.o [1]
tcp_listen_pcbs         0x2001bdc0     0x4  Data  Gb  tcp.o [1]
tcp_new                 0x08002c59     0xa  Code  Gb  tcp.o [1]
tcp_new_port            0x08002507    0x54  Code  Lc  tcp.o [1]
tcp_next_iss            0x08002d6f    0x14  Code  Gb  tcp.o [1]
tcp_output              0x080038ff   0x222  Code  Gb  tcp_out.o [1]
tcp_output_alloc_header
                        0x08002f35    0xa6  Code  Lc  tcp_out.o [1]
tcp_output_segment      0x08003b21    0xd2  Code  Lc  tcp_out.o [1]
tcp_parseopt            0x080015cd    0xb0  Code  Lc  tcp_in.o [1]
tcp_pbuf_prealloc       0x080030e7    0x8c  Code  Lc  tcp_out.o [1]
tcp_pcb_lists           0x08017a7c    0x10  Data  Gb  tcp.o [1]
tcp_pcb_purge           0x08002c87    0x46  Code  Gb  tcp.o [1]
tcp_pcb_remove          0x08002ccd    0xa2  Code  Gb  tcp.o [1]
tcp_persist_backoff     0x08017cc8     0x8  Data  Gb  tcp.o [1]
tcp_poll                0x08002c7d     0xa  Code  Gb  tcp.o [1]
tcp_process             0x080008b9   0x56c  Code  Lc  tcp_in.o [1]
tcp_receive             0x08000e8d   0x73a  Code  Lc  tcp_in.o [1]
tcp_recv                0x08002c67     0x6  Code  Gb  tcp.o [1]
tcp_recv_null           0x08002acd    0x26  Code  Gb  tcp.o [1]
tcp_recved              0x080024a7    0x60  Code  Gb  tcp.o [1]
tcp_rexmit              0x08003d39    0x4e  Code  Gb  tcp_out.o [1]
tcp_rexmit_fast         0x08003d87    0x78  Code  Gb  tcp_out.o [1]
tcp_rexmit_rto          0x08003d05    0x34  Code  Gb  tcp_out.o [1]
tcp_rst                 0x08003bfd    0xa8  Code  Gb  tcp_out.o [1]
tcp_seg_free            0x08002aaf    0x1e  Code  Gb  tcp.o [1]
tcp_segs_free           0x08002a9d    0x12  Code  Gb  tcp.o [1]
tcp_send_empty_ack      0x080038ab    0x54  Code  Gb  tcp_out.o [1]
tcp_send_fin            0x08002fdb    0x42  Code  Gb  tcp_out.o [1]
tcp_sent                0x08002c6d     0x6  Code  Gb  tcp.o [1]
tcp_shutdown            0x0800232d    0x50  Code  Gb  tcp.o [1]
tcp_slowtmr             0x0800269f   0x37e  Code  Gb  tcp.o [1]
tcp_ticks               0x2001bdb8     0x4  Data  Gb  tcp.o [1]
tcp_timer               0x2001be33     0x1  Data  Lc  tcp.o [1]
tcp_timer_needed        0x08003f1b    0x2c  Code  Gb  timers.o [1]
tcp_timewait_input      0x08000811    0xa8  Code  Lc  tcp_in.o [1]
tcp_tmp_pcb             0x2001bdcc     0x4  Data  Gb  tcp.o [1]
tcp_tmr                 0x08002119    0x1e  Code  Gb  tcp.o [1]
tcp_tw_pcbs             0x2001bdc8     0x4  Data  Gb  tcp.o [1]
tcp_update_rcv_ann_wnd  0x0800243f    0x68  Code  Gb  tcp.o [1]
tcp_write               0x0800322d   0x4d4  Code  Gb  tcp_out.o [1]
tcp_write_checks        0x08003173    0xba  Code  Lc  tcp_out.o [1]
tcp_zero_window_probe   0x08003e3b    0xb6  Code  Gb  tcp_out.o [1]
tcphdr                  0x2001bdd0     0x4  Data  Lc  tcp_in.o [1]
tcpip_apimsg            0x08011f25    0x38  Code  Gb  tcpip.o [1]
tcpip_init              0x08011f5d    0x40  Code  Gb  tcpip.o [1]
tcpip_init_done         0x2001bde8     0x4  Data  Lc  tcpip.o [1]
tcpip_init_done_arg     0x2001bdec     0x4  Data  Lc  tcpip.o [1]
tcpip_input             0x08011ed7    0x4e  Code  Gb  tcpip.o [1]
tcpip_tcp_timer         0x08003ef1    0x2a  Code  Lc  timers.o [1]
tcpip_tcp_timer_active  0x2001bdf4     0x4  Data  Lc  timers.o [1]
tcpip_thread            0x08011e11    0xc6  Code  Lc  tcpip.o [1]
tcplen                  0x2001be24     0x2  Data  Lc  tcp_in.o [1]
udp_bind                0x0800b56f    0xb6  Code  Gb  udp.o [1]
udp_connect             0x0800b625    0x5a  Code  Gb  udp.o [1]
udp_input               0x0800b1bd   0x252  Code  Gb  udp.o [1]
udp_new                 0x0800b6e9    0x20  Code  Gb  udp.o [1]
udp_pcbs                0x2001bdf8     0x4  Data  Gb  udp.o [1]
udp_recv                0x0800b67f     0x6  Code  Gb  udp.o [1]
udp_remove              0x0800b685    0x3c  Code  Gb  udp.o [1]
udp_sendto              0x0800b40f    0x3c  Code  Gb  udp.o [1]
udp_sendto_if           0x0800b44b   0x124  Code  Gb  udp.o [1]
unix_time               0x2001ba60    0x2c  Data  Lc  sntp.o [1]
update_arp_entry        0x08005d4f    0xda  Code  Lc  etharp.o [1]
usart_send              0x0800fbe9    0x3e  Code  Gb  dev_usart.o [1]
ut4b0_1pps_msg_parse    0x0800f809    0x56  Code  Lc  ut4b0_receiver.o [1]
ut4b0_check_cmdhandler  0x0800eec5    0x54  Code  Lc  ut4b0_receiver.o [1]
ut4b0_checkcode_compare
                        0x0800ee89    0x3c  Code  Lc  ut4b0_receiver.o [1]
ut4b0_cmdhandle         0x2001bec8    0x70  Data  Lc  ut4b0_receiver.o [1]
ut4b0_gal_utc_msg_parse
                        0x0800f5a1    0xc0  Code  Lc  ut4b0_receiver.o [1]
ut4b0_gga_msg_parse     0x0800ef19   0x11e  Code  Lc  ut4b0_receiver.o [1]
ut4b0_gpsbds_utc_msg_parse
                        0x0800f4a1    0xf2  Code  Lc  ut4b0_receiver.o [1]
ut4b0_gsv_msg_parse     0x0800f045   0x45c  Code  Lc  ut4b0_receiver.o [1]
ut4b0_receiver_acmode_set
                        0x0800eb21   0x2b0  Code  Gb  ut4b0_receiver.o [1]
ut4b0_receiver_init     0x0800e8f9    0x56  Code  Gb  ut4b0_receiver.o [1]
ut4b0_receiver_msg_parser
                        0x0800edd1    0xb8  Code  Gb  ut4b0_receiver.o [1]
ut4b0_receiver_msg_set  0x0800e94f   0x1ce  Code  Gb  ut4b0_receiver.o [1]
ut4b0_receiver_pps_set  0x0800f865    0x36  Code  Gb  ut4b0_receiver.o [1]
util_check_crc32        0x0800fd25    0x1c  Code  Gb  util_check.o [1]
util_crc32              0x0800fcfd    0x24  Code  Gb  util_check.o [1]
util_ringbuffer_create  0x080107a9    0x2c  Code  Gb  util_ringbuffer.o [1]
util_ringbuffer_no_use  0x080107f7     0xe  Code  Gb  util_ringbuffer.o [1]
util_ringbuffer_read    0x08010805    0x80  Code  Gb  util_ringbuffer.o [1]
util_ringbuffer_used    0x080107dd    0x1a  Code  Gb  util_ringbuffer.o [1]
util_ringbuffer_write   0x08010885    0x8a  Code  Gb  util_ringbuffer.o [1]
util_xor                0x0800fd41    0x1e  Code  Gb  util_check.o [1]
util_xor_check          0x0800fd5f    0x22  Code  Gb  util_check.o [1]
vsnprintf               0x08010ae5    0x3c  Code  Gb  vsnprint.o [3]


[1] = F:\工作\MTFS30\MTFS30_20180910_01 - 副本\MTFS30_20180820\SOFTWARE\Debug\Obj
[2] = command line
[3] = dl7M_tln.a
[4] = m7M_tl.a
[5] = rt7M_tl.a
[6] = shb_l.a

   83 660 bytes of readonly  code memory
   14 407 bytes of readonly  data memory
  135 634 bytes of readwrite data memory

Errors: none
Warnings: none
