###############################################################################
#                                                                             #
# IAR ELF Linker V6.30.1.53127/W32 for ARM              14/Sep/2018  18:50:19 #
# Copyright 2007-2011 IAR Systems AB.                                         #
#                                                                             #
#    Output file  =  F:\Project\MTFS30\MTFS30_20180914_01 -                   #
#                    副本\MTFS30_20180820\SOFTWARE\Debug\Exe\Project.out      #
#    Map file     =  F:\Project\MTFS30\MTFS30_20180914_01 -                   #
#                    副本\MTFS30_20180820\SOFTWARE\Debug\List\Project.map     #
#    Command line =  "F:\Project\MTFS30\MTFS30_20180914_01 -                  #
#                    副本\MTFS30_20180820\SOFTWARE\Debug\Obj\ATT7053.o"       #
#                    "F:\Project\MTFS30\MTFS30_20180914_01 -                  #
#                    副本\MTFS30_20180820\SOFTWARE\Debug\Obj\Extent INT.o"    #
#                    "F:\Project\MTFS30\MTFS30_20180914_01 -                  #
#                    副本\MTFS30_20180820\SOFTWARE\Debug\Obj\I2C_DRV.o"       #
#                    "F:\Project\MTFS30\MTFS30_20180914_01 -                  #
#                    副本\MTFS30_20180820\SOFTWARE\Debug\Obj\PCF8563.o"       #
#                    "F:\Project\MTFS30\MTFS30_20180914_01 -                  #
#                    副本\MTFS30_20180820\SOFTWARE\Debug\Obj\Shell_main.o"    #
#                    "F:\Project\MTFS30\MTFS30_20180914_01 -                  #
#                    副本\MTFS30_20180820\SOFTWARE\Debug\Obj\W25X32.o"        #
#                    "F:\Project\MTFS30\MTFS30_20180914_01 -                  #
#                    副本\MTFS30_20180820\SOFTWARE\Debug\Obj\api_lib.o"       #
#                    "F:\Project\MTFS30\MTFS30_20180914_01 -                  #
#                    副本\MTFS30_20180820\SOFTWARE\Debug\Obj\api_msg.o"       #
#                    "F:\Project\MTFS30\MTFS30_20180914_01 -                  #
#                    副本\MTFS30_20180820\SOFTWARE\Debug\Obj\app_vect.o"      #
#                    "F:\Project\MTFS30\MTFS30_20180914_01 -                  #
#                    副本\MTFS30_20180820\SOFTWARE\Debug\Obj\autoip.o"        #
#                    "F:\Project\MTFS30\MTFS30_20180914_01 -                  #
#                    副本\MTFS30_20180820\SOFTWARE\Debug\Obj\bsp.o"           #
#                    "F:\Project\MTFS30\MTFS30_20180914_01 -                  #
#                    副本\MTFS30_20180820\SOFTWARE\Debug\Obj\bsp_eth.o"       #
#                    "F:\Project\MTFS30\MTFS30_20180914_01 -                  #
#                    副本\MTFS30_20180820\SOFTWARE\Debug\Obj\bsp_int.o"       #
#                    "F:\Project\MTFS30\MTFS30_20180914_01 -                  #
#                    副本\MTFS30_20180820\SOFTWARE\Debug\Obj\bsp_lib.o"       #
#                    "F:\Project\MTFS30\MTFS30_20180914_01 -                  #
#                    副本\MTFS30_20180820\SOFTWARE\Debug\Obj\bsp_periph.o"    #
#                    "F:\Project\MTFS30\MTFS30_20180914_01 -                  #
#                    副本\MTFS30_20180820\SOFTWARE\Debug\Obj\config.o"        #
#                    "F:\Project\MTFS30\MTFS30_20180914_01 -                  #
#                    副本\MTFS30_20180820\SOFTWARE\Debug\Obj\control.o"       #
#                    "F:\Project\MTFS30\MTFS30_20180914_01 -                  #
#                    副本\MTFS30_20180820\SOFTWARE\Debug\Obj\control_main.o"  #
#                    "F:\Project\MTFS30\MTFS30_20180914_01 -                  #
#                    副本\MTFS30_20180820\SOFTWARE\Debug\Obj\cpu_a.o"         #
#                    "F:\Project\MTFS30\MTFS30_20180914_01 -                  #
#                    副本\MTFS30_20180820\SOFTWARE\Debug\Obj\cpu_c.o"         #
#                    "F:\Project\MTFS30\MTFS30_20180914_01 -                  #
#                    副本\MTFS30_20180820\SOFTWARE\Debug\Obj\cpu_core.o"      #
#                    "F:\Project\MTFS30\MTFS30_20180914_01 -                  #
#                    副本\MTFS30_20180820\SOFTWARE\Debug\Obj\def.o"           #
#                    "F:\Project\MTFS30\MTFS30_20180914_01 -                  #
#                    副本\MTFS30_20180820\SOFTWARE\Debug\Obj\dev_usart.o"     #
#                    "F:\Project\MTFS30\MTFS30_20180914_01 -                  #
#                    副本\MTFS30_20180820\SOFTWARE\Debug\Obj\dhcp.o"          #
#                    "F:\Project\MTFS30\MTFS30_20180914_01 -                  #
#                    副本\MTFS30_20180820\SOFTWARE\Debug\Obj\dht11.o"         #
#                    "F:\Project\MTFS30\MTFS30_20180914_01 -                  #
#                    副本\MTFS30_20180820\SOFTWARE\Debug\Obj\dns.o"           #
#                    "F:\Project\MTFS30\MTFS30_20180914_01 -                  #
#                    副本\MTFS30_20180820\SOFTWARE\Debug\Obj\err.o"           #
#                    "F:\Project\MTFS30\MTFS30_20180914_01 -                  #
#                    副本\MTFS30_20180820\SOFTWARE\Debug\Obj\etharp.o"        #
#                    "F:\Project\MTFS30\MTFS30_20180914_01 -                  #
#                    副本\MTFS30_20180820\SOFTWARE\Debug\Obj\ethernetif.o"    #
#                    "F:\Project\MTFS30\MTFS30_20180914_01 -                  #
#                    副本\MTFS30_20180820\SOFTWARE\Debug\Obj\fs.o"            #
#                    "F:\Project\MTFS30\MTFS30_20180914_01 -                  #
#                    副本\MTFS30_20180820\SOFTWARE\Debug\Obj\gnss_handler.o"  #
#                    "F:\Project\MTFS30\MTFS30_20180914_01 -                  #
#                    副本\MTFS30_20180820\SOFTWARE\Debug\Obj\gnss_main.o"     #
#                    "F:\Project\MTFS30\MTFS30_20180914_01 -                  #
#                    副本\MTFS30_20180820\SOFTWARE\Debug\Obj\gnss_receiver.o" #
#                     "F:\Project\MTFS30\MTFS30_20180914_01 -                 #
#                    副本\MTFS30_20180820\SOFTWARE\Debug\Obj\httpd.o"         #
#                    "F:\Project\MTFS30\MTFS30_20180914_01 -                  #
#                    副本\MTFS30_20180820\SOFTWARE\Debug\Obj\icmp.o"          #
#                    "F:\Project\MTFS30\MTFS30_20180914_01 -                  #
#                    副本\MTFS30_20180820\SOFTWARE\Debug\Obj\igmp.o"          #
#                    "F:\Project\MTFS30\MTFS30_20180914_01 -                  #
#                    副本\MTFS30_20180820\SOFTWARE\Debug\Obj\inet.o"          #
#                    "F:\Project\MTFS30\MTFS30_20180914_01 -                  #
#                    副本\MTFS30_20180820\SOFTWARE\Debug\Obj\inet_chksum.o"   #
#                    "F:\Project\MTFS30\MTFS30_20180914_01 -                  #
#                    副本\MTFS30_20180820\SOFTWARE\Debug\Obj\init.o"          #
#                    "F:\Project\MTFS30\MTFS30_20180914_01 -                  #
#                    副本\MTFS30_20180820\SOFTWARE\Debug\Obj\ip.o"            #
#                    "F:\Project\MTFS30\MTFS30_20180914_01 -                  #
#                    副本\MTFS30_20180820\SOFTWARE\Debug\Obj\ip_addr.o"       #
#                    "F:\Project\MTFS30\MTFS30_20180914_01 -                  #
#                    副本\MTFS30_20180820\SOFTWARE\Debug\Obj\ip_frag.o"       #
#                    "F:\Project\MTFS30\MTFS30_20180914_01 -                  #
#                    副本\MTFS30_20180820\SOFTWARE\Debug\Obj\lib_ascii.o"     #
#                    "F:\Project\MTFS30\MTFS30_20180914_01 -                  #
#                    副本\MTFS30_20180820\SOFTWARE\Debug\Obj\lib_math.o"      #
#                    "F:\Project\MTFS30\MTFS30_20180914_01 -                  #
#                    副本\MTFS30_20180820\SOFTWARE\Debug\Obj\lib_mem.o"       #
#                    "F:\Project\MTFS30\MTFS30_20180914_01 -                  #
#                    副本\MTFS30_20180820\SOFTWARE\Debug\Obj\lib_str.o"       #
#                    "F:\Project\MTFS30\MTFS30_20180914_01 -                  #
#                    副本\MTFS30_20180820\SOFTWARE\Debug\Obj\loopif.o"        #
#                    "F:\Project\MTFS30\MTFS30_20180914_01 -                  #
#                    副本\MTFS30_20180820\SOFTWARE\Debug\Obj\lwip.o"          #
#                    "F:\Project\MTFS30\MTFS30_20180914_01 -                  #
#                    副本\MTFS30_20180820\SOFTWARE\Debug\Obj\memp.o"          #
#                    "F:\Project\MTFS30\MTFS30_20180914_01 -                  #
#                    副本\MTFS30_20180820\SOFTWARE\Debug\Obj\misc.o"          #
#                    "F:\Project\MTFS30\MTFS30_20180914_01 -                  #
#                    副本\MTFS30_20180820\SOFTWARE\Debug\Obj\mtfs30.o"        #
#                    "F:\Project\MTFS30\MTFS30_20180914_01 -                  #
#                    副本\MTFS30_20180820\SOFTWARE\Debug\Obj\mtfs30_debug.o"  #
#                    "F:\Project\MTFS30\MTFS30_20180914_01 -                  #
#                    副本\MTFS30_20180820\SOFTWARE\Debug\Obj\mtfs30_net_debug #
#                    .o" "F:\Project\MTFS30\MTFS30_20180914_01 -              #
#                    副本\MTFS30_20180820\SOFTWARE\Debug\Obj\mtfs30_timer.o"  #
#                    "F:\Project\MTFS30\MTFS30_20180914_01 -                  #
#                    副本\MTFS30_20180820\SOFTWARE\Debug\Obj\netbuf.o"        #
#                    "F:\Project\MTFS30\MTFS30_20180914_01 -                  #
#                    副本\MTFS30_20180820\SOFTWARE\Debug\Obj\netdb.o"         #
#                    "F:\Project\MTFS30\MTFS30_20180914_01 -                  #
#                    副本\MTFS30_20180820\SOFTWARE\Debug\Obj\netif.o"         #
#                    "F:\Project\MTFS30\MTFS30_20180914_01 -                  #
#                    副本\MTFS30_20180820\SOFTWARE\Debug\Obj\netifapi.o"      #
#                    "F:\Project\MTFS30\MTFS30_20180914_01 -                  #
#                    副本\MTFS30_20180820\SOFTWARE\Debug\Obj\os_app_hooks.o"  #
#                    "F:\Project\MTFS30\MTFS30_20180914_01 -                  #
#                    副本\MTFS30_20180820\SOFTWARE\Debug\Obj\os_cfg_app.o"    #
#                    "F:\Project\MTFS30\MTFS30_20180914_01 -                  #
#                    副本\MTFS30_20180820\SOFTWARE\Debug\Obj\os_core.o"       #
#                    "F:\Project\MTFS30\MTFS30_20180914_01 -                  #
#                    副本\MTFS30_20180820\SOFTWARE\Debug\Obj\os_cpu_a.o"      #
#                    "F:\Project\MTFS30\MTFS30_20180914_01 -                  #
#                    副本\MTFS30_20180820\SOFTWARE\Debug\Obj\os_cpu_c.o"      #
#                    "F:\Project\MTFS30\MTFS30_20180914_01 -                  #
#                    副本\MTFS30_20180820\SOFTWARE\Debug\Obj\os_dbg.o"        #
#                    "F:\Project\MTFS30\MTFS30_20180914_01 -                  #
#                    副本\MTFS30_20180820\SOFTWARE\Debug\Obj\os_flag.o"       #
#                    "F:\Project\MTFS30\MTFS30_20180914_01 -                  #
#                    副本\MTFS30_20180820\SOFTWARE\Debug\Obj\os_int.o"        #
#                    "F:\Project\MTFS30\MTFS30_20180914_01 -                  #
#                    副本\MTFS30_20180820\SOFTWARE\Debug\Obj\os_mem.o"        #
#                    "F:\Project\MTFS30\MTFS30_20180914_01 -                  #
#                    副本\MTFS30_20180820\SOFTWARE\Debug\Obj\os_msg.o"        #
#                    "F:\Project\MTFS30\MTFS30_20180914_01 -                  #
#                    副本\MTFS30_20180820\SOFTWARE\Debug\Obj\os_mutex.o"      #
#                    "F:\Project\MTFS30\MTFS30_20180914_01 -                  #
#                    副本\MTFS30_20180820\SOFTWARE\Debug\Obj\os_pend_multi.o" #
#                     "F:\Project\MTFS30\MTFS30_20180914_01 -                 #
#                    副本\MTFS30_20180820\SOFTWARE\Debug\Obj\os_prio.o"       #
#                    "F:\Project\MTFS30\MTFS30_20180914_01 -                  #
#                    副本\MTFS30_20180820\SOFTWARE\Debug\Obj\os_q.o"          #
#                    "F:\Project\MTFS30\MTFS30_20180914_01 -                  #
#                    副本\MTFS30_20180820\SOFTWARE\Debug\Obj\os_sem.o"        #
#                    "F:\Project\MTFS30\MTFS30_20180914_01 -                  #
#                    副本\MTFS30_20180820\SOFTWARE\Debug\Obj\os_stat.o"       #
#                    "F:\Project\MTFS30\MTFS30_20180914_01 -                  #
#                    副本\MTFS30_20180820\SOFTWARE\Debug\Obj\os_task.o"       #
#                    "F:\Project\MTFS30\MTFS30_20180914_01 -                  #
#                    副本\MTFS30_20180820\SOFTWARE\Debug\Obj\os_tick.o"       #
#                    "F:\Project\MTFS30\MTFS30_20180914_01 -                  #
#                    副本\MTFS30_20180820\SOFTWARE\Debug\Obj\os_time.o"       #
#                    "F:\Project\MTFS30\MTFS30_20180914_01 -                  #
#                    副本\MTFS30_20180820\SOFTWARE\Debug\Obj\os_tmr.o"        #
#                    "F:\Project\MTFS30\MTFS30_20180914_01 -                  #
#                    副本\MTFS30_20180820\SOFTWARE\Debug\Obj\os_var.o"        #
#                    "F:\Project\MTFS30\MTFS30_20180914_01 -                  #
#                    副本\MTFS30_20180820\SOFTWARE\Debug\Obj\pbuf.o"          #
#                    "F:\Project\MTFS30\MTFS30_20180914_01 -                  #
#                    副本\MTFS30_20180820\SOFTWARE\Debug\Obj\raw.o"           #
#                    "F:\Project\MTFS30\MTFS30_20180914_01 -                  #
#                    副本\MTFS30_20180820\SOFTWARE\Debug\Obj\sensor_main.o"   #
#                    "F:\Project\MTFS30\MTFS30_20180914_01 -                  #
#                    副本\MTFS30_20180820\SOFTWARE\Debug\Obj\serial.o"        #
#                    "F:\Project\MTFS30\MTFS30_20180914_01 -                  #
#                    副本\MTFS30_20180820\SOFTWARE\Debug\Obj\slipif.o"        #
#                    "F:\Project\MTFS30\MTFS30_20180914_01 -                  #
#                    副本\MTFS30_20180820\SOFTWARE\Debug\Obj\snmp_SNMP.o"     #
#                    "F:\Project\MTFS30\MTFS30_20180914_01 -                  #
#                    副本\MTFS30_20180820\SOFTWARE\Debug\Obj\snmp_flash.o"    #
#                    "F:\Project\MTFS30\MTFS30_20180914_01 -                  #
#                    副本\MTFS30_20180820\SOFTWARE\Debug\Obj\snmp_main.o"     #
#                    "F:\Project\MTFS30\MTFS30_20180914_01 -                  #
#                    副本\MTFS30_20180820\SOFTWARE\Debug\Obj\snmp_mib.o"      #
#                    "F:\Project\MTFS30\MTFS30_20180914_01 -                  #
#                    副本\MTFS30_20180820\SOFTWARE\Debug\Obj\snmp_snmpAgent.o #
#                    " "F:\Project\MTFS30\MTFS30_20180914_01 -                #
#                    副本\MTFS30_20180820\SOFTWARE\Debug\Obj\snmp_snmpInit.o" #
#                     "F:\Project\MTFS30\MTFS30_20180914_01 -                 #
#                    副本\MTFS30_20180820\SOFTWARE\Debug\Obj\snmp_snmpRefresh #
#                    .o" "F:\Project\MTFS30\MTFS30_20180914_01 -              #
#                    副本\MTFS30_20180820\SOFTWARE\Debug\Obj\sntp.o"          #
#                    "F:\Project\MTFS30\MTFS30_20180914_01 -                  #
#                    副本\MTFS30_20180820\SOFTWARE\Debug\Obj\sntp_main.o"     #
#                    "F:\Project\MTFS30\MTFS30_20180914_01 -                  #
#                    副本\MTFS30_20180820\SOFTWARE\Debug\Obj\sockets.o"       #
#                    "F:\Project\MTFS30\MTFS30_20180914_01 -                  #
#                    副本\MTFS30_20180820\SOFTWARE\Debug\Obj\stats.o"         #
#                    "F:\Project\MTFS30\MTFS30_20180914_01 -                  #
#                    副本\MTFS30_20180820\SOFTWARE\Debug\Obj\stm32f4x7_eth.o" #
#                     "F:\Project\MTFS30\MTFS30_20180914_01 -                 #
#                    副本\MTFS30_20180820\SOFTWARE\Debug\Obj\stm32f4xx_adc.o" #
#                     "F:\Project\MTFS30\MTFS30_20180914_01 -                 #
#                    副本\MTFS30_20180820\SOFTWARE\Debug\Obj\stm32f4xx_can.o" #
#                     "F:\Project\MTFS30\MTFS30_20180914_01 -                 #
#                    副本\MTFS30_20180820\SOFTWARE\Debug\Obj\stm32f4xx_crc.o" #
#                     "F:\Project\MTFS30\MTFS30_20180914_01 -                 #
#                    副本\MTFS30_20180820\SOFTWARE\Debug\Obj\stm32f4xx_cryp.o #
#                    " "F:\Project\MTFS30\MTFS30_20180914_01 -                #
#                    副本\MTFS30_20180820\SOFTWARE\Debug\Obj\stm32f4xx_cryp_a #
#                    es.o" "F:\Project\MTFS30\MTFS30_20180914_01 -            #
#                    副本\MTFS30_20180820\SOFTWARE\Debug\Obj\stm32f4xx_cryp_d #
#                    es.o" "F:\Project\MTFS30\MTFS30_20180914_01 -            #
#                    副本\MTFS30_20180820\SOFTWARE\Debug\Obj\stm32f4xx_cryp_t #
#                    des.o" "F:\Project\MTFS30\MTFS30_20180914_01 -           #
#                    副本\MTFS30_20180820\SOFTWARE\Debug\Obj\stm32f4xx_dac.o" #
#                     "F:\Project\MTFS30\MTFS30_20180914_01 -                 #
#                    副本\MTFS30_20180820\SOFTWARE\Debug\Obj\stm32f4xx_dbgmcu #
#                    .o" "F:\Project\MTFS30\MTFS30_20180914_01 -              #
#                    副本\MTFS30_20180820\SOFTWARE\Debug\Obj\stm32f4xx_dcmi.o #
#                    " "F:\Project\MTFS30\MTFS30_20180914_01 -                #
#                    副本\MTFS30_20180820\SOFTWARE\Debug\Obj\stm32f4xx_dma.o" #
#                     "F:\Project\MTFS30\MTFS30_20180914_01 -                 #
#                    副本\MTFS30_20180820\SOFTWARE\Debug\Obj\stm32f4xx_exti.o #
#                    " "F:\Project\MTFS30\MTFS30_20180914_01 -                #
#                    副本\MTFS30_20180820\SOFTWARE\Debug\Obj\stm32f4xx_flash. #
#                    o" "F:\Project\MTFS30\MTFS30_20180914_01 -               #
#                    副本\MTFS30_20180820\SOFTWARE\Debug\Obj\stm32f4xx_fsmc.o #
#                    " "F:\Project\MTFS30\MTFS30_20180914_01 -                #
#                    副本\MTFS30_20180820\SOFTWARE\Debug\Obj\stm32f4xx_gpio.o #
#                    " "F:\Project\MTFS30\MTFS30_20180914_01 -                #
#                    副本\MTFS30_20180820\SOFTWARE\Debug\Obj\stm32f4xx_hash.o #
#                    " "F:\Project\MTFS30\MTFS30_20180914_01 -                #
#                    副本\MTFS30_20180820\SOFTWARE\Debug\Obj\stm32f4xx_hash_m #
#                    d5.o" "F:\Project\MTFS30\MTFS30_20180914_01 -            #
#                    副本\MTFS30_20180820\SOFTWARE\Debug\Obj\stm32f4xx_hash_s #
#                    ha1.o" "F:\Project\MTFS30\MTFS30_20180914_01 -           #
#                    副本\MTFS30_20180820\SOFTWARE\Debug\Obj\stm32f4xx_i2c.o" #
#                     "F:\Project\MTFS30\MTFS30_20180914_01 -                 #
#                    副本\MTFS30_20180820\SOFTWARE\Debug\Obj\stm32f4xx_iwdg.o #
#                    " "F:\Project\MTFS30\MTFS30_20180914_01 -                #
#                    副本\MTFS30_20180820\SOFTWARE\Debug\Obj\stm32f4xx_pwr.o" #
#                     "F:\Project\MTFS30\MTFS30_20180914_01 -                 #
#                    副本\MTFS30_20180820\SOFTWARE\Debug\Obj\stm32f4xx_rcc.o" #
#                     "F:\Project\MTFS30\MTFS30_20180914_01 -                 #
#                    副本\MTFS30_20180820\SOFTWARE\Debug\Obj\stm32f4xx_rng.o" #
#                     "F:\Project\MTFS30\MTFS30_20180914_01 -                 #
#                    副本\MTFS30_20180820\SOFTWARE\Debug\Obj\stm32f4xx_rtc.o" #
#                     "F:\Project\MTFS30\MTFS30_20180914_01 -                 #
#                    副本\MTFS30_20180820\SOFTWARE\Debug\Obj\stm32f4xx_sdio.o #
#                    " "F:\Project\MTFS30\MTFS30_20180914_01 -                #
#                    副本\MTFS30_20180820\SOFTWARE\Debug\Obj\stm32f4xx_spi.o" #
#                     "F:\Project\MTFS30\MTFS30_20180914_01 -                 #
#                    副本\MTFS30_20180820\SOFTWARE\Debug\Obj\stm32f4xx_syscfg #
#                    .o" "F:\Project\MTFS30\MTFS30_20180914_01 -              #
#                    副本\MTFS30_20180820\SOFTWARE\Debug\Obj\stm32f4xx_tim.o" #
#                     "F:\Project\MTFS30\MTFS30_20180914_01 -                 #
#                    副本\MTFS30_20180820\SOFTWARE\Debug\Obj\stm32f4xx_usart. #
#                    o" "F:\Project\MTFS30\MTFS30_20180914_01 -               #
#                    副本\MTFS30_20180820\SOFTWARE\Debug\Obj\stm32f4xx_wwdg.o #
#                    " "F:\Project\MTFS30\MTFS30_20180914_01 -                #
#                    副本\MTFS30_20180820\SOFTWARE\Debug\Obj\sys_arch.o"      #
#                    "F:\Project\MTFS30\MTFS30_20180914_01 -                  #
#                    副本\MTFS30_20180820\SOFTWARE\Debug\Obj\system_stm32f4xx #
#                    .o" "F:\Project\MTFS30\MTFS30_20180914_01 -              #
#                    副本\MTFS30_20180820\SOFTWARE\Debug\Obj\tcp.o"           #
#                    "F:\Project\MTFS30\MTFS30_20180914_01 -                  #
#                    副本\MTFS30_20180820\SOFTWARE\Debug\Obj\tcp_in.o"        #
#                    "F:\Project\MTFS30\MTFS30_20180914_01 -                  #
#                    副本\MTFS30_20180820\SOFTWARE\Debug\Obj\tcp_out.o"       #
#                    "F:\Project\MTFS30\MTFS30_20180914_01 -                  #
#                    副本\MTFS30_20180820\SOFTWARE\Debug\Obj\tcpip.o"         #
#                    "F:\Project\MTFS30\MTFS30_20180914_01 -                  #
#                    副本\MTFS30_20180820\SOFTWARE\Debug\Obj\timers.o"        #
#                    "F:\Project\MTFS30\MTFS30_20180914_01 -                  #
#                    副本\MTFS30_20180820\SOFTWARE\Debug\Obj\udp.o"           #
#                    "F:\Project\MTFS30\MTFS30_20180914_01 -                  #
#                    副本\MTFS30_20180820\SOFTWARE\Debug\Obj\ustdlib.o"       #
#                    "F:\Project\MTFS30\MTFS30_20180914_01 -                  #
#                    副本\MTFS30_20180820\SOFTWARE\Debug\Obj\ut4b0_receiver.o #
#                    " "F:\Project\MTFS30\MTFS30_20180914_01 -                #
#                    副本\MTFS30_20180820\SOFTWARE\Debug\Obj\util_check.o"    #
#                    "F:\Project\MTFS30\MTFS30_20180914_01 -                  #
#                    副本\MTFS30_20180820\SOFTWARE\Debug\Obj\util_ringbuffer. #
#                    o" "F:\Project\MTFS30\MTFS30_20180914_01 -               #
#                    副本\MTFS30_20180820\SOFTWARE\Debug\Obj\util_string.o"   #
#                    "F:\Project\MTFS30\MTFS30_20180914_01 -                  #
#                    副本\MTFS30_20180820\SOFTWARE\Debug\Obj\web_main.o" -o   #
#                    "F:\Project\MTFS30\MTFS30_20180914_01 -                  #
#                    副本\MTFS30_20180820\SOFTWARE\Debug\Exe\Project.out"     #
#                    --map "F:\Project\MTFS30\MTFS30_20180914_01 -            #
#                    副本\MTFS30_20180820\SOFTWARE\Debug\List\Project.map"    #
#                    --config "F:\Project\MTFS30\MTFS30_20180914_01 -         #
#                    副本\MTFS30_20180820\SOFTWARE\BSP\stm32f407xE.icf"       #
#                    --semihosting --entry __iar_program_start --vfe          #
#                                                                             #
#                                                                             #
###############################################################################

*******************************************************************************
*** RUNTIME MODEL ATTRIBUTES
***

CppFlavor       = *
__Heap_Handler  = Basic
__SystemLibrary = DLib


*******************************************************************************
*** PLACEMENT SUMMARY
***

"A1":  place at 0x08000000 { ro section .intvec };
"P1":  place in [from 0x08000000 to 0x0807ffff] { ro };
"P3":  place in [from 0x10000000 to 0x1000ffff] { block CSTACK, section .ccram };
"P4":  place in [from 0x20000000 to 0x2001bfff] |
                [from 0x2001c000 to 0x2001ffff] { rw, block HEAP };

  Section             Kind        Address     Size  Object
  -------             ----        -------     ----  ------
"A1":                                        0x184
  .intvec             const    0x08000000    0x184  app_vect.o [1]
                             - 0x08000184    0x184

"P1":                                      0x17638
  .text               ro code  0x08000184   0x154c  tcp_in.o [1]
  .text               ro code  0x080016d0     0x36  def.o [1]
  .text               ro code  0x08001706     0x22  zero_init3.o [5]
  .text               ro code  0x08001728    0x7f8  pbuf.o [1]
  .text               ro code  0x08001f20    0x1d4  ip_addr.o [1]
  .text               ro code  0x080020f4     0x24  printf.o [3]
  .text               ro code  0x08002118    0xcf8  tcp.o [1]
  .text               ro code  0x08002e10    0x124  memp.o [1]
  .text               ro code  0x08002f34    0xfbc  tcp_out.o [1]
  .text               ro code  0x08003ef0    0x284  timers.o [1]
  .text               ro code  0x08004174    0x24c  bsp_lib.o [1]
  .text               ro code  0x080043c0    0x462  sys_arch.o [1]
  .text               ro code  0x08004822      0xe  util_ringbuffer.o [1]
  .text               ro code  0x08004830    0xd1e  xprintffull_nomb.o [3]
  .text               ro code  0x0800554e     0x1a  xsnprout.o [3]
  .text               ro code  0x08005568    0x43c  ip.o [1]
  .text               ro code  0x080059a4     0x14  ut4b0_receiver.o [1]
  .text               ro code  0x080059b8    0xae4  etharp.o [1]
  .text               ro code  0x0800649c   0x13dc  dhcp.o [1]
  .text               ro code  0x08007878    0x36c  igmp.o [1]
  .text               ro code  0x08007be4    0x694  dns.o [1]
  CODE                ro code  0x08008278     0x2a  cpu_a.o [1]
  .text               ro code  0x080082a2      0xa  xsprout.o [3]
  .text               ro code  0x080082ac    0x1a4  cpu_core.o [1]
  .text               ro code  0x08008450     0xbc  xxmemxmalloc.o [3]
  .text               ro code  0x0800850c     0x88  xxmemxfree.o [3]
  .text               ro code  0x08008594    0x178  realloc.o [3]
  .text               ro code  0x0800870c    0x818  os_q.o [1]
  .text               ro code  0x08008f24    0x2b4  os_time.o [1]
  .text               ro code  0x080091d8     0x42  strcmp.o [5]
  .rodata             const    0x0800921a      0x2  os_cfg_app.o [1]
  .text               ro code  0x0800921c    0x604  os_sem.o [1]
  .text               ro code  0x08009820    0x1b4  os_mem.o [1]
  .text               ro code  0x080099d4    0xcfc  os_task.o [1]
  .text               ro code  0x0800a6d0     0x76  ABImemcpy.o [5]
  .rodata             const    0x0800a746      0x2  os_cfg_app.o [1]
  .text               ro code  0x0800a748     0x16  strchr.o [5]
  .rodata             const    0x0800a75e      0x2  os_cfg_app.o [1]
  .text               ro code  0x0800a760     0x36  strlen.o [5]
  .rodata             const    0x0800a796      0x2  os_cfg_app.o [1]
  .text               ro code  0x0800a798     0x58  memchr.o [5]
  .text               ro code  0x0800a7f0     0xee  I64DivMod.o [5]
  .text               ro code  0x0800a8de     0x44  xdnorm.o [4]
  .rodata             const    0x0800a922      0x2  os_cfg_app.o [1]
  .text               ro code  0x0800a924     0x2e  DblCmpLe.o [4]
  .rodata             const    0x0800a952      0x2  os_cfg_app.o [1]
  .text               ro code  0x0800a954     0x2e  DblCmpGe.o [4]
  .rodata             const    0x0800a982      0x2  os_cfg_app.o [1]
  .text               ro code  0x0800a984    0x11a  xdscale.o [4]
  .rodata             const    0x0800aa9e      0x2  os_cfg_app.o [1]
  .text               ro code  0x0800aaa0     0x58  DblToI32.o [4]
  .text               ro code  0x0800aaf8     0x30  I32ToDbl.o [4]
  .text               ro code  0x0800ab28    0x180  DblSub.o [4]
  .text               ro code  0x0800aca8    0x1a2  DblMul.o [4]
  .rodata             const    0x0800ae4a      0x2  os_cfg_app.o [1]
  .text               ro code  0x0800ae4c    0x246  DblDiv.o [4]
  .text               ro code  0x0800b092      0xe  div.o [3]
  .text               ro code  0x0800b0a0    0x11c  raw.o [1]
  .text               ro code  0x0800b1bc    0x54c  udp.o [1]
  .text               ro code  0x0800b708    0x260  icmp.o [1]
  .text               ro code  0x0800b968     0x66  ABImemset.o [5]
  .rodata             const    0x0800b9ce      0x2  os_cfg_app.o [1]
  .text               ro code  0x0800b9d0    0x23c  netif.o [1]
  .text               ro code  0x0800bc0c     0xc8  inet_chksum.o [1]
  .text               ro code  0x0800bcd4     0xc4  rand.o [3]
  .text               ro code  0x0800bd98     0x6a  lib_mem.o [1]
  .rodata             const    0x0800be02      0x2  os_cfg_app.o [1]
  .text               ro code  0x0800be04     0x54  bsp.o [1]
  .text               ro code  0x0800be58     0x94  xsyslock.o [3]
  .text               ro code  0x0800beec     0x28  xgetmemchunk.o [3]
  .text               ro code  0x0800bf14     0x78  ABImemmove.o [5]
  .text               ro code  0x0800bf8c    0xb98  os_core.o [1]
  .text               ro code  0x0800cb24    0x1f4  os_msg.o [1]
  .text               ro code  0x0800cd18    0x3c0  os_int.o [1]
  .text               ro code  0x0800d0d8    0x3d4  os_tick.o [1]
  .text               ro code  0x0800d4ac    0x22c  os_cpu_c.o [1]
  .text               ro code  0x0800d6d8     0x8c  os_prio.o [1]
  .text               ro code  0x0800d764      0x2  I64DivZer.o [5]
  .rodata             const    0x0800d766      0x2  os_dbg.o [1]
  .text               ro code  0x0800d768     0xd4  DblAdd.o [4]
  .text               ro code  0x0800d83c      0x2  xtls.o [3]
  .rodata             const    0x0800d83e      0x2  os_dbg.o [1]
  .text               ro code  0x0800d840     0xec  stm32f4xx_exti.o [1]
  .text               ro code  0x0800d92c    0x1e8  stm32f4xx_rcc.o [1]
  .text               ro code  0x0800db14      0x8  xmtx.o [3]
  .text               ro code  0x0800db1c    0x3e0  os_stat.o [1]
  .text               ro code  0x0800defc    0x27c  os_flag.o [1]
  .text               ro code  0x0800e178     0x34  os_mutex.o [1]
  .text               ro code  0x0800e1ac    0x304  os_tmr.o [1]
  .text               ro code  0x0800e4b0    0x208  os_dbg.o [1]
  .text               ro code  0x0800e6b8    0x1b8  os_cfg_app.o [1]
  CODE                ro code  0x0800e870     0x88  os_cpu_a.o [1]
  .text               ro code  0x0800e8f8    0xf88  api_msg.o [1]
  .text               ro code  0x0800f880     0x24  netbuf.o [1]
  .text               ro code  0x0800f8a4    0xb58  ut4b0_receiver.o [1]
  .text               ro code  0x080103fc     0x44  strcpy.o [5]
  .text               ro code  0x08010440    0x2a0  dev_usart.o [1]
  .text               ro code  0x080106e0     0x4c  strtok.o [3]
  .text               ro code  0x0801072c     0x2a  strncmp.o [3]
  .text               ro code  0x08010756     0x3c  mtfs30_debug.o [1]
  .rodata             const    0x08010792      0x2  os_dbg.o [1]
  .text               ro code  0x08010794     0x84  util_check.o [1]
  .text               ro code  0x08010818     0xba  util_string.o [1]
  .rodata             const    0x080108d2      0x2  os_dbg.o [1]
  .text               ro code  0x080108d4     0x6c  strncpy.o [5]
  .text               ro code  0x08010940      0x6  ABImemclr4.o [5]
  .rodata             const    0x08010946      0x2  os_dbg.o [1]
  .text               ro code  0x08010948     0x34  sprintf.o [3]
  .text               ro code  0x0801097c     0xf8  stm32f4xx_gpio.o [1]
  .text               ro code  0x08010a74     0x78  misc.o [1]
  .text               ro code  0x08010aec    0x1de  stm32f4xx_usart.o [1]
  .rodata             const    0x08010cca      0x2  os_dbg.o [1]
  .text               ro code  0x08010ccc    0x3a8  bsp_int.o [1]
  .text               ro code  0x08011074    0x254  stm32f4xx_dma.o [1]
  .text               ro code  0x080112c8    0x166  util_ringbuffer.o [1]
  .text               ro code  0x0801142e     0x22  strspn.o [3]
  .text               ro code  0x08011450     0x22  strcspn.o [3]
  .rodata             const    0x08011472      0x2  os_dbg.o [1]
  .text               ro code  0x08011474    0x1dc  mtfs30_net_debug.o [1]
  .text               ro code  0x08011650     0x3c  vsnprint.o [3]
  .text               ro code  0x0801168c     0x32  ABImemset48.o [5]
  .rodata             const    0x080116be      0x2  os_dbg.o [1]
  .text               ro code  0x080116c0    0x13c  cpu_c.o [1]
  .text               ro code  0x080117fc    0x1e8  api_lib.o [1]
  .text               ro code  0x080119e4    0x1b0  tcpip.o [1]
  .text               ro code  0x08011b94     0x24  init.o [1]
  .text               ro code  0x08011bb8      0x2  sockets.o [1]
  .rodata             const    0x08011bba      0x2  os_dbg.o [1]
  .text               ro code  0x08011bbc    0xa84  stm32f4x7_eth.o [1]
  .text               ro code  0x08012640     0x48  ATT7053.o [1]
  .text               ro code  0x08012688    0x432  bsp_eth.o [1]
  .rodata             const    0x08012aba      0x2  os_dbg.o [1]
  .text               ro code  0x08012abc     0x28  bsp_periph.o [1]
  .text               ro code  0x08012ae4     0x60  stm32f4xx_syscfg.o [1]
  .text               ro code  0x08012b44    0x1b8  config.o [1]
  .text               ro code  0x08012cfc     0xc4  W25X32.o [1]
  .text               ro code  0x08012dc0    0x2f8  sntp.o [1]
  .text               ro code  0x080130b8    0x1cc  lwip.o [1]
  .text               ro code  0x08013284      0x4  localtim_i.o [3]
  .text               ro code  0x08013288    0x248  PCF8563.o [1]
  .text               ro code  0x080134d0    0x132  ethernetif.o [1]
  .rodata             const    0x08013602      0x2  os_dbg.o [1]
  .text               ro code  0x08013604     0xb2  localtim.o [3]
  .rodata             const    0x080136b6      0x2  os_dbg.o [1]
  .text               ro code  0x080136b8    0x182  I2C_DRV.o [1]
  .rodata             const    0x0801383a      0x2  os_dbg.o [1]
  .text               ro code  0x0801383c     0x29  setlocale.o [3]
  .rodata             const    0x08013866      0x2  os_dbg.o [1]
  .text               ro code  0x08013868      0xa  getzone.o [3]
  .text               ro code  0x08013872     0x42  xgettime.o [3]
  .text               ro code  0x080138b4     0x84  xstol.o [3]
  .text               ro code  0x08013938    0x14c  xttotm.o [3]
  .text               ro code  0x08013a84    0x174  xstoul.o [3]
  .text               ro code  0x08013bf8      0xc  errno.o [3]
  .text               ro code  0x08013c04    0x138  xisdst.o [3]
  .text               ro code  0x08013d3c    0x120  xgetdst.o [3]
  .rodata             const    0x08013e5c    0x400  util_check.o [1]
  .rodata             const    0x0801425c    0x23c  config.o [1]
  .text               ro code  0x08014498    0x144  system_stm32f4xx.o [1]
  .text               ro code  0x080145dc     0xcc  mtfs30.o [1]
  .text               ro code  0x080146a8     0xb4  gnss_main.o [1]
  .text               ro code  0x0801475c     0x44  gnss_receiver.o [1]
  .text               ro code  0x080147a0     0xa0  packbits_init3.o [5]
  .rodata             const    0x08014840     0x6c  sys_arch.o [1]
  .text               ro code  0x080148ac     0x6c  iarttio.o [6]
  .text               ro code  0x08014918      0x8  XShttio.o [3]
  .rodata             const    0x08014920     0x68  ut4b0_receiver.o [1]
  .rodata             const    0x08014988     0x64  ut4b0_receiver.o [1]
  .rodata             const    0x080149ec     0x60  ip_addr.o [1]
  .rodata             const    0x08014a4c     0x5c  api_lib.o [1]
  .rodata             const    0x08014aa8     0x5c  api_msg.o [1]
  .rodata             const    0x08014b04     0x5c  etharp.o [1]
  .rodata             const    0x08014b60     0x5c  icmp.o [1]
  .rodata             const    0x08014bbc     0x5c  igmp.o [1]
  .rodata             const    0x08014c18     0x5c  ip.o [1]
  .rodata             const    0x08014c74     0x5c  tcp_in.o [1]
  .rodata             const    0x08014cd0     0x5c  tcp_out.o [1]
  .rodata             const    0x08014d2c     0x58  dhcp.o [1]
  .rodata             const    0x08014d84     0x58  dns.o [1]
  .rodata             const    0x08014ddc     0x58  memp.o [1]
  .rodata             const    0x08014e34     0x58  netif.o [1]
  .rodata             const    0x08014e8c     0x58  pbuf.o [1]
  .rodata             const    0x08014ee4     0x58  tcp.o [1]
  .rodata             const    0x08014f3c     0x58  tcp_out.o [1]
  .rodata             const    0x08014f94     0x58  tcpip.o [1]
  .rodata             const    0x08014fec     0x58  udp.o [1]
  .rodata             const    0x08015044     0x54  bsp_lib.o [1]
  .rodata             const    0x08015098     0x54  sntp.o [1]
  .rodata             const    0x080150ec     0x48  dhcp.o [1]
  .rodata             const    0x08015134     0x44  dhcp.o [1]
  .rodata             const    0x08015178     0x44  etharp.o [1]
  .rodata             const    0x080151bc     0x40  api_msg.o [1]
  .rodata             const    0x080151fc     0x40  dhcp.o [1]
  .rodata             const    0x0801523c     0x40  dhcp.o [1]
  .rodata             const    0x0801527c     0x40  dhcp.o [1]
  .rodata             const    0x080152bc     0x40  etharp.o [1]
  .rodata             const    0x080152fc     0x40  tcp_out.o [1]
  .rodata             const    0x0801533c     0x3c  api_msg.o [1]
  .rodata             const    0x08015378     0x3c  api_msg.o [1]
  .rodata             const    0x080153b4     0x3c  dhcp.o [1]
  .rodata             const    0x080153f0     0x3c  igmp.o [1]
  .rodata             const    0x0801542c     0x3c  tcp_out.o [1]
  .rodata             const    0x08015468     0x3c  tcp_out.o [1]
  .rodata             const    0x080154a4     0x38  icmp.o [1]
  .rodata             const    0x080154dc     0x38  pbuf.o [1]
  .rodata             const    0x08015514     0x38  tcp_in.o [1]
  .rodata             const    0x0801554c     0x38  tcp_out.o [1]
  .rodata             const    0x08015584     0x34  api_msg.o [1]
  .rodata             const    0x080155b8     0x34  bsp_lib.o [1]
  .rodata             const    0x080155ec     0x34  bsp_lib.o [1]
  .rodata             const    0x08015620     0x34  etharp.o [1]
  .rodata             const    0x08015654     0x34  icmp.o [1]
  .rodata             const    0x08015688     0x34  icmp.o [1]
  .rodata             const    0x080156bc     0x34  pbuf.o [1]
  .rodata             const    0x080156f0     0x34  pbuf.o [1]
  .rodata             const    0x08015724     0x34  tcp.o [1]
  .rodata             const    0x08015758     0x34  tcp_out.o [1]
  .rodata             const    0x0801578c     0x34  tcp_out.o [1]
  .rodata             const    0x080157c0     0x30  api_msg.o [1]
  .rodata             const    0x080157f0     0x30  api_msg.o [1]
  .rodata             const    0x08015820     0x30  bsp_lib.o [1]
  .rodata             const    0x08015850     0x30  ip.o [1]
  .rodata             const    0x08015880     0x30  pbuf.o [1]
  .rodata             const    0x080158b0     0x30  pbuf.o [1]
  .rodata             const    0x080158e0     0x30  pbuf.o [1]
  .rodata             const    0x08015910     0x30  pbuf.o [1]
  .rodata             const    0x08015940     0x30  sys_arch.o [1]
  .rodata             const    0x08015970     0x30  tcp.o [1]
  .rodata             const    0x080159a0     0x30  tcp.o [1]
  .rodata             const    0x080159d0     0x30  tcp.o [1]
  .rodata             const    0x08015a00     0x30  tcp_in.o [1]
  .rodata             const    0x08015a30     0x30  tcp_out.o [1]
  .rodata             const    0x08015a60     0x30  tcp_out.o [1]
  .rodata             const    0x08015a90     0x30  udp.o [1]
  .rodata             const    0x08015ac0     0x30  ut4b0_receiver.o [1]
  .rodata             const    0x08015af0     0x30  ut4b0_receiver.o [1]
  .rodata             const    0x08015b20     0x2c  dhcp.o [1]
  .rodata             const    0x08015b4c     0x2c  etharp.o [1]
  .rodata             const    0x08015b78     0x2c  icmp.o [1]
  .rodata             const    0x08015ba4     0x2c  pbuf.o [1]
  .rodata             const    0x08015bd0     0x2c  pbuf.o [1]
  .rodata             const    0x08015bfc     0x2c  sntp.o [1]
  .rodata             const    0x08015c28     0x2c  sys_arch.o [1]
  .rodata             const    0x08015c54     0x2c  sys_arch.o [1]
  .rodata             const    0x08015c80     0x2c  tcp.o [1]
  .rodata             const    0x08015cac     0x2c  tcp.o [1]
  .rodata             const    0x08015cd8     0x2c  tcp.o [1]
  .rodata             const    0x08015d04     0x2c  tcp.o [1]
  .rodata             const    0x08015d30     0x2c  tcp_in.o [1]
  .rodata             const    0x08015d5c     0x2c  tcp_in.o [1]
  .rodata             const    0x08015d88     0x2c  tcp_in.o [1]
  .rodata             const    0x08015db4     0x2c  tcp_out.o [1]
  .text               ro code  0x08015de0     0x2c  data_init3.o [5]
  .rodata             const    0x08015e0c     0x28  api_lib.o [1]
  .rodata             const    0x08015e34     0x28  api_msg.o [1]
  .rodata             const    0x08015e5c     0x28  bsp_lib.o [1]
  .rodata             const    0x08015e84     0x28  dev_usart.o [1]
  .rodata             const    0x08015eac     0x28  dhcp.o [1]
  .rodata             const    0x08015ed4     0x28  dhcp.o [1]
  .rodata             const    0x08015efc     0x28  dhcp.o [1]
  .rodata             const    0x08015f24     0x28  dhcp.o [1]
  .rodata             const    0x08015f4c     0x28  dhcp.o [1]
  .rodata             const    0x08015f74     0x28  dns.o [1]
  .rodata             const    0x08015f9c     0x28  etharp.o [1]
  .rodata             const    0x08015fc4     0x28  etharp.o [1]
  .rodata             const    0x08015fec     0x28  etharp.o [1]
  .rodata             const    0x08016014     0x28  icmp.o [1]
  .rodata             const    0x0801603c     0x28  icmp.o [1]
  .rodata             const    0x08016064     0x28  igmp.o [1]
  .rodata             const    0x0801608c     0x28  ip.o [1]
  .rodata             const    0x080160b4     0x28  ip_addr.o [1]
  .rodata             const    0x080160dc     0x28  memp.o [1]
  .rodata             const    0x08016104     0x28  netif.o [1]
  .rodata             const    0x0801612c     0x28  pbuf.o [1]
  .rodata             const    0x08016154     0x28  sntp.o [1]
  .rodata             const    0x0801617c     0x28  sys_arch.o [1]
  .rodata             const    0x080161a4     0x28  tcp.o [1]
  .rodata             const    0x080161cc     0x28  tcp.o [1]
  .rodata             const    0x080161f4     0x28  tcp.o [1]
  .rodata             const    0x0801621c     0x28  tcp_in.o [1]
  .rodata             const    0x08016244     0x28  tcp_in.o [1]
  .rodata             const    0x0801626c     0x28  tcp_in.o [1]
  .rodata             const    0x08016294     0x28  tcp_in.o [1]
  .rodata             const    0x080162bc     0x28  tcp_out.o [1]
  .rodata             const    0x080162e4     0x28  tcp_out.o [1]
  .rodata             const    0x0801630c     0x28  tcpip.o [1]
  .rodata             const    0x08016334     0x28  udp.o [1]
  .rodata             const    0x0801635c     0x28  ut4b0_receiver.o [1]
  .rodata             const    0x08016384     0x28  util_ringbuffer.o [1]
  .text               ro code  0x080163ac     0x28  putchar.o [3]
  .text               ro code  0x080163d4     0x10  write.o [6]
  .text               ro code  0x080163e4     0x1e  dwrite.o [6]
  .text               ro code  0x08016402     0x20  iarwstd.o [6]
  .text               ro code  0x08016422     0x22  iarwrite.o [6]
  .rodata             const    0x08016444     0x24  api_lib.o [1]
  .rodata             const    0x08016468     0x24  api_lib.o [1]
  .rodata             const    0x0801648c     0x24  api_lib.o [1]
  .rodata             const    0x080164b0     0x24  api_msg.o [1]
  .rodata             const    0x080164d4     0x24  api_msg.o [1]
  .rodata             const    0x080164f8     0x24  api_msg.o [1]
  .rodata             const    0x0801651c     0x24  api_msg.o [1]
  .rodata             const    0x08016540     0x24  dhcp.o [1]
  .rodata             const    0x08016564     0x24  dns.o [1]
  .rodata             const    0x08016588     0x24  etharp.o [1]
  .rodata             const    0x080165ac     0x24  icmp.o [1]
  .rodata             const    0x080165d0     0x24  memp.o [1]
  .rodata             const    0x080165f4     0x24  pbuf.o [1]
  .rodata             const    0x08016618     0x24  sys_arch.o [1]
  .rodata             const    0x0801663c     0x24  tcp.o [1]
  .rodata             const    0x08016660     0x24  tcpip.o [1]
  .iar.init_table     const    0x08016684     0x44  - Linker created -
  .rodata             const    0x080166c8     0x20  api_lib.o [1]
  .rodata             const    0x080166e8     0x20  api_msg.o [1]
  .rodata             const    0x08016708     0x20  api_msg.o [1]
  .rodata             const    0x08016728     0x20  api_msg.o [1]
  .rodata             const    0x08016748     0x20  api_msg.o [1]
  .rodata             const    0x08016768     0x20  api_msg.o [1]
  .rodata             const    0x08016788     0x20  api_msg.o [1]
  .rodata             const    0x080167a8     0x20  api_msg.o [1]
  .rodata             const    0x080167c8     0x20  api_msg.o [1]
  .rodata             const    0x080167e8     0x20  api_msg.o [1]
  .rodata             const    0x08016808     0x20  api_msg.o [1]
  .rodata             const    0x08016828     0x20  api_msg.o [1]
  .rodata             const    0x08016848     0x20  bsp_lib.o [1]
  .rodata             const    0x08016868     0x20  dhcp.o [1]
  .rodata             const    0x08016888     0x20  dhcp.o [1]
  .rodata             const    0x080168a8     0x20  dhcp.o [1]
  .rodata             const    0x080168c8     0x20  dns.o [1]
  .rodata             const    0x080168e8     0x20  memp.o [1]
  .rodata             const    0x08016908     0x20  memp.o [1]
  .rodata             const    0x08016928     0x20  memp.o [1]
  .rodata             const    0x08016948     0x20  memp.o [1]
  .rodata             const    0x08016968     0x20  pbuf.o [1]
  .rodata             const    0x08016988     0x20  pbuf.o [1]
  .rodata             const    0x080169a8     0x20  tcp_in.o [1]
  .rodata             const    0x080169c8     0x20  tcp_in.o [1]
  .rodata             const    0x080169e8     0x20  tcp_in.o [1]
  .rodata             const    0x08016a08     0x20  tcp_out.o [1]
  .rodata             const    0x08016a28     0x20  tcp_out.o [1]
  .rodata             const    0x08016a48     0x20  tcp_out.o [1]
  .rodata             const    0x08016a68     0x20  tcpip.o [1]
  .rodata             const    0x08016a88     0x20  ut4b0_receiver.o [1]
  .rodata             const    0x08016aa8     0x1c  api_lib.o [1]
  .rodata             const    0x08016ac4     0x1c  api_lib.o [1]
  .rodata             const    0x08016ae0     0x1c  api_msg.o [1]
  .rodata             const    0x08016afc     0x1c  api_msg.o [1]
  .rodata             const    0x08016b18     0x1c  api_msg.o [1]
  .rodata             const    0x08016b34     0x1c  bsp_lib.o [1]
  .rodata             const    0x08016b50     0x1c  dhcp.o [1]
  .rodata             const    0x08016b6c     0x1c  dhcp.o [1]
  .rodata             const    0x08016b88     0x1c  dns.o [1]
  .rodata             const    0x08016ba4     0x1c  dns.o [1]
  .rodata             const    0x08016bc0     0x1c  etharp.o [1]
  .rodata             const    0x08016bdc     0x1c  os_int.o [1]
  .rodata             const    0x08016bf8     0x1c  pbuf.o [1]
  .rodata             const    0x08016c14     0x1c  pbuf.o [1]
  .rodata             const    0x08016c30     0x1c  pbuf.o [1]
  .rodata             const    0x08016c4c     0x1c  pbuf.o [1]
  .rodata             const    0x08016c68     0x1c  pbuf.o [1]
  .rodata             const    0x08016c84     0x1c  tcp.o [1]
  .rodata             const    0x08016ca0     0x1c  tcp.o [1]
  .rodata             const    0x08016cbc     0x1c  tcp.o [1]
  .rodata             const    0x08016cd8     0x1c  tcp_in.o [1]
  .rodata             const    0x08016cf4     0x1c  ut4b0_receiver.o [1]
  .rodata             const    0x08016d10     0x1c  ut4b0_receiver.o [1]
  .rodata             const    0x08016d2c     0x1c  ut4b0_receiver.o [1]
  .rodata             const    0x08016d48     0x1c  ut4b0_receiver.o [1]
  .rodata             const    0x08016d64     0x18  api_lib.o [1]
  .rodata             const    0x08016d7c     0x18  api_msg.o [1]
  .rodata             const    0x08016d94     0x18  api_msg.o [1]
  .rodata             const    0x08016dac     0x18  dhcp.o [1]
  .rodata             const    0x08016dc4     0x18  dhcp.o [1]
  .rodata             const    0x08016ddc     0x18  dhcp.o [1]
  .rodata             const    0x08016df4     0x18  dns.o [1]
  .rodata             const    0x08016e0c     0x18  etharp.o [1]
  .rodata             const    0x08016e24     0x18  netif.o [1]
  .rodata             const    0x08016e3c     0x18  os_tmr.o [1]
  .rodata             const    0x08016e54     0x18  pbuf.o [1]
  .rodata             const    0x08016e6c     0x18  pbuf.o [1]
  .rodata             const    0x08016e84     0x18  pbuf.o [1]
  .rodata             const    0x08016e9c     0x18  pbuf.o [1]
  .rodata             const    0x08016eb4     0x18  pbuf.o [1]
  .rodata             const    0x08016ecc     0x18  sys_arch.o [1]
  .rodata             const    0x08016ee4     0x18  tcp.o [1]
  .rodata             const    0x08016efc     0x18  tcp_in.o [1]
  .rodata             const    0x08016f14     0x18  tcp_out.o [1]
  .rodata             const    0x08016f2c     0x18  tcp_out.o [1]
  .rodata             const    0x08016f44     0x18  ut4b0_receiver.o [1]
  .rodata             const    0x08016f5c     0x18  ut4b0_receiver.o [1]
  .rodata             const    0x08016f74     0x18  ut4b0_receiver.o [1]
  .rodata             const    0x08016f8c     0x18  util_ringbuffer.o [1]
  .text               ro code  0x08016fa4     0x16  cmain.o [5]
  .text               ro code  0x08016fba      0x4  low_level_init.o [3]
  .text               ro code  0x08016fbe      0x4  exit.o [3]
  .rodata             const    0x08016fc2      0x2  os_dbg.o [1]
  .text               ro code  0x08016fc4      0xe  cexit.o [5]
  .rodata             const    0x08016fd2      0x2  os_dbg.o [1]
  .text               ro code  0x08016fd4     0x14  exit.o [6]
  .text               ro code  0x08016fe8     0x16  xprout.o [3]
  .rodata             const    0x08016ffe      0x2  os_dbg.o [1]
  .rodata             const    0x08017000     0x14  api_msg.o [1]
  .rodata             const    0x08017014     0x14  api_msg.o [1]
  .rodata             const    0x08017028     0x14  dev_usart.o [1]
  .rodata             const    0x0801703c     0x14  dhcp.o [1]
  .rodata             const    0x08017050     0x14  dhcp.o [1]
  .rodata             const    0x08017064     0x14  dhcp.o [1]
  .rodata             const    0x08017078     0x14  dhcp.o [1]
  .rodata             const    0x0801708c     0x14  dhcp.o [1]
  .rodata             const    0x080170a0     0x14  etharp.o [1]
  .rodata             const    0x080170b4     0x14  os_core.o [1]
  .rodata             const    0x080170c8     0x14  os_stat.o [1]
  .rodata             const    0x080170dc     0x14  os_tick.o [1]
  .rodata             const    0x080170f0     0x14  pbuf.o [1]
  .rodata             const    0x08017104     0x14  pbuf.o [1]
  .rodata             const    0x08017118     0x14  tcp_in.o [1]
  .rodata             const    0x0801712c     0x14  tcp_in.o [1]
  .rodata             const    0x08017140     0x14  tcp_out.o [1]
  .rodata             const    0x08017154     0x14  tcp_out.o [1]
  .rodata             const    0x08017168     0x14  udp.o [1]
  .rodata             const    0x0801717c     0x14  udp.o [1]
  .rodata             const    0x08017190     0x14  ut4b0_receiver.o [1]
  .rodata             const    0x080171a4     0x14  ut4b0_receiver.o [1]
  .rodata             const    0x080171b8     0x14  ut4b0_receiver.o [1]
  .rodata             const    0x080171cc     0x14  ut4b0_receiver.o [1]
  .rodata             const    0x080171e0     0x10  api_msg.o [1]
  .rodata             const    0x080171f0     0x10  api_msg.o [1]
  .rodata             const    0x08017200     0x10  dhcp.o [1]
  .rodata             const    0x08017210     0x10  dhcp.o [1]
  .rodata             const    0x08017220     0x10  dns.o [1]
  .rodata             const    0x08017230     0x10  etharp.o [1]
  .rodata             const    0x08017240     0x10  etharp.o [1]
  .rodata             const    0x08017250     0x10  etharp.o [1]
  .rodata             const    0x08017260     0x10  lwip.o [1]
  .rodata             const    0x08017270     0x10  mtfs30.o [1]
  .rodata             const    0x08017280     0x10  mtfs30_net_debug.o [1]
  .rodata             const    0x08017290     0x10  mtfs30_net_debug.o [1]
  .rodata             const    0x080172a0     0x10  mtfs30_net_debug.o [1]
  .rodata             const    0x080172b0     0x10  mtfs30_net_debug.o [1]
  .rodata             const    0x080172c0     0x10  pbuf.o [1]
  .rodata             const    0x080172d0     0x10  pbuf.o [1]
  .rodata             const    0x080172e0     0x10  pbuf.o [1]
  .rodata             const    0x080172f0     0x10  sys_arch.o [1]
  .rodata             const    0x08017300     0x10  sys_arch.o [1]
  .rodata             const    0x08017310     0x10  sys_arch.o [1]
  .rodata             const    0x08017320     0x10  tcp.o [1]
  .rodata             const    0x08017330     0x10  tcp.o [1]
  .rodata             const    0x08017340     0x10  tcp_in.o [1]
  .rodata             const    0x08017350     0x10  tcp_in.o [1]
  .rodata             const    0x08017360     0x10  tcp_in.o [1]
  .rodata             const    0x08017370     0x10  tcp_out.o [1]
  .rodata             const    0x08017380     0x10  tcpip.o [1]
  .rodata             const    0x08017390      0xc  dhcp.o [1]
  .rodata             const    0x0801739c      0xc  dhcp.o [1]
  .rodata             const    0x080173a8      0xc  etharp.o [1]
  .rodata             const    0x080173b4      0xc  gnss_main.o [1]
  .rodata             const    0x080173c0      0xc  ip.o [1]
  .rodata             const    0x080173cc      0xc  ip_addr.o [1]
  .rodata             const    0x080173d8      0xc  lwip.o [1]
  .rodata             const    0x080173e4      0xc  pbuf.o [1]
  .rodata             const    0x080173f0      0xc  sys_arch.o [1]
  .rodata             const    0x080173fc      0xc  sys_arch.o [1]
  .rodata             const    0x08017408      0xc  sys_arch.o [1]
  .rodata             const    0x08017414      0xc  sys_arch.o [1]
  .rodata             const    0x08017420      0xc  sys_arch.o [1]
  .rodata             const    0x0801742c      0xc  udp.o [1]
  .rodata             const    0x08017438      0xc  ut4b0_receiver.o [1]
  .rodata             const    0x08017444      0xc  ut4b0_receiver.o [1]
  .rodata             const    0x08017450      0xc  ut4b0_receiver.o [1]
  .rodata             const    0x0801745c      0xc  ut4b0_receiver.o [1]
  .rodata             const    0x08017468      0xc  ut4b0_receiver.o [1]
  .rodata             const    0x08017474      0xc  ut4b0_receiver.o [1]
  .rodata             const    0x08017480      0xc  ut4b0_receiver.o [1]
  .rodata             const    0x0801748c      0xc  ut4b0_receiver.o [1]
  .rodata             const    0x08017498      0xc  ut4b0_receiver.o [1]
  .rodata             const    0x080174a4      0xc  ut4b0_receiver.o [1]
  .rodata             const    0x080174b0      0xc  ut4b0_receiver.o [1]
  .rodata             const    0x080174bc      0xc  ut4b0_receiver.o [1]
  .rodata             const    0x080174c8      0xc  ut4b0_receiver.o [1]
  .rodata             const    0x080174d4      0xc  ut4b0_receiver.o [1]
  .rodata             const    0x080174e0      0xc  ut4b0_receiver.o [1]
  .rodata             const    0x080174ec      0xc  ut4b0_receiver.o [1]
  .rodata             const    0x080174f8      0xc  ut4b0_receiver.o [1]
  .rodata             const    0x08017504      0xc  ut4b0_receiver.o [1]
  .text               ro code  0x08017510      0xc  app_vect.o [1]
  .text               ro code  0x0801751c      0xc  cstartup_M.o [5]
  .rodata             const    0x08017528      0x8  dev_usart.o [1]
  .rodata             const    0x08017530      0x8  etharp.o [1]
  .rodata             const    0x08017538      0x8  etharp.o [1]
  .rodata             const    0x08017540      0x8  gnss_receiver.o [1]
  .rodata             const    0x08017548      0x8  lwip.o [1]
  .rodata             const    0x08017550      0x8  os_sem.o [1]
  .rodata             const    0x08017558      0x8  os_task.o [1]
  .rodata             const    0x08017560      0x8  sys_arch.o [1]
  .rodata             const    0x08017568      0x8  sys_arch.o [1]
  .rodata             const    0x08017570      0x8  tcp.o [1]
  .rodata             const    0x08017578      0x8  ut4b0_receiver.o [1]
  .rodata             const    0x08017580      0x8  ut4b0_receiver.o [1]
  .rodata             const    0x08017588      0x8  ut4b0_receiver.o [1]
  .rodata             const    0x08017590      0x8  ut4b0_receiver.o [1]
  .rodata             const    0x08017598      0x8  ut4b0_receiver.o [1]
  .rodata             const    0x080175a0      0x8  ut4b0_receiver.o [1]
  .rodata             const    0x080175a8      0x8  ut4b0_receiver.o [1]
  .rodata             const    0x080175b0      0x8  ut4b0_receiver.o [1]
  .rodata             const    0x080175b8      0x8  ut4b0_receiver.o [1]
  .rodata             const    0x080175c0      0x8  ut4b0_receiver.o [1]
  .rodata             const    0x080175c8      0x8  ut4b0_receiver.o [1]
  .rodata             const    0x080175d0      0x8  ut4b0_receiver.o [1]
  .rodata             const    0x080175d8      0x8  ut4b0_receiver.o [1]
  .rodata             const    0x080175e0      0x8  ut4b0_receiver.o [1]
  .rodata             const    0x080175e8      0x8  ut4b0_receiver.o [1]
  .rodata             const    0x080175f0      0x8  ut4b0_receiver.o [1]
  .rodata             const    0x080175f8      0x8  ut4b0_receiver.o [1]
  .rodata             const    0x08017600      0x8  ut4b0_receiver.o [1]
  .rodata             const    0x08017608      0x8  ut4b0_receiver.o [1]
  .rodata             const    0x08017610      0x4  config.o [1]
  .rodata             const    0x08017614      0x4  ip_addr.o [1]
  .rodata             const    0x08017618      0x4  ip_addr.o [1]
  .rodata             const    0x0801761c      0x4  os_cfg_app.o [1]
  .rodata             const    0x08017620      0x4  os_cfg_app.o [1]
  .rodata             const    0x08017624      0x4  os_cfg_app.o [1]
  .rodata             const    0x08017628      0x4  os_cfg_app.o [1]
  .rodata             const    0x0801762c      0x4  os_cfg_app.o [1]
  .rodata             const    0x08017630      0x4  os_cfg_app.o [1]
  .rodata             const    0x08017634      0x4  os_cfg_app.o [1]
  .rodata             const    0x08017638      0x4  os_cfg_app.o [1]
  .rodata             const    0x0801763c      0x4  os_cfg_app.o [1]
  .rodata             const    0x08017640      0x4  os_cfg_app.o [1]
  .rodata             const    0x08017644      0x4  os_cfg_app.o [1]
  .rodata             const    0x08017648      0x4  os_cfg_app.o [1]
  .rodata             const    0x0801764c      0x4  os_cfg_app.o [1]
  .rodata             const    0x08017650      0x4  os_cfg_app.o [1]
  .rodata             const    0x08017654      0x4  os_cfg_app.o [1]
  .rodata             const    0x08017658      0x4  os_cfg_app.o [1]
  .rodata             const    0x0801765c      0x4  os_cfg_app.o [1]
  .rodata             const    0x08017660      0x4  os_cfg_app.o [1]
  .rodata             const    0x08017664      0x4  os_cfg_app.o [1]
  .rodata             const    0x08017668      0x4  os_cfg_app.o [1]
  .rodata             const    0x0801766c      0x4  os_cfg_app.o [1]
  .rodata             const    0x08017670      0x4  os_cfg_app.o [1]
  .rodata             const    0x08017674      0x4  os_cfg_app.o [1]
  .rodata             const    0x08017678      0x4  os_cfg_app.o [1]
  .rodata             const    0x0801767c      0x4  os_cfg_app.o [1]
  .rodata             const    0x08017680      0x4  os_cfg_app.o [1]
  .rodata             const    0x08017684      0x4  os_cfg_app.o [1]
  .rodata             const    0x08017688      0x4  os_cfg_app.o [1]
  .rodata             const    0x0801768c      0x4  os_cfg_app.o [1]
  .rodata             const    0x08017690      0x4  os_cfg_app.o [1]
  .rodata             const    0x08017694      0x4  os_cfg_app.o [1]
  .rodata             const    0x08017698      0x4  os_cfg_app.o [1]
  .rodata             const    0x0801769c      0x4  os_cfg_app.o [1]
  .rodata             const    0x080176a0      0x4  os_cfg_app.o [1]
  .rodata             const    0x080176a4      0x4  os_cfg_app.o [1]
  .rodata             const    0x080176a8      0x4  os_cfg_app.o [1]
  .rodata             const    0x080176ac      0x4  os_cfg_app.o [1]
  .rodata             const    0x080176b0      0x4  os_cfg_app.o [1]
  .rodata             const    0x080176b4      0x4  os_cfg_app.o [1]
  .rodata             const    0x080176b8      0x4  os_cfg_app.o [1]
  .rodata             const    0x080176bc      0x4  os_cfg_app.o [1]
  .rodata             const    0x080176c0      0x4  os_dbg.o [1]
  .rodata             const    0x080176c4      0x4  os_dbg.o [1]
  .rodata             const    0x080176c8      0x4  os_dbg.o [1]
  .rodata             const    0x080176cc      0x4  sys_arch.o [1]
  .rodata             const    0x080176d0      0x2  os_dbg.o [1]
  .rodata             const    0x080176d2      0x2  os_dbg.o [1]
  .rodata             const    0x080176d4      0x2  os_dbg.o [1]
  .rodata             const    0x080176d6      0x2  os_dbg.o [1]
  .rodata             const    0x080176d8      0x2  os_dbg.o [1]
  .rodata             const    0x080176da      0x2  os_dbg.o [1]
  .rodata             const    0x080176dc      0x2  os_dbg.o [1]
  .rodata             const    0x080176de      0x1  os_cfg_app.o [1]
  .rodata             const    0x080176df      0x1  os_cfg_app.o [1]
  .rodata             const    0x080176e0      0x1  os_cfg_app.o [1]
  .rodata             const    0x080176e1      0x1  os_dbg.o [1]
  .rodata             const    0x080176e2      0x1  os_dbg.o [1]
  .rodata             const    0x080176e3      0x1  os_dbg.o [1]
  .rodata             const    0x080176e4      0x1  os_dbg.o [1]
  .rodata             const    0x080176e5      0x1  os_dbg.o [1]
  .rodata             const    0x080176e6      0x1  os_dbg.o [1]
  .rodata             const    0x080176e7      0x1  os_dbg.o [1]
  .rodata             const    0x080176e8      0x1  os_dbg.o [1]
  .rodata             const    0x080176e9      0x1  os_dbg.o [1]
  .rodata             const    0x080176ea      0x1  os_dbg.o [1]
  .rodata             const    0x080176eb      0x1  os_dbg.o [1]
  .rodata             const    0x080176ec      0x1  os_dbg.o [1]
  .rodata             const    0x080176ed      0x1  os_dbg.o [1]
  .rodata             const    0x080176ee      0x1  os_dbg.o [1]
  .rodata             const    0x080176ef      0x1  os_dbg.o [1]
  .rodata             const    0x080176f0      0x1  os_dbg.o [1]
  .rodata             const    0x080176f1      0x1  os_dbg.o [1]
  .rodata             const    0x080176f2      0x1  os_dbg.o [1]
  .rodata             const    0x080176f3      0x1  os_dbg.o [1]
  .rodata             const    0x080176f4      0x1  os_dbg.o [1]
  .rodata             const    0x080176f5      0x1  os_dbg.o [1]
  .rodata             const    0x080176f6      0x1  os_dbg.o [1]
  .rodata             const    0x080176f7      0x1  os_dbg.o [1]
  .rodata             const    0x080176f8      0x1  os_dbg.o [1]
  .rodata             const    0x080176f9      0x1  os_dbg.o [1]
  .rodata             const    0x080176fa      0x1  os_dbg.o [1]
  .rodata             const    0x080176fb      0x1  os_dbg.o [1]
  .rodata             const    0x080176fc      0x1  os_dbg.o [1]
  .rodata             const    0x080176fd      0x1  os_dbg.o [1]
  .rodata             const    0x080176fe      0x1  os_dbg.o [1]
  .rodata             const    0x080176ff      0x1  os_dbg.o [1]
  .rodata             const    0x08017700      0x1  os_dbg.o [1]
  .rodata             const    0x08017701      0x1  os_dbg.o [1]
  .rodata             const    0x08017702      0x1  os_dbg.o [1]
  .rodata             const    0x08017703      0x1  os_dbg.o [1]
  .rodata             const    0x08017704      0x1  os_dbg.o [1]
  .rodata             const    0x08017705      0x1  os_dbg.o [1]
  .rodata             const    0x08017706      0x1  os_dbg.o [1]
  .text               ro code  0x08017708      0x0  cstart_clearlocks.o [5]
  .rodata             const    0x08017708      0x0  bwt_init3c.o [5]
  Initializer bytes   ro data  0x08017708     0xb3  <for P4 s0>
                             - 0x080177bb  0x17637

"P3":                                       0x2000
  CSTACK                       0x10000000   0x2000  <Block>
    CSTACK            uninit   0x10000000   0x2000  <Block tail>
                             - 0x10002000   0x2000

"P4", part 1 of 6:                          0x6000
  HEAP                         0x20000000   0x6000  <Block>
    HEAP              uninit   0x20000000   0x6000  <Block tail>
                             - 0x20006000   0x6000

"P4", part 2 of 6:                          0x93a0
  .bss                zero     0x20006000   0x93a0  memp.o [1]
                             - 0x2000f3a0   0x93a0

"P4", part 3 of 6:                          0x5000
  .bss                zero     0x2000f3a0   0x5000  sys_arch.o [1]
                             - 0x200143a0   0x5000

"P4", part 4 of 6:                          0x7a84
  .bss                zero     0x200143a0   0x2000  gnss_main.o [1]
  .bss                zero     0x200163a0   0x1dc4  stm32f4x7_eth.o [1]
  .bss                zero     0x20018164   0x1dc4  stm32f4x7_eth.o [1]
  .bss                zero     0x20019f28    0x200  os_cfg_app.o [1]
  .bss                zero     0x2001a128    0x200  os_cfg_app.o [1]
  .bss                zero     0x2001a328    0x200  os_cfg_app.o [1]
  .bss                zero     0x2001a528    0x200  os_cfg_app.o [1]
  .bss                zero     0x2001a728    0x200  os_cfg_app.o [1]
  .bss                zero     0x2001a928    0x194  gnss_receiver.o [1]
  .bss                zero     0x2001aabc    0x144  bsp_int.o [1]
  .bss                zero     0x2001ac00    0x140  os_cfg_app.o [1]
  .bss                zero     0x2001ad40     0xc8  gnss_main.o [1]
  .bss                zero     0x2001ae08     0xc8  mtfs30.o [1]
  .bss                zero     0x2001aed0     0xc8  mtfs30_net_debug.o [1]
  .bss                zero     0x2001af98     0xc8  os_var.o [1]
  .bss                zero     0x2001b060     0xc8  os_var.o [1]
  .bss                zero     0x2001b128     0xc8  os_var.o [1]
  .bss                zero     0x2001b1f0     0xc8  os_var.o [1]
  .bss                zero     0x2001b2b8     0xc8  os_var.o [1]
  .bss                zero     0x2001b380     0xc0  etharp.o [1]
  .bss                zero     0x2001b440     0xa0  stm32f4x7_eth.o [1]
  .bss                zero     0x2001b4e0     0xa0  stm32f4x7_eth.o [1]
  .bss                zero     0x2001b580     0x78  os_cfg_app.o [1]
  .bss                zero     0x2001b5f8     0x78  os_cfg_app.o [1]
  .bss                zero     0x2001b670     0x78  os_cfg_app.o [1]
  .bss                zero     0x2001b6e8     0x78  os_cfg_app.o [1]
  .bss                zero     0x2001b760     0x78  os_cfg_app.o [1]
  .bss                zero     0x2001b7d8     0x78  os_cfg_app.o [1]
  .bss                zero     0x2001b850     0x78  os_cfg_app.o [1]
  .bss                zero     0x2001b8c8     0x68  os_cfg_app.o [1]
  .bss                zero     0x2001b930     0x68  os_cfg_app.o [1]
  .bss                zero     0x2001b998     0x40  lwip.o [1]
  .bss                zero     0x2001b9d8     0x3c  memp.o [1]
  .bss                zero     0x2001ba14     0x30  gnss_receiver.o [1]
  .bss                zero     0x2001ba44     0x2c  sntp.o [1]
  __DLIB_PERTHREAD    zero     0x2001ba70     0x2c  xttotm.o [3]
  .bss                zero     0x2001ba9c     0x28  dhcp.o [1]
  .bss                zero     0x2001bac4     0x28  mtfs30_net_debug.o [1]
  .bss                zero     0x2001baec     0x28  tcpip.o [1]
  .bss                zero     0x2001bb14     0x20  config.o [1]
  .bss                zero     0x2001bb34     0x20  config.o [1]
  .bss                zero     0x2001bb54     0x20  lwip.o [1]
  .bss                zero     0x2001bb74     0x20  mtfs30_net_debug.o [1]
  .bss                zero     0x2001bb94     0x18  gnss_receiver.o [1]
  .bss                zero     0x2001bbac     0x18  xsyslock.o [3]
  .bss                zero     0x2001bbc4     0x14  gnss_receiver.o [1]
  .bss                zero     0x2001bbd8     0x14  gnss_receiver.o [1]
  .bss                zero     0x2001bbec     0x14  mtfs30_net_debug.o [1]
  .bss                zero     0x2001bc00     0x14  sys_arch.o [1]
  .bss                zero     0x2001bc14     0x10  cpu_core.o [1]
  .bss                zero     0x2001bc24     0x10  tcp_in.o [1]
  .bss                zero     0x2001bc34      0xc  control_main.o [1]
  .bss                zero     0x2001bc40      0xc  dev_usart.o [1]
  .bss                zero     0x2001bc4c      0xc  dhcp.o [1]
  .bss                zero     0x2001bc58      0xc  stm32f4x7_eth.o [1]
  .bss                zero     0x2001bc64      0x8  config.o [1]
  .bss                zero     0x2001bc6c      0x8  dns.o [1]
  .bss                zero     0x2001bc74      0x8  os_prio.o [1]
  .bss                zero     0x2001bc7c      0x8  os_var.o [1]
  .bss                zero     0x2001bc84      0x8  sys_arch.o [1]
  .bss                zero     0x2001bc8c      0x8  xxmemxmalloc.o [3]
  __DLIB_PERTHREAD    zero     0x2001bc94      0x8  localtim.o [3]
  __DLIB_PERTHREAD    zero     0x2001bc9c      0x8  setlocale.o [3]
  .bss                zero     0x2001bca4      0x4  bsp_eth.o [1]
  .bss                zero     0x2001bca8      0x4  bsp_lib.o [1]
  .bss                zero     0x2001bcac      0x4  bsp_lib.o [1]
  .bss                zero     0x2001bcb0      0x4  bsp_lib.o [1]
  .bss                zero     0x2001bcb4      0x4  config.o [1]
  .bss                zero     0x2001bcb8      0x4  config.o [1]
  .bss                zero     0x2001bcbc      0x4  config.o [1]
  .bss                zero     0x2001bcc0      0x4  cpu_core.o [1]
  .bss                zero     0x2001bcc4      0x4  cpu_core.o [1]
  .bss                zero     0x2001bcc8      0x4  cpu_core.o [1]
  .bss                zero     0x2001bccc      0x4  cpu_core.o [1]
  .bss                zero     0x2001bcd0      0x4  cpu_core.o [1]
  .bss                zero     0x2001bcd4      0x4  dns.o [1]
  .bss                zero     0x2001bcd8      0x4  dns.o [1]
  .bss                zero     0x2001bcdc      0x4  igmp.o [1]
  .bss                zero     0x2001bce0      0x4  igmp.o [1]
  .bss                zero     0x2001bce4      0x4  igmp.o [1]
  .bss                zero     0x2001bce8      0x4  ip.o [1]
  .bss                zero     0x2001bcec      0x4  ip.o [1]
  .bss                zero     0x2001bcf0      0x4  ip.o [1]
  .bss                zero     0x2001bcf4      0x4  ip.o [1]
  .bss                zero     0x2001bcf8      0x4  lwip.o [1]
  .bss                zero     0x2001bcfc      0x4  mtfs30_net_debug.o [1]
  .bss                zero     0x2001bd00      0x4  netif.o [1]
  .bss                zero     0x2001bd04      0x4  netif.o [1]
  .bss                zero     0x2001bd08      0x4  os_var.o [1]
  .bss                zero     0x2001bd0c      0x4  os_var.o [1]
  .bss                zero     0x2001bd10      0x4  os_var.o [1]
  .bss                zero     0x2001bd14      0x4  os_var.o [1]
  .bss                zero     0x2001bd18      0x4  os_var.o [1]
  .bss                zero     0x2001bd1c      0x4  os_var.o [1]
  .bss                zero     0x2001bd20      0x4  os_var.o [1]
  .bss                zero     0x2001bd24      0x4  os_var.o [1]
  .bss                zero     0x2001bd28      0x4  os_var.o [1]
  .bss                zero     0x2001bd2c      0x4  os_var.o [1]
  .bss                zero     0x2001bd30      0x4  os_var.o [1]
  .bss                zero     0x2001bd34      0x4  os_var.o [1]
  .bss                zero     0x2001bd38      0x4  os_var.o [1]
  .bss                zero     0x2001bd3c      0x4  os_var.o [1]
  .bss                zero     0x2001bd40      0x4  os_var.o [1]
  .bss                zero     0x2001bd44      0x4  os_var.o [1]
  .bss                zero     0x2001bd48      0x4  os_var.o [1]
  .bss                zero     0x2001bd4c      0x4  os_var.o [1]
  .bss                zero     0x2001bd50      0x4  os_var.o [1]
  .bss                zero     0x2001bd54      0x4  os_var.o [1]
  .bss                zero     0x2001bd58      0x4  os_var.o [1]
  .bss                zero     0x2001bd5c      0x4  os_var.o [1]
  .bss                zero     0x2001bd60      0x4  os_var.o [1]
  .bss                zero     0x2001bd64      0x4  os_var.o [1]
  .bss                zero     0x2001bd68      0x4  os_var.o [1]
  .bss                zero     0x2001bd6c      0x4  os_var.o [1]
  .bss                zero     0x2001bd70      0x4  os_var.o [1]
  .bss                zero     0x2001bd74      0x4  os_var.o [1]
  .bss                zero     0x2001bd78      0x4  os_var.o [1]
  .bss                zero     0x2001bd7c      0x4  os_var.o [1]
  .bss                zero     0x2001bd80      0x4  os_var.o [1]
  .bss                zero     0x2001bd84      0x4  os_var.o [1]
  .bss                zero     0x2001bd88      0x4  raw.o [1]
  .bss                zero     0x2001bd8c      0x4  snmp_snmpInit.o [1]
  .bss                zero     0x2001bd90      0x4  sntp.o [1]
  .bss                zero     0x2001bd94      0x4  sntp.o [1]
  .bss                zero     0x2001bd98      0x4  stm32f4x7_eth.o [1]
  .bss                zero     0x2001bd9c      0x4  stm32f4x7_eth.o [1]
  .bss                zero     0x2001bda0      0x4  stm32f4x7_eth.o [1]
  .bss                zero     0x2001bda4      0x4  tcp.o [1]
  .bss                zero     0x2001bda8      0x4  tcp.o [1]
  .bss                zero     0x2001bdac      0x4  tcp.o [1]
  .bss                zero     0x2001bdb0      0x4  tcp.o [1]
  .bss                zero     0x2001bdb4      0x4  tcp.o [1]
  .bss                zero     0x2001bdb8      0x4  tcp.o [1]
  .bss                zero     0x2001bdbc      0x4  tcp_in.o [1]
  .bss                zero     0x2001bdc0      0x4  tcp_in.o [1]
  .bss                zero     0x2001bdc4      0x4  tcp_in.o [1]
  .bss                zero     0x2001bdc8      0x4  tcp_in.o [1]
  .bss                zero     0x2001bdcc      0x4  tcp_in.o [1]
  .bss                zero     0x2001bdd0      0x4  tcp_in.o [1]
  .bss                zero     0x2001bdd4      0x4  tcpip.o [1]
  .bss                zero     0x2001bdd8      0x4  tcpip.o [1]
  .bss                zero     0x2001bddc      0x4  timers.o [1]
  .bss                zero     0x2001bde0      0x4  timers.o [1]
  .bss                zero     0x2001bde4      0x4  udp.o [1]
  .bss                zero     0x2001bde8      0x4  xgetmemchunk.o [3]
  __DLIB_PERTHREAD    zero     0x2001bdec      0x4  strtok.o [3]
  __DLIB_PERTHREAD    zero     0x2001bdf0      0x4  errno.o [3]
  __DLIB_PERTHREAD    zero     0x2001bdf4      0x4  xisdst.o [3]
  __DLIB_PERTHREAD    zero     0x2001bdf8      0x4  xisdstData.o [3]
  .bss                zero     0x2001bdfc      0x2  ip.o [1]
  .bss                zero     0x2001bdfe      0x2  mtfs30_net_debug.o [1]
  .bss                zero     0x2001be00      0x2  os_var.o [1]
  .bss                zero     0x2001be02      0x2  os_var.o [1]
  .bss                zero     0x2001be04      0x2  os_var.o [1]
  .bss                zero     0x2001be06      0x2  os_var.o [1]
  .bss                zero     0x2001be08      0x2  os_var.o [1]
  .bss                zero     0x2001be0a      0x2  os_var.o [1]
  .bss                zero     0x2001be0c      0x2  os_var.o [1]
  .bss                zero     0x2001be0e      0x2  os_var.o [1]
  .bss                zero     0x2001be10      0x2  tcp_in.o [1]
  .bss                zero     0x2001be12      0x1  bsp_eth.o [1]
  .bss                zero     0x2001be13      0x1  dns.o [1]
  .bss                zero     0x2001be14      0x1  etharp.o [1]
  .bss                zero     0x2001be15      0x1  netif.o [1]
  .bss                zero     0x2001be16      0x1  os_var.o [1]
  .bss                zero     0x2001be17      0x1  os_var.o [1]
  .bss                zero     0x2001be18      0x1  os_var.o [1]
  .bss                zero     0x2001be19      0x1  os_var.o [1]
  .bss                zero     0x2001be1a      0x1  os_var.o [1]
  .bss                zero     0x2001be1b      0x1  os_var.o [1]
  .bss                zero     0x2001be1c      0x1  os_var.o [1]
  .bss                zero     0x2001be1d      0x1  os_var.o [1]
  .bss                zero     0x2001be1e      0x1  os_var.o [1]
  .bss                zero     0x2001be1f      0x1  tcp.o [1]
  .bss                zero     0x2001be20      0x1  tcp_in.o [1]
  .bss                zero     0x2001be21      0x1  tcp_in.o [1]
                             - 0x2001be22   0x7a82

"P4", part 5 of 6:                           0x14a
  P4 s0                        0x2001be24    0x14a  <Init block>
    __DLIB_PERTHREAD  inited   0x2001be24     0x8c  rand.o [3]
    .data             inited   0x2001beb0     0x70  ut4b0_receiver.o [1]
    .data             inited   0x2001bf20     0x20  config.o [1]
    .data             inited   0x2001bf40     0x10  stm32f4xx_rcc.o [1]
    .data             inited   0x2001bf50      0xc  PCF8563.o [1]
    .data             inited   0x2001bf5c      0x8  XShttio.o [3]
    .data             inited   0x2001bf64      0x4  dhcp.o [1]
    .data             inited   0x2001bf68      0x4  tcp.o [1]
    .data             inited   0x2001bf6c      0x2  tcp.o [1]
                             - 0x2001bf6e    0x14a

"P4", part 6 of 6:                          0x3250
  .bss                zero     0x2001c000   0x1000  mtfs30_net_debug.o [1]
  .bss                zero     0x2001d000    0x640  os_cfg_app.o [1]
  .bss                zero     0x2001d640    0x460  dns.o [1]
  .bss                zero     0x2001daa0    0x400  dev_usart.o [1]
  .bss                zero     0x2001dea0    0x3e8  sys_arch.o [1]
  .bss                zero     0x2001e288    0x300  os_var.o [1]
  .bss                zero     0x2001e588    0x23c  config.o [1]
  .bss                zero     0x2001e7c4    0x23c  config.o [1]
  .bss                zero     0x2001ea00    0x23c  config.o [1]
  .bss                zero     0x2001ec3c    0x204  dns.o [1]
  .bss                zero     0x2001ee40    0x200  mtfs30.o [1]
  .bss                zero     0x2001f040    0x200  os_cfg_app.o [1]
  .bss                zero     0x2001f240      0x4  bsp_eth.o [1]
  .bss                zero     0x2001f244      0x2  cpu_core.o [1]
  .bss                zero     0x2001f248      0x4  os_var.o [1]
  .bss                zero     0x2001f24c      0x2  cpu_core.o [1]
                             - 0x2001f24e   0x324e


*******************************************************************************
*** INIT TABLE
***

          Address     Size
          -------     ----
Zero (__iar_zero_init3)
    4 destination ranges, total size 0x19070:
          0x20006000  0x93a0
[...]
gsate_status            0x2001a928   0x194  Data  Gb  gnss_receiver.o [1]
gtask_gnss_stk          0x200143a0  0x2000  Data  Lc  gnss_main.o [1]
gtask_gnss_tcb          0x2001ad40    0xc8  Data  Lc  gnss_main.o [1]
gtask_net_debug_stk     0x2001c000  0x1000  Data  Lc  mtfs30_net_debug.o [1]
gtask_net_debug_tcb     0x2001aed0    0xc8  Data  Lc  mtfs30_net_debug.o [1]
gusart1_rx_buf          0x2001daa0   0x400  Data  Gb  dev_usart.o [1]
icmp_dest_unreach       0x0800b8b3     0xe  Code  Gb  icmp.o [1]
icmp_input              0x0800b709   0x1aa  Code  Gb  icmp.o [1]
icmp_send_response      0x0800b8c1    0x7e  Code  Lc  icmp.o [1]
igmp_delaying_member    0x08007ac5    0x30  Code  Lc  igmp.o [1]
igmp_group_list         0x2001bcdc     0x4  Data  Lc  igmp.o [1]
igmp_init               0x08007879    0x16  Code  Gb  igmp.o [1]
igmp_input              0x0800796b    0xfe  Code  Gb  igmp.o [1]
igmp_ip_output_if       0x08007af5    0x2e  Code  Lc  igmp.o [1]
igmp_lookfor_group      0x080078e9    0x28  Code  Gb  igmp.o [1]
igmp_lookup_group       0x08007911    0x5a  Code  Lc  igmp.o [1]
igmp_report_groups      0x080078c7    0x22  Code  Gb  igmp.o [1]
igmp_send               0x08007b23    0x9c  Code  Lc  igmp.o [1]
igmp_start              0x0800788f    0x38  Code  Gb  igmp.o [1]
igmp_start_timer        0x08007aa1    0x24  Code  Lc  igmp.o [1]
igmp_timeout            0x08007a91    0x10  Code  Lc  igmp.o [1]
igmp_timer              0x08003f83    0x12  Code  Lc  timers.o [1]
igmp_tmr                0x08007a69    0x28  Code  Gb  igmp.o [1]
inet_chksum             0x0800bc71     0xe  Code  Gb  inet_chksum.o [1]
inet_chksum_pbuf        0x0800bc7f    0x56  Code  Gb  inet_chksum.o [1]
inseg                   0x2001bc24    0x10  Data  Lc  tcp_in.o [1]
ip4_addr_isbroadcast    0x08001f21    0x4c  Code  Gb  ip_addr.o [1]
ip_addr_any             0x08017614     0x4  Data  Gb  ip_addr.o [1]
ip_addr_broadcast       0x08017618     0x4  Data  Gb  ip_addr.o [1]
ip_id                   0x2001bdfc     0x2  Data  Lc  ip.o [1]
ip_input                0x080055bb   0x210  Code  Gb  ip.o [1]
ip_output               0x08005927    0x50  Code  Gb  ip.o [1]
ip_output_if            0x080057cb    0x26  Code  Gb  ip.o [1]
ip_output_if_opt        0x080057f1   0x136  Code  Gb  ip.o [1]
ip_route                0x08005569    0x52  Code  Gb  ip.o [1]
ipaddr_addr             0x08001f6d    0x16  Code  Gb  ip_addr.o [1]
ipaddr_aton             0x08001f83   0x164  Code  Gb  ip_addr.o [1]
iphdr                   0x2001bdc0     0x4  Data  Lc  tcp_in.o [1]
lmos                    0x08013a54    0x18  Data  Lc  xttotm.o [3]
localtime               0x08013285     0x4  Code  Gb  localtim_i.o [3]
low_level_input         0x08013511    0x4e  Code  Gb  ethernetif.o [1]
low_level_output        0x080134d1    0x40  Code  Gb  ethernetif.o [1]
lwIPInit                0x080130eb    0xe0  Code  Gb  lwip.o [1]
lwIPLocalIPAddrGet      0x08013245     0x6  Code  Gb  lwip.o [1]
lwIPNetworkConfigChange
                        0x080131cb    0x7a  Code  Gb  lwip.o [1]
lwip_htonl              0x080016e7    0x18  Code  Gb  def.o [1]
lwip_htons              0x080016d1     0xc  Code  Gb  def.o [1]
lwip_init               0x08011b95    0x24  Code  Gb  init.o [1]
lwip_ntohl              0x080016ff     0x8  Code  Gb  def.o [1]
lwip_ntohs              0x080016dd     0xa  Code  Gb  def.o [1]
lwip_sem                0x2001bb54    0x20  Data  Gb  lwip.o [1]
lwip_socket_init        0x08011bb9     0x2  Code  Gb  sockets.o [1]
lwip_standard_chksum    0x0800bc0d    0x64  Code  Lc  inet_chksum.o [1]
main                    0x080145dd    0x50  Code  Gb  mtfs30.o [1]
main_net                0x2001b998    0x40  Data  Gb  lwip.o [1]
malloc                  0x08008451    0xb6  Code  Gb  xxmemxmalloc.o [3]
mbox                    0x2001baec    0x28  Data  Lc  tcpip.o [1]
mem_init                0x08004635     0x2  Code  Gb  sys_arch.o [1]
memchr                  0x0800a799          Code  Gb  memchr.o [5]
memcpy                  0x08004823     0xe  Code  Gb  util_ringbuffer.o [1]
memp_free               0x08002ecb    0x44  Code  Gb  memp.o [1]
memp_init               0x08002e11    0x5a  Code  Gb  memp.o [1]
memp_malloc             0x08002e6b    0x60  Code  Gb  memp.o [1]
memp_memory             0x20006000  0x93a0  Data  Lc  memp.o [1]
memp_num                0x08016948    0x20  Data  Lc  memp.o [1]
memp_sizes              0x08016928    0x20  Data  Lc  memp.o [1]
memp_tab                0x2001b9d8    0x3c  Data  Lc  memp.o [1]
memset                  0x080059a5    0x14  Code  Gb  ut4b0_receiver.o [1]
mos                     0x08013a6c    0x18  Data  Lc  xttotm.o [3]
mtfs30_format_debug     0x0801075f    0x34  Code  Gb  mtfs30_debug.o [1]
mtfs30_init             0x08014699    0x10  Code  Lc  mtfs30.o [1]
mtfs30_net_debug        0x080114eb    0x76  Code  Gb  mtfs30_net_debug.o [1]
mtx                     0x2001bbb0    0x14  Data  Lc  xsyslock.o [3]
my_strtok               0x08010849    0x48  Code  Gb  util_string.o [1]
ndigs                   0x08013bd0    0x28  Data  Lc  xstoul.o [3]
net_debug_init          0x08011475    0x76  Code  Gb  mtfs30_net_debug.o [1]
net_debug_task          0x08011561    0xba  Code  Lc  mtfs30_net_debug.o [1]
netbuf_delete           0x0800f881    0x24  Code  Gb  netbuf.o [1]
netconn_alloc           0x0800ee55    0x90  Code  Gb  api_msg.o [1]
netconn_connect         0x080118e3    0x58  Code  Gb  api_lib.o [1]
netconn_delete          0x080118bb    0x28  Code  Gb  api_lib.o [1]
netconn_drain           0x0800ef5d    0xd0  Code  Lc  api_msg.o [1]
netconn_free            0x0800eee5    0x78  Code  Gb  api_msg.o [1]
netconn_new_with_proto_and_callback
                        0x080117fd    0xbe  Code  Gb  api_lib.o [1]
netconn_write           0x0801193b    0x76  Code  Gb  api_lib.o [1]
netif_add               0x0800b9d3    0x98  Code  Gb  netif.o [1]
netif_default           0x2001bd04     0x4  Data  Gb  netif.o [1]
netif_init              0x0800b9d1     0x2  Code  Gb  netif.o [1]
netif_list              0x2001bd00     0x4  Data  Gb  netif.o [1]
netif_set_addr          0x0800ba6b    0x20  Code  Gb  netif.o [1]
netif_set_default       0x0800bb0b     0x6  Code  Gb  netif.o [1]
netif_set_down          0x0800bb75    0x16  Code  Gb  netif.o [1]
netif_set_gw            0x0800baef     0xe  Code  Gb  netif.o [1]
netif_set_ipaddr        0x0800ba8b    0x64  Code  Gb  netif.o [1]
netif_set_link_callback
                        0x0800bc05     0x8  Code  Gb  netif.o [1]
netif_set_link_down     0x0800bbe3    0x22  Code  Gb  netif.o [1]
netif_set_link_up       0x0800bb8b    0x58  Code  Gb  netif.o [1]
netif_set_netmask       0x0800bafd     0xe  Code  Gb  netif.o [1]
netif_set_up            0x0800bb35    0x40  Code  Gb  netif.o [1]
next_timeout            0x2001bddc     0x4  Data  Lc  timers.o [1]
pbuf_alloc              0x08001729   0x26e  Code  Gb  pbuf.o [1]
pbuf_cat                0x08001c51    0x78  Code  Gb  pbuf.o [1]
pbuf_chain              0x08001cc9    0x12  Code  Gb  pbuf.o [1]
pbuf_clen               0x08001c25    0x12  Code  Gb  pbuf.o [1]
pbuf_copy               0x08001cdb   0x118  Code  Gb  pbuf.o [1]
pbuf_copy_partial       0x08001df3    0xb4  Code  Gb  pbuf.o [1]
pbuf_free               0x08001b5b    0xca  Code  Gb  pbuf.o [1]
pbuf_header             0x08001a87    0xd4  Code  Gb  pbuf.o [1]
pbuf_realloc            0x08001997    0xf0  Code  Gb  pbuf.o [1]
pbuf_ref                0x08001c37    0x1a  Code  Gb  pbuf.o [1]
pcb_new                 0x0800ed75    0xc0  Code  Lc  api_msg.o [1]
pcf8563_ByteToPbcd      0x08013289    0x1e  Code  Gb  PCF8563.o [1]
pcf8563_SetDateTime     0x08013421    0xb0  Code  Gb  PCF8563.o [1]
pgusart1_rb             0x2001bc40     0xc  Data  Gb  dev_usart.o [1]
poll_tcp                0x0800eb23    0x80  Code  Lc  api_msg.o [1]
printf                  0x080020f5    0x24  Code  Gb  printf.o [3]
putchar                 0x080163ad    0x28  Code  Gb  putchar.o [3]
pvNullPointer           0x080176cc     0x4  Data  Gb  sys_arch.o [1]
rand                    0x0800bcd5    0xc4  Code  Gb  rand.o [3]
raw_connect             0x0800b12f    0x10  Code  Gb  raw.o [1]
raw_input               0x0800b0a1    0x8e  Code  Gb  raw.o [1]
raw_new                 0x0800b181    0x2e  Code  Gb  raw.o [1]
raw_pcbs                0x2001bd88     0x4  Data  Lc  raw.o [1]
raw_recv                0x0800b13f     0x6  Code  Gb  raw.o [1]
raw_remove              0x0800b145    0x3c  Code  Gb  raw.o [1]
reConnect_config        0x080128b9     0xc  Code  Gb  bsp_eth.o [1]
realloc                 0x08008669    0xa4  Code  Gb  realloc.o [3]
recv_data               0x2001bdcc     0x4  Data  Lc  tcp_in.o [1]
recv_flags              0x2001be21     0x1  Data  Lc  tcp_in.o [1]
recv_raw                0x0800e8f9    0x9a  Code  Lc  api_msg.o [1]
recv_tcp                0x0800ea59    0xca  Code  Lc  api_msg.o [1]
recv_udp                0x0800e993    0xc6  Code  Lc  api_msg.o [1]
sent_tcp                0x0800eba3    0x80  Code  Lc  api_msg.o [1]
seqno                   0x2001bdc4     0x4  Data  Lc  tcp_in.o [1]
setup_tcp               0x0800ed3d    0x38  Code  Lc  api_msg.o [1]
sntp_dns_found          0x08012f13    0x16  Code  Lc  sntp.o [1]
sntp_init               0x08012f93    0x4c  Code  Gb  sntp.o [1]
sntp_initialize_request
                        0x08012dd3    0x14  Code  Lc  sntp.o [1]
sntp_pcb                0x2001bd90     0x4  Data  Lc  sntp.o [1]
sntp_process            0x08012dc1    0x12  Code  Lc  sntp.o [1]
sntp_recv               0x08012e13    0xa4  Code  Lc  sntp.o [1]
sntp_request            0x08012f29    0x6a  Code  Lc  sntp.o [1]
sntp_retry              0x08012de7    0x2c  Code  Lc  sntp.o [1]
sntp_retry_timeout      0x2001bd94     0x4  Data  Lc  sntp.o [1]
sntp_send_request       0x08012eb7    0x5c  Code  Lc  sntp.o [1]
sntp_stop               0x08012fdf    0x2a  Code  Gb  sntp.o [1]
sprintf                 0x08010949    0x34  Code  Gb  sprintf.o [3]
str16_to_int32u         0x08010891    0x42  Code  Gb  util_string.o [1]
str_to_int32u           0x08010819    0x30  Code  Gb  util_string.o [1]
strchr                  0x0800a749          Code  Gb  strchr.o [5]
strcmp                  0x080091d9          Code  Gb  strcmp.o [5]
strcpy                  0x080103fd          Code  Gb  strcpy.o [5]
strcspn                 0x08011451    0x22  Code  Gb  strcspn.o [3]
strlen                  0x0800a761          Code  Gb  strlen.o [5]
strncmp                 0x0801072d    0x2a  Code  Gb  strncmp.o [3]
strncpy                 0x080108d5          Code  Gb  strncpy.o [5]
strspn                  0x0801142f    0x22  Code  Gb  strspn.o [3]
strtok                  0x080106e1    0x4c  Code  Gb  strtok.o [3]
sys_arch_mbox_fetch     0x080044c5    0x4a  Code  Gb  sys_arch.o [1]
sys_arch_protect        0x08004801    0x12  Code  Gb  sys_arch.o [1]
sys_arch_sem_wait       0x08004579    0x44  Code  Gb  sys_arch.o [1]
sys_arch_unprotect      0x08004813    0x10  Code  Gb  sys_arch.o [1]
sys_init                0x08004637    0x3a  Code  Gb  sys_arch.o [1]
sys_mbox_free           0x080043fd    0x4a  Code  Gb  sys_arch.o [1]
sys_mbox_new            0x080043c1    0x3c  Code  Gb  sys_arch.o [1]
sys_mbox_post           0x08004447    0x54  Code  Gb  sys_arch.o [1]
sys_mbox_set_invalid    0x0800452f    0x16  Code  Gb  sys_arch.o [1]
sys_mbox_trypost        0x0800449b    0x2a  Code  Gb  sys_arch.o [1]
sys_mbox_valid          0x0800450f    0x20  Code  Gb  sys_arch.o [1]
sys_sem_free            0x080045df    0x20  Code  Gb  sys_arch.o [1]
sys_sem_new             0x08004545    0x34  Code  Gb  sys_arch.o [1]
sys_sem_set_invalid     0x0800461f    0x16  Code  Gb  sys_arch.o [1]
sys_sem_signal          0x080045bd    0x22  Code  Gb  sys_arch.o [1]
sys_sem_valid           0x080045ff    0x20  Code  Gb  sys_arch.o [1]
sys_thread_new          0x08004671   0x134  Code  Gb  sys_arch.o [1]
sys_timeout             0x08003fe7    0x8c  Code  Gb  timers.o [1]
sys_timeouts_init       0x08003fa9    0x3e  Code  Gb  timers.o [1]
sys_timeouts_mbox_fetch
                        0x080040cb    0x82  Code  Gb  timers.o [1]
sys_untimeout           0x08004073    0x58  Code  Gb  timers.o [1]
syslock_o               0x2001bbac     0x4  Data  Lc  xsyslock.o [3]
tcp_abandon             0x0800237d    0xb8  Code  Gb  tcp.o [1]
tcp_abort               0x08002435     0xa  Code  Gb  tcp.o [1]
tcp_accept              0x08002c79     0x4  Code  Gb  tcp.o [1]
tcp_active_pcbs         0x2001bdb0     0x4  Data  Gb  tcp.o [1]
tcp_alloc               0x08002b81    0xc4  Code  Gb  tcp.o [1]
tcp_arg                 0x08002c63     0x4  Code  Gb  tcp.o [1]
tcp_backoff             0x08017320    0x10  Data  Gb  tcp.o [1]
tcp_bound_pcbs          0x2001bda8     0x4  Data  Gb  tcp.o [1]
tcp_close               0x08002311    0x1c  Code  Gb  tcp.o [1]
tcp_close_shutdown      0x08002137   0x1da  Code  Lc  tcp.o [1]
tcp_connect             0x0800255b   0x144  Code  Gb  tcp.o [1]
tcp_create_segment      0x0800301d    0xca  Code  Lc  tcp_out.o [1]
tcp_eff_send_mss        0x08002d83    0x28  Code  Gb  tcp.o [1]
tcp_enqueue_flags       0x08003701   0x1aa  Code  Gb  tcp_out.o [1]
tcp_err                 0x08002c73     0x6  Code  Gb  tcp.o [1]
tcp_fasttmr             0x08002a1d    0x80  Code  Gb  tcp.o [1]
tcp_input               0x08000185   0x576  Code  Gb  tcp_in.o [1]
tcp_input_pcb           0x2001bdd0     0x4  Data  Gb  tcp_in.o [1]
tcp_keepalive           0x08003dff    0x3c  Code  Gb  tcp_out.o [1]
tcp_kill_prio           0x08002af3    0x48  Code  Lc  tcp.o [1]
tcp_kill_timewait       0x08002b3b    0x32  Code  Lc  tcp.o [1]
tcp_listen_input        0x080006fb   0x116  Code  Lc  tcp_in.o [1]
tcp_listen_pcbs         0x2001bdac     0x4  Data  Gb  tcp.o [1]
tcp_new                 0x08002c59     0xa  Code  Gb  tcp.o [1]
tcp_new_port            0x08002507    0x54  Code  Lc  tcp.o [1]
tcp_next_iss            0x08002d6f    0x14  Code  Gb  tcp.o [1]
tcp_output              0x080038ff   0x222  Code  Gb  tcp_out.o [1]
tcp_output_alloc_header
                        0x08002f35    0xa6  Code  Lc  tcp_out.o [1]
tcp_output_segment      0x08003b21    0xd2  Code  Lc  tcp_out.o [1]
tcp_parseopt            0x080015cd    0xb0  Code  Lc  tcp_in.o [1]
tcp_pbuf_prealloc       0x080030e7    0x8c  Code  Lc  tcp_out.o [1]
tcp_pcb_lists           0x08017330    0x10  Data  Gb  tcp.o [1]
tcp_pcb_purge           0x08002c87    0x46  Code  Gb  tcp.o [1]
tcp_pcb_remove          0x08002ccd    0xa2  Code  Gb  tcp.o [1]
tcp_persist_backoff     0x08017570     0x8  Data  Gb  tcp.o [1]
tcp_poll                0x08002c7d     0xa  Code  Gb  tcp.o [1]
tcp_process             0x080008b9   0x56c  Code  Lc  tcp_in.o [1]
tcp_receive             0x08000e8d   0x73a  Code  Lc  tcp_in.o [1]
tcp_recv                0x08002c67     0x6  Code  Gb  tcp.o [1]
tcp_recv_null           0x08002acd    0x26  Code  Gb  tcp.o [1]
tcp_recved              0x080024a7    0x60  Code  Gb  tcp.o [1]
tcp_rexmit              0x08003d39    0x4e  Code  Gb  tcp_out.o [1]
tcp_rexmit_fast         0x08003d87    0x78  Code  Gb  tcp_out.o [1]
tcp_rexmit_rto          0x08003d05    0x34  Code  Gb  tcp_out.o [1]
tcp_rst                 0x08003bfd    0xa8  Code  Gb  tcp_out.o [1]
tcp_seg_free            0x08002aaf    0x1e  Code  Gb  tcp.o [1]
tcp_segs_free           0x08002a9d    0x12  Code  Gb  tcp.o [1]
tcp_send_empty_ack      0x080038ab    0x54  Code  Gb  tcp_out.o [1]
tcp_send_fin            0x08002fdb    0x42  Code  Gb  tcp_out.o [1]
tcp_sent                0x08002c6d     0x6  Code  Gb  tcp.o [1]
tcp_shutdown            0x0800232d    0x50  Code  Gb  tcp.o [1]
tcp_slowtmr             0x0800269f   0x37e  Code  Gb  tcp.o [1]
tcp_ticks               0x2001bda4     0x4  Data  Gb  tcp.o [1]
tcp_timer               0x2001be1f     0x1  Data  Lc  tcp.o [1]
tcp_timer_needed        0x08003f1b    0x2c  Code  Gb  timers.o [1]
tcp_timewait_input      0x08000811    0xa8  Code  Lc  tcp_in.o [1]
tcp_tmp_pcb             0x2001bdb8     0x4  Data  Gb  tcp.o [1]
tcp_tmr                 0x08002119    0x1e  Code  Gb  tcp.o [1]
tcp_tw_pcbs             0x2001bdb4     0x4  Data  Gb  tcp.o [1]
tcp_update_rcv_ann_wnd  0x0800243f    0x68  Code  Gb  tcp.o [1]
tcp_write               0x0800322d   0x4d4  Code  Gb  tcp_out.o [1]
tcp_write_checks        0x08003173    0xba  Code  Lc  tcp_out.o [1]
tcp_zero_window_probe   0x08003e3b    0xb6  Code  Gb  tcp_out.o [1]
tcphdr                  0x2001bdbc     0x4  Data  Lc  tcp_in.o [1]
tcpip_apimsg            0x08011af9    0x38  Code  Gb  tcpip.o [1]
tcpip_init              0x08011b31    0x40  Code  Gb  tcpip.o [1]
tcpip_init_done         0x2001bdd4     0x4  Data  Lc  tcpip.o [1]
tcpip_init_done_arg     0x2001bdd8     0x4  Data  Lc  tcpip.o [1]
tcpip_input             0x08011aab    0x4e  Code  Gb  tcpip.o [1]
tcpip_tcp_timer         0x08003ef1    0x2a  Code  Lc  timers.o [1]
tcpip_tcp_timer_active  0x2001bde0     0x4  Data  Lc  timers.o [1]
tcpip_thread            0x080119e5    0xc6  Code  Lc  tcpip.o [1]
tcplen                  0x2001be10     0x2  Data  Lc  tcp_in.o [1]
udp_bind                0x0800b56f    0xb6  Code  Gb  udp.o [1]
udp_connect             0x0800b625    0x5a  Code  Gb  udp.o [1]
udp_input               0x0800b1bd   0x252  Code  Gb  udp.o [1]
udp_new                 0x0800b6e9    0x20  Code  Gb  udp.o [1]
udp_pcbs                0x2001bde4     0x4  Data  Gb  udp.o [1]
udp_recv                0x0800b67f     0x6  Code  Gb  udp.o [1]
udp_remove              0x0800b685    0x3c  Code  Gb  udp.o [1]
udp_sendto              0x0800b40f    0x3c  Code  Gb  udp.o [1]
udp_sendto_if           0x0800b44b   0x124  Code  Gb  udp.o [1]
unix_time               0x2001ba44    0x2c  Data  Lc  sntp.o [1]
update_arp_entry        0x08005d4f    0xda  Code  Lc  etharp.o [1]
usart_send              0x08010679    0x3e  Code  Gb  dev_usart.o [1]
ut4b0_1pps_msg_parse    0x08010239    0x94  Code  Lc  ut4b0_receiver.o [1]
ut4b0_check_cmdhandler  0x0800fc0f    0x54  Code  Lc  ut4b0_receiver.o [1]
ut4b0_checkcode_compare
                        0x0800fbd3    0x3c  Code  Lc  ut4b0_receiver.o [1]
ut4b0_cmdhandle         0x2001beb0    0x70  Data  Lc  ut4b0_receiver.o [1]
ut4b0_gal_utc_msg_parse
                        0x0800ffe1    0xe2  Code  Lc  ut4b0_receiver.o [1]
ut4b0_gga_msg_parse     0x0800fc63    0xc0  Code  Lc  ut4b0_receiver.o [1]
ut4b0_gpsbds_utc_msg_parse
                        0x0800feb9   0x128  Code  Lc  ut4b0_receiver.o [1]
ut4b0_gsv_msg_parse     0x0800fd2d   0x18c  Code  Lc  ut4b0_receiver.o [1]
ut4b0_receiver_acmode_set
                        0x0800f99b    0xee  Code  Gb  ut4b0_receiver.o [1]
ut4b0_receiver_init     0x0800f8a5    0x56  Code  Gb  ut4b0_receiver.o [1]
ut4b0_receiver_msg_parser
                        0x0800fa8d   0x146  Code  Gb  ut4b0_receiver.o [1]
ut4b0_receiver_msg_set  0x0800f8fb    0xa0  Code  Gb  ut4b0_receiver.o [1]
ut4b0_receiver_pps_set  0x080102cd    0x4c  Code  Gb  ut4b0_receiver.o [1]
util_check_crc32        0x080107bd    0x1c  Code  Gb  util_check.o [1]
util_crc32              0x08010795    0x24  Code  Gb  util_check.o [1]
util_ringbuffer_create  0x080112c9    0x2c  Code  Gb  util_ringbuffer.o [1]
util_ringbuffer_no_use  0x08011317     0xe  Code  Gb  util_ringbuffer.o [1]
util_ringbuffer_read    0x08011325    0x80  Code  Gb  util_ringbuffer.o [1]
util_ringbuffer_used    0x080112fd    0x1a  Code  Gb  util_ringbuffer.o [1]
util_ringbuffer_write   0x080113a5    0x8a  Code  Gb  util_ringbuffer.o [1]
util_xor                0x080107d9    0x1e  Code  Gb  util_check.o [1]
util_xor_check          0x080107f7    0x22  Code  Gb  util_check.o [1]
vsnprintf               0x08011651    0x3c  Code  Gb  vsnprint.o [3]


[1] = F:\Project\MTFS30\MTFS30_20180914_01 - 副本\MTFS30_20180820\SOFTWARE\Debug\Obj
[2] = command line
[3] = dl7M_tln.a
[4] = m7M_tl.a
[5] = rt7M_tl.a
[6] = shb_l.a

   82 420 bytes of readonly  code memory
   13 767 bytes of readonly  data memory
  135 610 bytes of readwrite data memory

Errors: none
Warnings: none
